2025-12-29T00:58:01.7707958Z Current runner version: '2.330.0'
2025-12-29T00:58:01.7733484Z ##[group]Runner Image Provisioner
2025-12-29T00:58:01.7734333Z Hosted Compute Agent
2025-12-29T00:58:01.7734949Z Version: 20251211.462
2025-12-29T00:58:01.7735576Z Commit: 6cbad8c2bb55d58165063d031ccabf57e2d2db61
2025-12-29T00:58:01.7736225Z Build Date: 2025-12-11T16:28:49Z
2025-12-29T00:58:01.7736903Z Worker ID: {310e9aa1-05cf-4c2e-b73b-a6f41e52e479}
2025-12-29T00:58:01.7737756Z ##[endgroup]
2025-12-29T00:58:01.7738273Z ##[group]Operating System
2025-12-29T00:58:01.7738778Z Ubuntu
2025-12-29T00:58:01.7739331Z 24.04.3
2025-12-29T00:58:01.7739751Z LTS
2025-12-29T00:58:01.7740178Z ##[endgroup]
2025-12-29T00:58:01.7740760Z ##[group]Runner Image
2025-12-29T00:58:01.7741261Z Image: ubuntu-24.04
2025-12-29T00:58:01.7741745Z Version: 20251215.174.1
2025-12-29T00:58:01.7742773Z Included Software: https://github.com/actions/runner-images/blob/ubuntu24/20251215.174/images/ubuntu/Ubuntu2404-Readme.md
2025-12-29T00:58:01.7744286Z Image Release: https://github.com/actions/runner-images/releases/tag/ubuntu24%2F20251215.174
2025-12-29T00:58:01.7745326Z ##[endgroup]
2025-12-29T00:58:01.7748242Z ##[group]GITHUB_TOKEN Permissions
2025-12-29T00:58:01.7750365Z Actions: write
2025-12-29T00:58:01.7750920Z ArtifactMetadata: write
2025-12-29T00:58:01.7751442Z Attestations: write
2025-12-29T00:58:01.7752062Z Checks: write
2025-12-29T00:58:01.7752512Z Contents: write
2025-12-29T00:58:01.7753014Z Deployments: write
2025-12-29T00:58:01.7753530Z Discussions: write
2025-12-29T00:58:01.7754041Z Issues: write
2025-12-29T00:58:01.7754487Z Metadata: read
2025-12-29T00:58:01.7755043Z Models: read
2025-12-29T00:58:01.7755547Z Packages: write
2025-12-29T00:58:01.7756008Z Pages: write
2025-12-29T00:58:01.7756531Z PullRequests: write
2025-12-29T00:58:01.7757398Z RepositoryProjects: write
2025-12-29T00:58:01.7758051Z SecurityEvents: write
2025-12-29T00:58:01.7758521Z Statuses: write
2025-12-29T00:58:01.7759147Z ##[endgroup]
2025-12-29T00:58:01.7761260Z Secret source: Actions
2025-12-29T00:58:01.7762290Z Prepare workflow directory
2025-12-29T00:58:01.8106221Z Prepare all required actions
2025-12-29T00:58:01.8145171Z Getting action download info
2025-12-29T00:58:02.1958517Z Download action repository 'actions/checkout@v4' (SHA:34e114876b0b11c390a56381ad16ebd13914f8d5)
2025-12-29T00:58:02.4737934Z Download action repository 'actions/setup-python@v5' (SHA:a26af69be951a213d495a4c3e4e4022e16d87065)
2025-12-29T00:58:02.5826084Z Download action repository 'actions/upload-artifact@v4' (SHA:ea165f8d65b6e75b540449e92b4886f43607fa02)
2025-12-29T00:58:02.8220008Z Complete job name: Build source distribution
2025-12-29T00:58:02.9024915Z ##[group]Run actions/checkout@v4
2025-12-29T00:58:02.9025970Z with:
2025-12-29T00:58:02.9026463Z   repository: worm-portal/pychnosz
2025-12-29T00:58:02.9027660Z   token: ***
2025-12-29T00:58:02.9028138Z   ssh-strict: true
2025-12-29T00:58:02.9028627Z   ssh-user: git
2025-12-29T00:58:02.9029154Z   persist-credentials: true
2025-12-29T00:58:02.9029751Z   clean: true
2025-12-29T00:58:02.9030298Z   sparse-checkout-cone-mode: true
2025-12-29T00:58:02.9030979Z   fetch-depth: 1
2025-12-29T00:58:02.9031483Z   fetch-tags: false
2025-12-29T00:58:02.9032013Z   show-progress: true
2025-12-29T00:58:02.9032526Z   lfs: false
2025-12-29T00:58:02.9032976Z   submodules: false
2025-12-29T00:58:02.9033501Z   set-safe-directory: true
2025-12-29T00:58:02.9034345Z ##[endgroup]
2025-12-29T00:58:03.0193256Z Syncing repository: worm-portal/pychnosz
2025-12-29T00:58:03.0196694Z ##[group]Getting Git version info
2025-12-29T00:58:03.0198659Z Working directory is '/home/runner/work/pychnosz/pychnosz'
2025-12-29T00:58:03.0201268Z [command]/usr/bin/git version
2025-12-29T00:58:03.0294052Z git version 2.52.0
2025-12-29T00:58:03.0326098Z ##[endgroup]
2025-12-29T00:58:03.0343913Z Temporarily overriding HOME='/home/runner/work/_temp/c55c6208-c353-44e8-b4aa-27ed04426220' before making global git config changes
2025-12-29T00:58:03.0348268Z Adding repository directory to the temporary git global config as a safe directory
2025-12-29T00:58:03.0359563Z [command]/usr/bin/git config --global --add safe.directory /home/runner/work/pychnosz/pychnosz
2025-12-29T00:58:03.0408145Z Deleting the contents of '/home/runner/work/pychnosz/pychnosz'
2025-12-29T00:58:03.0412080Z ##[group]Initializing the repository
2025-12-29T00:58:03.0417528Z [command]/usr/bin/git init /home/runner/work/pychnosz/pychnosz
2025-12-29T00:58:03.0553450Z hint: Using 'master' as the name for the initial branch. This default branch name
2025-12-29T00:58:03.0555214Z hint: will change to "main" in Git 3.0. To configure the initial branch name
2025-12-29T00:58:03.0557420Z hint: to use in all of your new repositories, which will suppress this warning,
2025-12-29T00:58:03.0558942Z hint: call:
2025-12-29T00:58:03.0559698Z hint:
2025-12-29T00:58:03.0560813Z hint: 	git config --global init.defaultBranch <name>
2025-12-29T00:58:03.0562302Z hint:
2025-12-29T00:58:03.0563661Z hint: Names commonly chosen instead of 'master' are 'main', 'trunk' and
2025-12-29T00:58:03.0566242Z hint: 'development'. The just-created branch can be renamed via this command:
2025-12-29T00:58:03.0568371Z hint:
2025-12-29T00:58:03.0569106Z hint: 	git branch -m <name>
2025-12-29T00:58:03.0570089Z hint:
2025-12-29T00:58:03.0571633Z hint: Disable this message with "git config set advice.defaultBranchName false"
2025-12-29T00:58:03.0574546Z Initialized empty Git repository in /home/runner/work/pychnosz/pychnosz/.git/
2025-12-29T00:58:03.0578845Z [command]/usr/bin/git remote add origin https://github.com/worm-portal/pychnosz
2025-12-29T00:58:03.0612715Z ##[endgroup]
2025-12-29T00:58:03.0614322Z ##[group]Disabling automatic garbage collection
2025-12-29T00:58:03.0618038Z [command]/usr/bin/git config --local gc.auto 0
2025-12-29T00:58:03.0649672Z ##[endgroup]
2025-12-29T00:58:03.0651195Z ##[group]Setting up auth
2025-12-29T00:58:03.0658075Z [command]/usr/bin/git config --local --name-only --get-regexp core\.sshCommand
2025-12-29T00:58:03.0692017Z [command]/usr/bin/git submodule foreach --recursive sh -c "git config --local --name-only --get-regexp 'core\.sshCommand' && git config --local --unset-all 'core.sshCommand' || :"
2025-12-29T00:58:03.1056270Z [command]/usr/bin/git config --local --name-only --get-regexp http\.https\:\/\/github\.com\/\.extraheader
2025-12-29T00:58:03.1091443Z [command]/usr/bin/git submodule foreach --recursive sh -c "git config --local --name-only --get-regexp 'http\.https\:\/\/github\.com\/\.extraheader' && git config --local --unset-all 'http.https://github.com/.extraheader' || :"
2025-12-29T00:58:03.1320234Z [command]/usr/bin/git config --local --name-only --get-regexp ^includeIf\.gitdir:
2025-12-29T00:58:03.1353740Z [command]/usr/bin/git submodule foreach --recursive git config --local --show-origin --name-only --get-regexp remote.origin.url
2025-12-29T00:58:03.1592536Z [command]/usr/bin/git config --local http.https://github.com/.extraheader AUTHORIZATION: basic ***
2025-12-29T00:58:03.1629401Z ##[endgroup]
2025-12-29T00:58:03.1631068Z ##[group]Fetching the repository
2025-12-29T00:58:03.1641021Z [command]/usr/bin/git -c protocol.version=2 fetch --no-tags --prune --no-recurse-submodules --depth=1 origin +e4cddf586dd1ac67f57348a0fbd1a8a9c293c930:refs/remotes/origin/master
2025-12-29T00:58:03.6526980Z From https://github.com/worm-portal/pychnosz
2025-12-29T00:58:03.6529368Z  * [new ref]         e4cddf586dd1ac67f57348a0fbd1a8a9c293c930 -> origin/master
2025-12-29T00:58:03.6565580Z ##[endgroup]
2025-12-29T00:58:03.6567732Z ##[group]Determining the checkout info
2025-12-29T00:58:03.6570088Z ##[endgroup]
2025-12-29T00:58:03.6572153Z [command]/usr/bin/git sparse-checkout disable
2025-12-29T00:58:03.6630206Z [command]/usr/bin/git config --local --unset-all extensions.worktreeConfig
2025-12-29T00:58:03.6658329Z ##[group]Checking out the ref
2025-12-29T00:58:03.6661579Z [command]/usr/bin/git checkout --progress --force -B master refs/remotes/origin/master
2025-12-29T00:58:03.7014616Z Reset branch 'master'
2025-12-29T00:58:03.7017004Z branch 'master' set up to track 'origin/master'.
2025-12-29T00:58:03.7027588Z ##[endgroup]
2025-12-29T00:58:03.7064675Z [command]/usr/bin/git log -1 --format=%H
2025-12-29T00:58:03.7088414Z e4cddf586dd1ac67f57348a0fbd1a8a9c293c930
2025-12-29T00:58:03.7401274Z ##[group]Run actions/setup-python@v5
2025-12-29T00:58:03.7402375Z with:
2025-12-29T00:58:03.7403170Z   python-version: 3.11
2025-12-29T00:58:03.7404083Z   check-latest: false
2025-12-29T00:58:03.7405230Z   token: ***
2025-12-29T00:58:03.7406077Z   update-environment: true
2025-12-29T00:58:03.7407083Z   allow-prereleases: false
2025-12-29T00:58:03.7408214Z   freethreaded: false
2025-12-29T00:58:03.7409085Z ##[endgroup]
2025-12-29T00:58:03.9242790Z ##[group]Installed versions
2025-12-29T00:58:03.9362035Z Successfully set up CPython (3.11.14)
2025-12-29T00:58:03.9365102Z ##[endgroup]
2025-12-29T00:58:03.9524657Z ##[group]Run python -m pip install build
2025-12-29T00:58:03.9525878Z [36;1mpython -m pip install build[0m
2025-12-29T00:58:03.9712647Z shell: /usr/bin/bash -e {0}
2025-12-29T00:58:03.9713580Z env:
2025-12-29T00:58:03.9714561Z   pythonLocation: /opt/hostedtoolcache/Python/3.11.14/x64
2025-12-29T00:58:03.9716129Z   PKG_CONFIG_PATH: /opt/hostedtoolcache/Python/3.11.14/x64/lib/pkgconfig
2025-12-29T00:58:03.9717863Z   Python_ROOT_DIR: /opt/hostedtoolcache/Python/3.11.14/x64
2025-12-29T00:58:03.9719284Z   Python2_ROOT_DIR: /opt/hostedtoolcache/Python/3.11.14/x64
2025-12-29T00:58:03.9720695Z   Python3_ROOT_DIR: /opt/hostedtoolcache/Python/3.11.14/x64
2025-12-29T00:58:03.9722135Z   LD_LIBRARY_PATH: /opt/hostedtoolcache/Python/3.11.14/x64/lib
2025-12-29T00:58:03.9723335Z ##[endgroup]
2025-12-29T00:58:06.4907375Z Collecting build
2025-12-29T00:58:06.5786200Z   Downloading build-1.3.0-py3-none-any.whl.metadata (5.6 kB)
2025-12-29T00:58:06.6170079Z Collecting packaging>=19.1 (from build)
2025-12-29T00:58:06.6336991Z   Downloading packaging-25.0-py3-none-any.whl.metadata (3.3 kB)
2025-12-29T00:58:06.6598709Z Collecting pyproject_hooks (from build)
2025-12-29T00:58:06.6738624Z   Downloading pyproject_hooks-1.2.0-py3-none-any.whl.metadata (1.3 kB)
2025-12-29T00:58:06.6938424Z Downloading build-1.3.0-py3-none-any.whl (23 kB)
2025-12-29T00:58:06.7172608Z Downloading packaging-25.0-py3-none-any.whl (66 kB)
2025-12-29T00:58:06.7565861Z Downloading pyproject_hooks-1.2.0-py3-none-any.whl (10 kB)
2025-12-29T00:58:06.7899594Z Installing collected packages: pyproject_hooks, packaging, build
2025-12-29T00:58:06.8598507Z 
2025-12-29T00:58:06.8608194Z Successfully installed build-1.3.0 packaging-25.0 pyproject_hooks-1.2.0
2025-12-29T00:58:07.0545708Z ##[group]Run python -m build --sdist
2025-12-29T00:58:07.0546079Z [36;1mpython -m build --sdist[0m
2025-12-29T00:58:07.0580272Z shell: /usr/bin/bash -e {0}
2025-12-29T00:58:07.0580565Z env:
2025-12-29T00:58:07.0580823Z   pythonLocation: /opt/hostedtoolcache/Python/3.11.14/x64
2025-12-29T00:58:07.0581238Z   PKG_CONFIG_PATH: /opt/hostedtoolcache/Python/3.11.14/x64/lib/pkgconfig
2025-12-29T00:58:07.0581648Z   Python_ROOT_DIR: /opt/hostedtoolcache/Python/3.11.14/x64
2025-12-29T00:58:07.0582000Z   Python2_ROOT_DIR: /opt/hostedtoolcache/Python/3.11.14/x64
2025-12-29T00:58:07.0582379Z   Python3_ROOT_DIR: /opt/hostedtoolcache/Python/3.11.14/x64
2025-12-29T00:58:07.0582735Z   LD_LIBRARY_PATH: /opt/hostedtoolcache/Python/3.11.14/x64/lib
2025-12-29T00:58:07.0583043Z ##[endgroup]
2025-12-29T00:58:07.1565816Z * Creating isolated environment: venv+pip...
2025-12-29T00:58:07.2240500Z * Installing packages in isolated environment:
2025-12-29T00:58:09.6156057Z   - setuptools>=61.0
2025-12-29T00:58:09.6156964Z   - wheel
2025-12-29T00:58:09.6157746Z * Getting build dependencies for sdist...
2025-12-29T00:58:10.0163169Z /tmp/build-env-8ai0fe3g/lib/python3.11/site-packages/setuptools/config/_apply_pyprojecttoml.py:82: SetuptoolsDeprecationWarning: `project.license` as a TOML table is deprecated
2025-12-29T00:58:10.0164573Z !!
2025-12-29T00:58:10.0164754Z 
2025-12-29T00:58:10.0164995Z         ********************************************************************************
2025-12-29T00:58:10.0166337Z         Please use a simple string containing a SPDX expression for `project.license`. You can also use `project.license-files`. (Both options available on setuptools>=77.0.0).
2025-12-29T00:58:10.0167740Z 
2025-12-29T00:58:10.0167951Z         By 2026-Feb-18, you need to update your project and remove deprecated calls
2025-12-29T00:58:10.0168382Z         or your builds will no longer be supported.
2025-12-29T00:58:10.0168589Z 
2025-12-29T00:58:10.0168928Z         See https://packaging.python.org/en/latest/guides/writing-pyproject-toml/#license for details.
2025-12-29T00:58:10.0169482Z         ********************************************************************************
2025-12-29T00:58:10.0169712Z 
2025-12-29T00:58:10.0169818Z !!
2025-12-29T00:58:10.0169998Z   corresp(dist, value, root_dir)
2025-12-29T00:58:10.1206602Z /tmp/build-env-8ai0fe3g/lib/python3.11/site-packages/setuptools/config/_apply_pyprojecttoml.py:61: SetuptoolsDeprecationWarning: License classifiers are deprecated.
2025-12-29T00:58:10.1207732Z !!
2025-12-29T00:58:10.1207898Z 
2025-12-29T00:58:10.1208063Z         ********************************************************************************
2025-12-29T00:58:10.1208720Z         Please consider removing the following classifiers in favor of a SPDX license expression:
2025-12-29T00:58:10.1209169Z 
2025-12-29T00:58:10.1209411Z         License :: OSI Approved :: MIT License
2025-12-29T00:58:10.1209644Z 
2025-12-29T00:58:10.1210041Z         See https://packaging.python.org/en/latest/guides/writing-pyproject-toml/#license for details.
2025-12-29T00:58:10.1211031Z         ********************************************************************************
2025-12-29T00:58:10.1211530Z 
2025-12-29T00:58:10.1211629Z !!
2025-12-29T00:58:10.1211875Z   dist._finalize_license_expression()
2025-12-29T00:58:10.1212719Z /tmp/build-env-8ai0fe3g/lib/python3.11/site-packages/setuptools/dist.py:759: SetuptoolsDeprecationWarning: License classifiers are deprecated.
2025-12-29T00:58:10.1213467Z !!
2025-12-29T00:58:10.1213633Z 
2025-12-29T00:58:10.1213801Z         ********************************************************************************
2025-12-29T00:58:10.1214397Z         Please consider removing the following classifiers in favor of a SPDX license expression:
2025-12-29T00:58:10.1214839Z 
2025-12-29T00:58:10.1214988Z         License :: OSI Approved :: MIT License
2025-12-29T00:58:10.1215219Z 
2025-12-29T00:58:10.1215931Z         See https://packaging.python.org/en/latest/guides/writing-pyproject-toml/#license for details.
2025-12-29T00:58:10.1216605Z         ********************************************************************************
2025-12-29T00:58:10.1216893Z 
2025-12-29T00:58:10.1216976Z !!
2025-12-29T00:58:10.1217397Z   self._finalize_license_expression()
2025-12-29T00:58:10.1226297Z running egg_info
2025-12-29T00:58:10.1240257Z creating pychnosz.egg-info
2025-12-29T00:58:10.1242004Z writing pychnosz.egg-info/PKG-INFO
2025-12-29T00:58:10.1258761Z writing dependency_links to pychnosz.egg-info/dependency_links.txt
2025-12-29T00:58:10.1267465Z writing requirements to pychnosz.egg-info/requires.txt
2025-12-29T00:58:10.1268660Z writing top-level names to pychnosz.egg-info/top_level.txt
2025-12-29T00:58:10.1270796Z writing manifest file 'pychnosz.egg-info/SOURCES.txt'
2025-12-29T00:58:10.1421515Z reading manifest file 'pychnosz.egg-info/SOURCES.txt'
2025-12-29T00:58:10.1423695Z reading manifest template 'MANIFEST.in'
2025-12-29T00:58:10.1442963Z warning: no files found matching '*.css' under directory 'html'
2025-12-29T00:58:10.1450145Z warning: no files found matching '*.js' under directory 'html'
2025-12-29T00:58:10.1475923Z warning: no files found matching '*.csv.gz' under directory 'pychnosz/data/extdata'
2025-12-29T00:58:10.1497500Z warning: no files found matching '*.json' under directory 'pychnosz/data/extdata'
2025-12-29T00:58:10.1525410Z warning: no files found matching '*.csv.gz' under directory 'pychnosz/data'
2025-12-29T00:58:10.1537457Z warning: no files found matching '*.json' under directory 'pychnosz/data'
2025-12-29T00:58:10.1540458Z warning: no files found matching '*.f' under directory 'pychnosz/data/extdata/src'
2025-12-29T00:58:10.1542391Z warning: no files found matching '*.f90' under directory 'pychnosz/data/extdata/src'
2025-12-29T00:58:10.1544838Z warning: no files found matching '*.for' under directory 'pychnosz/data/extdata/src'
2025-12-29T00:58:10.1548973Z no previously-included directories found matching 'test'
2025-12-29T00:58:10.1552542Z warning: no previously-included files matching '*.pyc' found anywhere in distribution
2025-12-29T00:58:10.1556041Z warning: no previously-included files matching '*.pyo' found anywhere in distribution
2025-12-29T00:58:10.1559690Z warning: no previously-included files matching '*.pyd' found anywhere in distribution
2025-12-29T00:58:10.1562947Z warning: no previously-included files matching '__pycache__' found anywhere in distribution
2025-12-29T00:58:10.1566183Z warning: no previously-included files matching '.pytest_cache' found anywhere in distribution
2025-12-29T00:58:10.1569720Z warning: no previously-included files matching '.ipynb_checkpoints' found anywhere in distribution
2025-12-29T00:58:10.1573049Z warning: no previously-included files matching '*~' found anywhere in distribution
2025-12-29T00:58:10.1576448Z warning: no previously-included files matching '*.swp' found anywhere in distribution
2025-12-29T00:58:10.1579800Z warning: no previously-included files matching '.DS_Store' found anywhere in distribution
2025-12-29T00:58:10.1580589Z adding license file 'LICENSE.txt'
2025-12-29T00:58:10.1601735Z writing manifest file 'pychnosz.egg-info/SOURCES.txt'
2025-12-29T00:58:10.1909066Z * Building sdist...
2025-12-29T00:58:10.3192922Z /tmp/build-env-8ai0fe3g/lib/python3.11/site-packages/setuptools/config/_apply_pyprojecttoml.py:82: SetuptoolsDeprecationWarning: `project.license` as a TOML table is deprecated
2025-12-29T00:58:10.3194409Z !!
2025-12-29T00:58:10.3194578Z 
2025-12-29T00:58:10.3194803Z         ********************************************************************************
2025-12-29T00:58:10.3196197Z         Please use a simple string containing a SPDX expression for `project.license`. You can also use `project.license-files`. (Both options available on setuptools>=77.0.0).
2025-12-29T00:58:10.3197580Z 
2025-12-29T00:58:10.3197948Z         By 2026-Feb-18, you need to update your project and remove deprecated calls
2025-12-29T00:58:10.3198661Z         or your builds will no longer be supported.
2025-12-29T00:58:10.3199024Z 
2025-12-29T00:58:10.3199946Z         See https://packaging.python.org/en/latest/guides/writing-pyproject-toml/#license for details.
2025-12-29T00:58:10.3200912Z         ********************************************************************************
2025-12-29T00:58:10.3201326Z 
2025-12-29T00:58:10.3201464Z !!
2025-12-29T00:58:10.3201824Z   corresp(dist, value, root_dir)
2025-12-29T00:58:10.3387096Z /tmp/build-env-8ai0fe3g/lib/python3.11/site-packages/setuptools/config/_apply_pyprojecttoml.py:61: SetuptoolsDeprecationWarning: License classifiers are deprecated.
2025-12-29T00:58:10.3388851Z !!
2025-12-29T00:58:10.3389024Z 
2025-12-29T00:58:10.3389257Z         ********************************************************************************
2025-12-29T00:58:10.3390122Z         Please consider removing the following classifiers in favor of a SPDX license expression:
2025-12-29T00:58:10.3390789Z 
2025-12-29T00:58:10.3391046Z         License :: OSI Approved :: MIT License
2025-12-29T00:58:10.3391380Z 
2025-12-29T00:58:10.3391935Z         See https://packaging.python.org/en/latest/guides/writing-pyproject-toml/#license for details.
2025-12-29T00:58:10.3392849Z         ********************************************************************************
2025-12-29T00:58:10.3393252Z 
2025-12-29T00:58:10.3393384Z !!
2025-12-29T00:58:10.3393705Z   dist._finalize_license_expression()
2025-12-29T00:58:10.3399118Z /tmp/build-env-8ai0fe3g/lib/python3.11/site-packages/setuptools/dist.py:759: SetuptoolsDeprecationWarning: License classifiers are deprecated.
2025-12-29T00:58:10.3400565Z !!
2025-12-29T00:58:10.3400726Z 
2025-12-29T00:58:10.3400942Z         ********************************************************************************
2025-12-29T00:58:10.3401787Z         Please consider removing the following classifiers in favor of a SPDX license expression:
2025-12-29T00:58:10.3402423Z 
2025-12-29T00:58:10.3402643Z         License :: OSI Approved :: MIT License
2025-12-29T00:58:10.3402993Z 
2025-12-29T00:58:10.3403527Z         See https://packaging.python.org/en/latest/guides/writing-pyproject-toml/#license for details.
2025-12-29T00:58:10.3404417Z         ********************************************************************************
2025-12-29T00:58:10.3404807Z 
2025-12-29T00:58:10.3404926Z !!
2025-12-29T00:58:10.3405256Z   self._finalize_license_expression()
2025-12-29T00:58:10.3414675Z running sdist
2025-12-29T00:58:10.3416340Z running egg_info
2025-12-29T00:58:10.3439089Z writing pychnosz.egg-info/PKG-INFO
2025-12-29T00:58:10.3456082Z writing dependency_links to pychnosz.egg-info/dependency_links.txt
2025-12-29T00:58:10.3465113Z writing requirements to pychnosz.egg-info/requires.txt
2025-12-29T00:58:10.3466609Z writing top-level names to pychnosz.egg-info/top_level.txt
2025-12-29T00:58:10.3554739Z reading manifest file 'pychnosz.egg-info/SOURCES.txt'
2025-12-29T00:58:10.3571875Z reading manifest template 'MANIFEST.in'
2025-12-29T00:58:10.3589936Z warning: no files found matching '*.css' under directory 'html'
2025-12-29T00:58:10.3596521Z warning: no files found matching '*.js' under directory 'html'
2025-12-29T00:58:10.3621712Z warning: no files found matching '*.csv.gz' under directory 'pychnosz/data/extdata'
2025-12-29T00:58:10.3642193Z warning: no files found matching '*.json' under directory 'pychnosz/data/extdata'
2025-12-29T00:58:10.3669263Z warning: no files found matching '*.csv.gz' under directory 'pychnosz/data'
2025-12-29T00:58:10.3680880Z warning: no files found matching '*.json' under directory 'pychnosz/data'
2025-12-29T00:58:10.3683140Z warning: no files found matching '*.f' under directory 'pychnosz/data/extdata/src'
2025-12-29T00:58:10.3684978Z warning: no files found matching '*.f90' under directory 'pychnosz/data/extdata/src'
2025-12-29T00:58:10.3686822Z warning: no files found matching '*.for' under directory 'pychnosz/data/extdata/src'
2025-12-29T00:58:10.3690799Z no previously-included directories found matching 'test'
2025-12-29T00:58:10.3694544Z warning: no previously-included files matching '*.pyc' found anywhere in distribution
2025-12-29T00:58:10.3698527Z warning: no previously-included files matching '*.pyo' found anywhere in distribution
2025-12-29T00:58:10.3701776Z warning: no previously-included files matching '*.pyd' found anywhere in distribution
2025-12-29T00:58:10.3704859Z warning: no previously-included files matching '__pycache__' found anywhere in distribution
2025-12-29T00:58:10.3708129Z warning: no previously-included files matching '.pytest_cache' found anywhere in distribution
2025-12-29T00:58:10.3711260Z warning: no previously-included files matching '.ipynb_checkpoints' found anywhere in distribution
2025-12-29T00:58:10.3714598Z warning: no previously-included files matching '*~' found anywhere in distribution
2025-12-29T00:58:10.3718184Z warning: no previously-included files matching '*.swp' found anywhere in distribution
2025-12-29T00:58:10.3721278Z warning: no previously-included files matching '.DS_Store' found anywhere in distribution
2025-12-29T00:58:10.3721889Z adding license file 'LICENSE.txt'
2025-12-29T00:58:10.3747497Z writing manifest file 'pychnosz.egg-info/SOURCES.txt'
2025-12-29T00:58:10.3749766Z running check
2025-12-29T00:58:10.3777496Z creating pychnosz-1.1.8
2025-12-29T00:58:10.3782099Z creating pychnosz-1.1.8/html/pychnosz
2025-12-29T00:58:10.3784448Z creating pychnosz-1.1.8/html/pychnosz/biomolecules
2025-12-29T00:58:10.3786026Z creating pychnosz-1.1.8/html/pychnosz/core
2025-12-29T00:58:10.3788062Z creating pychnosz-1.1.8/html/pychnosz/data
2025-12-29T00:58:10.3789502Z creating pychnosz-1.1.8/html/pychnosz/fortran
2025-12-29T00:58:10.3790831Z creating pychnosz-1.1.8/html/pychnosz/geochemistry
2025-12-29T00:58:10.3792586Z creating pychnosz-1.1.8/html/pychnosz/models
2025-12-29T00:58:10.3794493Z creating pychnosz-1.1.8/html/pychnosz/utils
2025-12-29T00:58:10.3796233Z creating pychnosz-1.1.8/pychnosz
2025-12-29T00:58:10.3798257Z creating pychnosz-1.1.8/pychnosz.egg-info
2025-12-29T00:58:10.3800191Z creating pychnosz-1.1.8/pychnosz/biomolecules
2025-12-29T00:58:10.3801525Z creating pychnosz-1.1.8/pychnosz/core
2025-12-29T00:58:10.3803064Z creating pychnosz-1.1.8/pychnosz/data
2025-12-29T00:58:10.3805075Z creating pychnosz-1.1.8/pychnosz/data/extdata/Berman
2025-12-29T00:58:10.3807643Z creating pychnosz-1.1.8/pychnosz/data/extdata/Berman/testing
2025-12-29T00:58:10.3809070Z creating pychnosz-1.1.8/pychnosz/data/extdata/OBIGT
2025-12-29T00:58:10.3810999Z creating pychnosz-1.1.8/pychnosz/data/extdata/OBIGT/testing
2025-12-29T00:58:10.3812291Z creating pychnosz-1.1.8/pychnosz/data/extdata/misc
2025-12-29T00:58:10.3813855Z creating pychnosz-1.1.8/pychnosz/data/extdata/protein
2025-12-29T00:58:10.3815629Z creating pychnosz-1.1.8/pychnosz/data/extdata/protein/Cas
2025-12-29T00:58:10.3817048Z creating pychnosz-1.1.8/pychnosz/data/extdata/src
2025-12-29T00:58:10.3819240Z creating pychnosz-1.1.8/pychnosz/data/extdata/taxonomy
2025-12-29T00:58:10.3820657Z creating pychnosz-1.1.8/pychnosz/data/extdata/thermo
2025-12-29T00:58:10.3822163Z creating pychnosz-1.1.8/pychnosz/fortran
2025-12-29T00:58:10.3823955Z creating pychnosz-1.1.8/pychnosz/geochemistry
2025-12-29T00:58:10.3825415Z creating pychnosz-1.1.8/pychnosz/models
2025-12-29T00:58:10.3827002Z creating pychnosz-1.1.8/pychnosz/utils
2025-12-29T00:58:10.3828356Z copying files to pychnosz-1.1.8...
2025-12-29T00:58:10.3829418Z copying CITATION.cff -> pychnosz-1.1.8
2025-12-29T00:58:10.3831675Z copying LICENSE.txt -> pychnosz-1.1.8
2025-12-29T00:58:10.3833543Z copying MANIFEST.in -> pychnosz-1.1.8
2025-12-29T00:58:10.3835298Z copying README.md -> pychnosz-1.1.8
2025-12-29T00:58:10.3837612Z copying compile_fortran.py -> pychnosz-1.1.8
2025-12-29T00:58:10.3839543Z copying pyproject.toml -> pychnosz-1.1.8
2025-12-29T00:58:10.3841255Z copying setup.py -> pychnosz-1.1.8
2025-12-29T00:58:10.3843256Z copying test_integration.py -> pychnosz-1.1.8
2025-12-29T00:58:10.3845264Z copying html/pychnosz/index.html -> pychnosz-1.1.8/html/pychnosz
2025-12-29T00:58:10.3852947Z copying html/pychnosz/biomolecules/index.html -> pychnosz-1.1.8/html/pychnosz/biomolecules
2025-12-29T00:58:10.3855153Z copying html/pychnosz/biomolecules/proteins.html -> pychnosz-1.1.8/html/pychnosz/biomolecules
2025-12-29T00:58:10.3856966Z copying html/pychnosz/core/animation.html -> pychnosz-1.1.8/html/pychnosz/core
2025-12-29T00:58:10.3859889Z copying html/pychnosz/core/balance.html -> pychnosz-1.1.8/html/pychnosz/core
2025-12-29T00:58:10.3861561Z copying html/pychnosz/core/equilibrium.html -> pychnosz-1.1.8/html/pychnosz/core
2025-12-29T00:58:10.3864156Z copying html/pychnosz/core/index.html -> pychnosz-1.1.8/html/pychnosz/core
2025-12-29T00:58:10.3867790Z copying html/pychnosz/core/speciation.html -> pychnosz-1.1.8/html/pychnosz/core
2025-12-29T00:58:10.3870367Z copying html/pychnosz/core/unicurve.html -> pychnosz-1.1.8/html/pychnosz/core
2025-12-29T00:58:10.3872705Z copying html/pychnosz/data/add_obigt.html -> pychnosz-1.1.8/html/pychnosz/data
2025-12-29T00:58:10.3874529Z copying html/pychnosz/data/index.html -> pychnosz-1.1.8/html/pychnosz/data
2025-12-29T00:58:10.3877724Z copying html/pychnosz/data/loader.html -> pychnosz-1.1.8/html/pychnosz/data
2025-12-29T00:58:10.3879833Z copying html/pychnosz/data/mod_obigt.html -> pychnosz-1.1.8/html/pychnosz/data
2025-12-29T00:58:10.3882060Z copying html/pychnosz/data/obigt.html -> pychnosz-1.1.8/html/pychnosz/data
2025-12-29T00:58:10.3884487Z copying html/pychnosz/data/worm.html -> pychnosz-1.1.8/html/pychnosz/data
2025-12-29T00:58:10.3886273Z copying html/pychnosz/fortran/h2o92_interface.html -> pychnosz-1.1.8/html/pychnosz/fortran
2025-12-29T00:58:10.3889147Z copying html/pychnosz/fortran/index.html -> pychnosz-1.1.8/html/pychnosz/fortran
2025-12-29T00:58:10.3891279Z copying html/pychnosz/geochemistry/index.html -> pychnosz-1.1.8/html/pychnosz/geochemistry
2025-12-29T00:58:10.3894210Z copying html/pychnosz/geochemistry/minerals.html -> pychnosz-1.1.8/html/pychnosz/geochemistry
2025-12-29T00:58:10.3896168Z copying html/pychnosz/geochemistry/redox.html -> pychnosz-1.1.8/html/pychnosz/geochemistry
2025-12-29T00:58:10.3898822Z copying html/pychnosz/models/archer_wang.html -> pychnosz-1.1.8/html/pychnosz/models
2025-12-29T00:58:10.3900687Z copying html/pychnosz/models/berman.html -> pychnosz-1.1.8/html/pychnosz/models
2025-12-29T00:58:10.3902875Z copying html/pychnosz/models/dew.html -> pychnosz-1.1.8/html/pychnosz/models
2025-12-29T00:58:10.3906002Z copying html/pychnosz/models/hkf_helpers.html -> pychnosz-1.1.8/html/pychnosz/models
2025-12-29T00:58:10.3907914Z copying html/pychnosz/models/iapws95.html -> pychnosz-1.1.8/html/pychnosz/models
2025-12-29T00:58:10.3910845Z copying html/pychnosz/models/index.html -> pychnosz-1.1.8/html/pychnosz/models
2025-12-29T00:58:10.3913834Z copying html/pychnosz/models/supcrt92_fortran.html -> pychnosz-1.1.8/html/pychnosz/models
2025-12-29T00:58:10.3915492Z copying html/pychnosz/utils/expression.html -> pychnosz-1.1.8/html/pychnosz/utils
2025-12-29T00:58:10.3918514Z copying html/pychnosz/utils/formula.html -> pychnosz-1.1.8/html/pychnosz/utils
2025-12-29T00:58:10.3920421Z copying html/pychnosz/utils/formula_ox.html -> pychnosz-1.1.8/html/pychnosz/utils
2025-12-29T00:58:10.3922316Z copying html/pychnosz/utils/index.html -> pychnosz-1.1.8/html/pychnosz/utils
2025-12-29T00:58:10.3924973Z copying html/pychnosz/utils/units.html -> pychnosz-1.1.8/html/pychnosz/utils
2025-12-29T00:58:10.3926697Z copying pychnosz/__init__.py -> pychnosz-1.1.8/pychnosz
2025-12-29T00:58:10.3928951Z copying pychnosz.egg-info/PKG-INFO -> pychnosz-1.1.8/pychnosz.egg-info
2025-12-29T00:58:10.3930608Z copying pychnosz.egg-info/SOURCES.txt -> pychnosz-1.1.8/pychnosz.egg-info
2025-12-29T00:58:10.3932444Z copying pychnosz.egg-info/dependency_links.txt -> pychnosz-1.1.8/pychnosz.egg-info
2025-12-29T00:58:10.3934055Z copying pychnosz.egg-info/requires.txt -> pychnosz-1.1.8/pychnosz.egg-info
2025-12-29T00:58:10.3935755Z copying pychnosz.egg-info/top_level.txt -> pychnosz-1.1.8/pychnosz.egg-info
2025-12-29T00:58:10.3937709Z copying pychnosz/biomolecules/__init__.py -> pychnosz-1.1.8/pychnosz/biomolecules
2025-12-29T00:58:10.3939713Z copying pychnosz/biomolecules/ionize_aa.py -> pychnosz-1.1.8/pychnosz/biomolecules
2025-12-29T00:58:10.3941184Z copying pychnosz/biomolecules/proteins.py -> pychnosz-1.1.8/pychnosz/biomolecules
2025-12-29T00:58:10.3942988Z copying pychnosz/core/__init__.py -> pychnosz-1.1.8/pychnosz/core
2025-12-29T00:58:10.3944686Z copying pychnosz/core/affinity.py -> pychnosz-1.1.8/pychnosz/core
2025-12-29T00:58:10.3947429Z copying pychnosz/core/animation.py -> pychnosz-1.1.8/pychnosz/core
2025-12-29T00:58:10.3949494Z copying pychnosz/core/balance.py -> pychnosz-1.1.8/pychnosz/core
2025-12-29T00:58:10.3951105Z copying pychnosz/core/basis.py -> pychnosz-1.1.8/pychnosz/core
2025-12-29T00:58:10.3953269Z copying pychnosz/core/diagram.py -> pychnosz-1.1.8/pychnosz/core
2025-12-29T00:58:10.3956389Z copying pychnosz/core/equilibrate.py -> pychnosz-1.1.8/pychnosz/core
2025-12-29T00:58:10.3958394Z copying pychnosz/core/equilibrium.py -> pychnosz-1.1.8/pychnosz/core
2025-12-29T00:58:10.3960363Z copying pychnosz/core/info.py -> pychnosz-1.1.8/pychnosz/core
2025-12-29T00:58:10.3962503Z copying pychnosz/core/retrieve.py -> pychnosz-1.1.8/pychnosz/core
2025-12-29T00:58:10.3964210Z copying pychnosz/core/speciation.py -> pychnosz-1.1.8/pychnosz/core
2025-12-29T00:58:10.3966497Z copying pychnosz/core/species.py -> pychnosz-1.1.8/pychnosz/core
2025-12-29T00:58:10.3968381Z copying pychnosz/core/subcrt.py -> pychnosz-1.1.8/pychnosz/core
2025-12-29T00:58:10.3971119Z copying pychnosz/core/thermo.py -> pychnosz-1.1.8/pychnosz/core
2025-12-29T00:58:10.3973732Z copying pychnosz/core/unicurve.py -> pychnosz-1.1.8/pychnosz/core
2025-12-29T00:58:10.3975667Z copying pychnosz/data/__init__.py -> pychnosz-1.1.8/pychnosz/data
2025-12-29T00:58:10.3977513Z copying pychnosz/data/add_obigt.py -> pychnosz-1.1.8/pychnosz/data
2025-12-29T00:58:10.3979523Z copying pychnosz/data/loader.py -> pychnosz-1.1.8/pychnosz/data
2025-12-29T00:58:10.3981252Z copying pychnosz/data/mod_obigt.py -> pychnosz-1.1.8/pychnosz/data
2025-12-29T00:58:10.3983027Z copying pychnosz/data/obigt.py -> pychnosz-1.1.8/pychnosz/data
2025-12-29T00:58:10.3984957Z copying pychnosz/data/worm.py -> pychnosz-1.1.8/pychnosz/data
2025-12-29T00:58:10.3986855Z copying pychnosz/data/extdata/Berman/BDat17_2017.csv -> pychnosz-1.1.8/pychnosz/data/extdata/Berman
2025-12-29T00:58:10.3988775Z copying pychnosz/data/extdata/Berman/Ber88_1988.csv -> pychnosz-1.1.8/pychnosz/data/extdata/Berman
2025-12-29T00:58:10.3990492Z copying pychnosz/data/extdata/Berman/Ber90_1990.csv -> pychnosz-1.1.8/pychnosz/data/extdata/Berman
2025-12-29T00:58:10.3992210Z copying pychnosz/data/extdata/Berman/DS10_2010.csv -> pychnosz-1.1.8/pychnosz/data/extdata/Berman
2025-12-29T00:58:10.3993906Z copying pychnosz/data/extdata/Berman/FDM+14_2014.csv -> pychnosz-1.1.8/pychnosz/data/extdata/Berman
2025-12-29T00:58:10.3995614Z copying pychnosz/data/extdata/Berman/Got04_2004.csv -> pychnosz-1.1.8/pychnosz/data/extdata/Berman
2025-12-29T00:58:10.3997628Z copying pychnosz/data/extdata/Berman/JUN92_1992.csv -> pychnosz-1.1.8/pychnosz/data/extdata/Berman
2025-12-29T00:58:10.3999382Z copying pychnosz/data/extdata/Berman/SHD91_1991.csv -> pychnosz-1.1.8/pychnosz/data/extdata/Berman
2025-12-29T00:58:10.4001119Z copying pychnosz/data/extdata/Berman/VGT92_1992.csv -> pychnosz-1.1.8/pychnosz/data/extdata/Berman
2025-12-29T00:58:10.4002786Z copying pychnosz/data/extdata/Berman/VPT01_2001.csv -> pychnosz-1.1.8/pychnosz/data/extdata/Berman
2025-12-29T00:58:10.4004466Z copying pychnosz/data/extdata/Berman/VPV05_2005.csv -> pychnosz-1.1.8/pychnosz/data/extdata/Berman
2025-12-29T00:58:10.4006160Z copying pychnosz/data/extdata/Berman/ZS92_1992.csv -> pychnosz-1.1.8/pychnosz/data/extdata/Berman
2025-12-29T00:58:10.4008128Z copying pychnosz/data/extdata/Berman/sympy.R -> pychnosz-1.1.8/pychnosz/data/extdata/Berman
2025-12-29T00:58:10.4009945Z copying pychnosz/data/extdata/Berman/testing/BA96.bib -> pychnosz-1.1.8/pychnosz/data/extdata/Berman/testing
2025-12-29T00:58:10.4011695Z copying pychnosz/data/extdata/Berman/testing/BA96_Berman.csv -> pychnosz-1.1.8/pychnosz/data/extdata/Berman/testing
2025-12-29T00:58:10.4013668Z copying pychnosz/data/extdata/Berman/testing/BA96_OBIGT.csv -> pychnosz-1.1.8/pychnosz/data/extdata/Berman/testing
2025-12-29T00:58:10.4015092Z copying pychnosz/data/extdata/Berman/testing/BA96_refs.csv -> pychnosz-1.1.8/pychnosz/data/extdata/Berman/testing
2025-12-29T00:58:10.4016658Z copying pychnosz/data/extdata/OBIGT/AD.csv -> pychnosz-1.1.8/pychnosz/data/extdata/OBIGT
2025-12-29T00:58:10.4018726Z copying pychnosz/data/extdata/OBIGT/Berman_cr.csv -> pychnosz-1.1.8/pychnosz/data/extdata/OBIGT
2025-12-29T00:58:10.4020798Z copying pychnosz/data/extdata/OBIGT/DEW.csv -> pychnosz-1.1.8/pychnosz/data/extdata/OBIGT
2025-12-29T00:58:10.4023114Z copying pychnosz/data/extdata/OBIGT/H2O_aq.csv -> pychnosz-1.1.8/pychnosz/data/extdata/OBIGT
2025-12-29T00:58:10.4024663Z copying pychnosz/data/extdata/OBIGT/SLOP98.csv -> pychnosz-1.1.8/pychnosz/data/extdata/OBIGT
2025-12-29T00:58:10.4027542Z copying pychnosz/data/extdata/OBIGT/SUPCRT92.csv -> pychnosz-1.1.8/pychnosz/data/extdata/OBIGT
2025-12-29T00:58:10.4029327Z copying pychnosz/data/extdata/OBIGT/inorganic_aq.csv -> pychnosz-1.1.8/pychnosz/data/extdata/OBIGT
2025-12-29T00:58:10.4032398Z copying pychnosz/data/extdata/OBIGT/inorganic_cr.csv -> pychnosz-1.1.8/pychnosz/data/extdata/OBIGT
2025-12-29T00:58:10.4034254Z copying pychnosz/data/extdata/OBIGT/inorganic_gas.csv -> pychnosz-1.1.8/pychnosz/data/extdata/OBIGT
2025-12-29T00:58:10.4035928Z copying pychnosz/data/extdata/OBIGT/organic_aq.csv -> pychnosz-1.1.8/pychnosz/data/extdata/OBIGT
2025-12-29T00:58:10.4039750Z copying pychnosz/data/extdata/OBIGT/organic_cr.csv -> pychnosz-1.1.8/pychnosz/data/extdata/OBIGT
2025-12-29T00:58:10.4041956Z copying pychnosz/data/extdata/OBIGT/organic_gas.csv -> pychnosz-1.1.8/pychnosz/data/extdata/OBIGT
2025-12-29T00:58:10.4044470Z copying pychnosz/data/extdata/OBIGT/organic_liq.csv -> pychnosz-1.1.8/pychnosz/data/extdata/OBIGT
2025-12-29T00:58:10.4047374Z copying pychnosz/data/extdata/OBIGT/testing/GEMSFIT.csv -> pychnosz-1.1.8/pychnosz/data/extdata/OBIGT/testing
2025-12-29T00:58:10.4048978Z copying pychnosz/data/extdata/OBIGT/testing/IGEM.csv -> pychnosz-1.1.8/pychnosz/data/extdata/OBIGT/testing
2025-12-29T00:58:10.4050659Z copying pychnosz/data/extdata/OBIGT/testing/Sandia.csv -> pychnosz-1.1.8/pychnosz/data/extdata/OBIGT/testing
2025-12-29T00:58:10.4052336Z copying pychnosz/data/extdata/OBIGT/testing/SiO2.csv -> pychnosz-1.1.8/pychnosz/data/extdata/OBIGT/testing
2025-12-29T00:58:10.4053948Z copying pychnosz/data/extdata/misc/AD03_Fig1a.csv -> pychnosz-1.1.8/pychnosz/data/extdata/misc
2025-12-29T00:58:10.4055603Z copying pychnosz/data/extdata/misc/AD03_Fig1b.csv -> pychnosz-1.1.8/pychnosz/data/extdata/misc
2025-12-29T00:58:10.4057526Z copying pychnosz/data/extdata/misc/AD03_Fig1c.csv -> pychnosz-1.1.8/pychnosz/data/extdata/misc
2025-12-29T00:58:10.4059297Z copying pychnosz/data/extdata/misc/AD03_Fig1d.csv -> pychnosz-1.1.8/pychnosz/data/extdata/misc
2025-12-29T00:58:10.4060958Z copying pychnosz/data/extdata/misc/BZA10.csv -> pychnosz-1.1.8/pychnosz/data/extdata/misc
2025-12-29T00:58:10.4062646Z copying pychnosz/data/extdata/misc/HW97_Cp.csv -> pychnosz-1.1.8/pychnosz/data/extdata/misc
2025-12-29T00:58:10.4064347Z copying pychnosz/data/extdata/misc/HWM96_V.csv -> pychnosz-1.1.8/pychnosz/data/extdata/misc
2025-12-29T00:58:10.4066093Z copying pychnosz/data/extdata/misc/LA19_test.csv -> pychnosz-1.1.8/pychnosz/data/extdata/misc
2025-12-29T00:58:10.4067882Z copying pychnosz/data/extdata/misc/Mer75_Table4.csv -> pychnosz-1.1.8/pychnosz/data/extdata/misc
2025-12-29T00:58:10.4069675Z copying pychnosz/data/extdata/misc/OBIGT_check.csv -> pychnosz-1.1.8/pychnosz/data/extdata/misc
2025-12-29T00:58:10.4071443Z copying pychnosz/data/extdata/misc/PM90.csv -> pychnosz-1.1.8/pychnosz/data/extdata/misc
2025-12-29T00:58:10.4073093Z copying pychnosz/data/extdata/misc/RH95.csv -> pychnosz-1.1.8/pychnosz/data/extdata/misc
2025-12-29T00:58:10.4074816Z copying pychnosz/data/extdata/misc/RH98_Table15.csv -> pychnosz-1.1.8/pychnosz/data/extdata/misc
2025-12-29T00:58:10.4076845Z copying pychnosz/data/extdata/misc/SC10_Rainbow.csv -> pychnosz-1.1.8/pychnosz/data/extdata/misc
2025-12-29T00:58:10.4078477Z copying pychnosz/data/extdata/misc/SK95.csv -> pychnosz-1.1.8/pychnosz/data/extdata/misc
2025-12-29T00:58:10.4080265Z copying pychnosz/data/extdata/misc/SOJSH.csv -> pychnosz-1.1.8/pychnosz/data/extdata/misc
2025-12-29T00:58:10.4081952Z copying pychnosz/data/extdata/misc/SS98_Fig5a.csv -> pychnosz-1.1.8/pychnosz/data/extdata/misc
2025-12-29T00:58:10.4083659Z copying pychnosz/data/extdata/misc/SS98_Fig5b.csv -> pychnosz-1.1.8/pychnosz/data/extdata/misc
2025-12-29T00:58:10.4085386Z copying pychnosz/data/extdata/misc/TKSS14_Fig2.csv -> pychnosz-1.1.8/pychnosz/data/extdata/misc
2025-12-29T00:58:10.4087057Z copying pychnosz/data/extdata/misc/bluered.txt -> pychnosz-1.1.8/pychnosz/data/extdata/misc
2025-12-29T00:58:10.4089205Z copying pychnosz/data/extdata/protein/POLG.csv -> pychnosz-1.1.8/pychnosz/data/extdata/protein
2025-12-29T00:58:10.4090905Z copying pychnosz/data/extdata/protein/TBD+05.csv -> pychnosz-1.1.8/pychnosz/data/extdata/protein
2025-12-29T00:58:10.4092807Z copying pychnosz/data/extdata/protein/TBD+05_aa.csv -> pychnosz-1.1.8/pychnosz/data/extdata/protein
2025-12-29T00:58:10.4095274Z copying pychnosz/data/extdata/protein/rubisco.csv -> pychnosz-1.1.8/pychnosz/data/extdata/protein
2025-12-29T00:58:10.4096722Z copying pychnosz/data/extdata/protein/rubisco.fasta -> pychnosz-1.1.8/pychnosz/data/extdata/protein
2025-12-29T00:58:10.4098791Z copying pychnosz/data/extdata/protein/rubisco_aa.csv -> pychnosz-1.1.8/pychnosz/data/extdata/protein
2025-12-29T00:58:10.4100528Z copying pychnosz/data/extdata/protein/Cas/Cas_aa.csv -> pychnosz-1.1.8/pychnosz/data/extdata/protein/Cas
2025-12-29T00:58:10.4102464Z copying pychnosz/data/extdata/protein/Cas/Cas_uniprot.csv -> pychnosz-1.1.8/pychnosz/data/extdata/protein/Cas
2025-12-29T00:58:10.4104316Z copying pychnosz/data/extdata/protein/Cas/download.R -> pychnosz-1.1.8/pychnosz/data/extdata/protein/Cas
2025-12-29T00:58:10.4106035Z copying pychnosz/data/extdata/protein/Cas/mkaa.R -> pychnosz-1.1.8/pychnosz/data/extdata/protein/Cas
2025-12-29T00:58:10.4108249Z copying pychnosz/data/extdata/src/H2O92D.f.orig -> pychnosz-1.1.8/pychnosz/data/extdata/src
2025-12-29T00:58:10.4111501Z copying pychnosz/data/extdata/src/README.txt -> pychnosz-1.1.8/pychnosz/data/extdata/src
2025-12-29T00:58:10.4113040Z copying pychnosz/data/extdata/taxonomy/names.dmp -> pychnosz-1.1.8/pychnosz/data/extdata/taxonomy
2025-12-29T00:58:10.4114846Z copying pychnosz/data/extdata/taxonomy/nodes.dmp -> pychnosz-1.1.8/pychnosz/data/extdata/taxonomy
2025-12-29T00:58:10.4116615Z copying pychnosz/data/extdata/thermo/Bdot_acirc.csv -> pychnosz-1.1.8/pychnosz/data/extdata/thermo
2025-12-29T00:58:10.4118516Z copying pychnosz/data/extdata/thermo/buffer.csv -> pychnosz-1.1.8/pychnosz/data/extdata/thermo
2025-12-29T00:58:10.4120152Z copying pychnosz/data/extdata/thermo/element.csv -> pychnosz-1.1.8/pychnosz/data/extdata/thermo
2025-12-29T00:58:10.4121909Z copying pychnosz/data/extdata/thermo/groups.csv -> pychnosz-1.1.8/pychnosz/data/extdata/thermo
2025-12-29T00:58:10.4123630Z copying pychnosz/data/extdata/thermo/opt.csv -> pychnosz-1.1.8/pychnosz/data/extdata/thermo
2025-12-29T00:58:10.4125326Z copying pychnosz/data/extdata/thermo/protein.csv -> pychnosz-1.1.8/pychnosz/data/extdata/thermo
2025-12-29T00:58:10.4127948Z copying pychnosz/data/extdata/thermo/refs.csv -> pychnosz-1.1.8/pychnosz/data/extdata/thermo
2025-12-29T00:58:10.4130492Z copying pychnosz/data/extdata/thermo/stoich.csv.xz -> pychnosz-1.1.8/pychnosz/data/extdata/thermo
2025-12-29T00:58:10.4132237Z copying pychnosz/fortran/__init__.py -> pychnosz-1.1.8/pychnosz/fortran
2025-12-29T00:58:10.4133980Z copying pychnosz/fortran/h2o92_interface.py -> pychnosz-1.1.8/pychnosz/fortran
2025-12-29T00:58:10.4135938Z copying pychnosz/geochemistry/__init__.py -> pychnosz-1.1.8/pychnosz/geochemistry
2025-12-29T00:58:10.4137769Z copying pychnosz/geochemistry/minerals.py -> pychnosz-1.1.8/pychnosz/geochemistry
2025-12-29T00:58:10.4139815Z copying pychnosz/geochemistry/redox.py -> pychnosz-1.1.8/pychnosz/geochemistry
2025-12-29T00:58:10.4141466Z copying pychnosz/models/__init__.py -> pychnosz-1.1.8/pychnosz/models
2025-12-29T00:58:10.4143124Z copying pychnosz/models/archer_wang.py -> pychnosz-1.1.8/pychnosz/models
2025-12-29T00:58:10.4144792Z copying pychnosz/models/berman.py -> pychnosz-1.1.8/pychnosz/models
2025-12-29T00:58:10.4146509Z copying pychnosz/models/cgl.py -> pychnosz-1.1.8/pychnosz/models
2025-12-29T00:58:10.4148786Z copying pychnosz/models/dew.py -> pychnosz-1.1.8/pychnosz/models
2025-12-29T00:58:10.4151045Z copying pychnosz/models/hkf.py -> pychnosz-1.1.8/pychnosz/models
2025-12-29T00:58:10.4153028Z copying pychnosz/models/hkf_helpers.py -> pychnosz-1.1.8/pychnosz/models
2025-12-29T00:58:10.4154836Z copying pychnosz/models/iapws95.py -> pychnosz-1.1.8/pychnosz/models
2025-12-29T00:58:10.4157488Z copying pychnosz/models/supcrt92_fortran.py -> pychnosz-1.1.8/pychnosz/models
2025-12-29T00:58:10.4158970Z copying pychnosz/models/water.py -> pychnosz-1.1.8/pychnosz/models
2025-12-29T00:58:10.4160973Z copying pychnosz/utils/__init__.py -> pychnosz-1.1.8/pychnosz/utils
2025-12-29T00:58:10.4162615Z copying pychnosz/utils/expression.py -> pychnosz-1.1.8/pychnosz/utils
2025-12-29T00:58:10.4164957Z copying pychnosz/utils/formula.py -> pychnosz-1.1.8/pychnosz/utils
2025-12-29T00:58:10.4166954Z copying pychnosz/utils/formula_ox.py -> pychnosz-1.1.8/pychnosz/utils
2025-12-29T00:58:10.4168701Z copying pychnosz/utils/reset.py -> pychnosz-1.1.8/pychnosz/utils
2025-12-29T00:58:10.4170350Z copying pychnosz/utils/units.py -> pychnosz-1.1.8/pychnosz/utils
2025-12-29T00:58:10.4172268Z copying pychnosz.egg-info/SOURCES.txt -> pychnosz-1.1.8/pychnosz.egg-info
2025-12-29T00:58:10.4190878Z Writing pychnosz-1.1.8/setup.cfg
2025-12-29T00:58:10.4192993Z Creating tar archive
2025-12-29T00:58:10.8098032Z removing 'pychnosz-1.1.8' (and everything under it)
2025-12-29T00:58:10.8608781Z Successfully built pychnosz-1.1.8.tar.gz
2025-12-29T00:58:10.8828896Z ##[group]Run actions/upload-artifact@v4
2025-12-29T00:58:10.8829177Z with:
2025-12-29T00:58:10.8829342Z   name: sdist
2025-12-29T00:58:10.8829517Z   path: dist/*.tar.gz
2025-12-29T00:58:10.8829726Z   if-no-files-found: error
2025-12-29T00:58:10.8829937Z   compression-level: 6
2025-12-29T00:58:10.8830132Z   overwrite: false
2025-12-29T00:58:10.8830325Z   include-hidden-files: false
2025-12-29T00:58:10.8830530Z env:
2025-12-29T00:58:10.8830770Z   pythonLocation: /opt/hostedtoolcache/Python/3.11.14/x64
2025-12-29T00:58:10.8831184Z   PKG_CONFIG_PATH: /opt/hostedtoolcache/Python/3.11.14/x64/lib/pkgconfig
2025-12-29T00:58:10.8831610Z   Python_ROOT_DIR: /opt/hostedtoolcache/Python/3.11.14/x64
2025-12-29T00:58:10.8831966Z   Python2_ROOT_DIR: /opt/hostedtoolcache/Python/3.11.14/x64
2025-12-29T00:58:10.8832321Z   Python3_ROOT_DIR: /opt/hostedtoolcache/Python/3.11.14/x64
2025-12-29T00:58:10.8832680Z   LD_LIBRARY_PATH: /opt/hostedtoolcache/Python/3.11.14/x64/lib
2025-12-29T00:58:10.8833005Z ##[endgroup]
2025-12-29T00:58:11.1023612Z With the provided path, there will be 1 file uploaded
2025-12-29T00:58:11.1028925Z Artifact name is valid!
2025-12-29T00:58:11.1030214Z Root directory input is valid!
2025-12-29T00:58:11.2435256Z Beginning upload of artifact content to blob storage
2025-12-29T00:58:11.6925491Z Uploaded bytes 969455
2025-12-29T00:58:11.7406096Z Finished uploading artifact content to blob storage!
2025-12-29T00:58:11.7410649Z SHA256 digest of uploaded artifact zip is 08b12b5a19f97a237696d173ea302f61ea6687fa943f7c33a5908a0059759909
2025-12-29T00:58:11.7413050Z Finalizing artifact upload
2025-12-29T00:58:11.8397953Z Artifact sdist.zip successfully finalized. Artifact ID 4980581225
2025-12-29T00:58:11.8399320Z Artifact sdist has been successfully uploaded! Final size is 969455 bytes. Artifact ID is 4980581225
2025-12-29T00:58:11.8405990Z Artifact download URL: https://github.com/worm-portal/pychnosz/actions/runs/20562115304/artifacts/4980581225
2025-12-29T00:58:11.8531449Z Post job cleanup.
2025-12-29T00:58:12.0193628Z Post job cleanup.
2025-12-29T00:58:12.1167651Z [command]/usr/bin/git version
2025-12-29T00:58:12.1206178Z git version 2.52.0
2025-12-29T00:58:12.1249579Z Temporarily overriding HOME='/home/runner/work/_temp/c326d9b6-d211-4578-8eb2-1ac5f4bb2ac7' before making global git config changes
2025-12-29T00:58:12.1250748Z Adding repository directory to the temporary git global config as a safe directory
2025-12-29T00:58:12.1273992Z [command]/usr/bin/git config --global --add safe.directory /home/runner/work/pychnosz/pychnosz
2025-12-29T00:58:12.1295433Z [command]/usr/bin/git config --local --name-only --get-regexp core\.sshCommand
2025-12-29T00:58:12.1329969Z [command]/usr/bin/git submodule foreach --recursive sh -c "git config --local --name-only --get-regexp 'core\.sshCommand' && git config --local --unset-all 'core.sshCommand' || :"
2025-12-29T00:58:12.1581295Z [command]/usr/bin/git config --local --name-only --get-regexp http\.https\:\/\/github\.com\/\.extraheader
2025-12-29T00:58:12.1605519Z http.https://github.com/.extraheader
2025-12-29T00:58:12.1624096Z [command]/usr/bin/git config --local --unset-all http.https://github.com/.extraheader
2025-12-29T00:58:12.1661648Z [command]/usr/bin/git submodule foreach --recursive sh -c "git config --local --name-only --get-regexp 'http\.https\:\/\/github\.com\/\.extraheader' && git config --local --unset-all 'http.https://github.com/.extraheader' || :"
2025-12-29T00:58:12.1915567Z [command]/usr/bin/git config --local --name-only --get-regexp ^includeIf\.gitdir:
2025-12-29T00:58:12.1952752Z [command]/usr/bin/git submodule foreach --recursive git config --local --show-origin --name-only --get-regexp remote.origin.url
2025-12-29T00:58:12.2343921Z Cleaning up orphan processes
