2025-12-29T00:58:01.0280170Z Current runner version: '2.330.0'
2025-12-29T00:58:01.0311050Z ##[group]Runner Image Provisioner
2025-12-29T00:58:01.0311940Z Hosted Compute Agent
2025-12-29T00:58:01.0312540Z Version: 20251211.462
2025-12-29T00:58:01.0313220Z Commit: 6cbad8c2bb55d58165063d031ccabf57e2d2db61
2025-12-29T00:58:01.0314270Z Build Date: 2025-12-11T16:28:49Z
2025-12-29T00:58:01.0315090Z Worker ID: {5344b910-bee3-440c-aedb-f591f4fc7992}
2025-12-29T00:58:01.0315880Z ##[endgroup]
2025-12-29T00:58:01.0316450Z ##[group]Operating System
2025-12-29T00:58:01.0317090Z macOS
2025-12-29T00:58:01.0317580Z 15.7.3
2025-12-29T00:58:01.0318070Z 24G419
2025-12-29T00:58:01.0318550Z ##[endgroup]
2025-12-29T00:58:01.0319080Z ##[group]Runner Image
2025-12-29T00:58:01.0319650Z Image: macos-15
2025-12-29T00:58:01.0320200Z Version: 20251216.0081.1
2025-12-29T00:58:01.0321510Z Included Software: https://github.com/actions/runner-images/blob/macos-15/20251216.0081/images/macos/macos-15-Readme.md
2025-12-29T00:58:01.0323550Z Image Release: https://github.com/actions/runner-images/releases/tag/macos-15%2F20251216.0081
2025-12-29T00:58:01.0324760Z ##[endgroup]
2025-12-29T00:58:01.0328610Z ##[group]GITHUB_TOKEN Permissions
2025-12-29T00:58:01.0331270Z Actions: write
2025-12-29T00:58:01.0331870Z ArtifactMetadata: write
2025-12-29T00:58:01.0332470Z Attestations: write
2025-12-29T00:58:01.0333030Z Checks: write
2025-12-29T00:58:01.0333550Z Contents: write
2025-12-29T00:58:01.0334110Z Deployments: write
2025-12-29T00:58:01.0334680Z Discussions: write
2025-12-29T00:58:01.0335230Z Issues: write
2025-12-29T00:58:01.0335760Z Metadata: read
2025-12-29T00:58:01.0336290Z Models: read
2025-12-29T00:58:01.0336830Z Packages: write
2025-12-29T00:58:01.0337370Z Pages: write
2025-12-29T00:58:01.0337910Z PullRequests: write
2025-12-29T00:58:01.0338600Z RepositoryProjects: write
2025-12-29T00:58:01.0339250Z SecurityEvents: write
2025-12-29T00:58:01.0339840Z Statuses: write
2025-12-29T00:58:01.0340390Z ##[endgroup]
2025-12-29T00:58:01.0342850Z Secret source: Actions
2025-12-29T00:58:01.0343610Z Prepare workflow directory
2025-12-29T00:58:01.0779880Z Prepare all required actions
2025-12-29T00:58:01.0831090Z Getting action download info
2025-12-29T00:58:01.3795200Z Download action repository 'actions/checkout@v4' (SHA:34e114876b0b11c390a56381ad16ebd13914f8d5)
2025-12-29T00:58:01.9937520Z Download action repository 'actions/setup-python@v5' (SHA:a26af69be951a213d495a4c3e4e4022e16d87065)
2025-12-29T00:58:02.4361320Z Download action repository 'msys2/setup-msys2@v2' (SHA:4f806de0a5a7294ffabaff804b38a9b435a73bda)
2025-12-29T00:58:03.6311810Z Download action repository 'actions/upload-artifact@v4' (SHA:ea165f8d65b6e75b540449e92b4886f43607fa02)
2025-12-29T00:58:04.0073090Z Complete job name: Build wheels on macos-15-intel
2025-12-29T00:58:04.1319110Z ##[group]Run actions/checkout@v4
2025-12-29T00:58:04.1321620Z with:
2025-12-29T00:58:04.1323020Z   repository: worm-portal/pychnosz
2025-12-29T00:58:04.1325330Z   token: ***
2025-12-29T00:58:04.1326660Z   ssh-strict: true
2025-12-29T00:58:04.1328200Z   ssh-user: git
2025-12-29T00:58:04.1329630Z   persist-credentials: true
2025-12-29T00:58:04.1331250Z   clean: true
2025-12-29T00:58:04.1333570Z   sparse-checkout-cone-mode: true
2025-12-29T00:58:04.1335410Z   fetch-depth: 1
2025-12-29T00:58:04.1336820Z   fetch-tags: false
2025-12-29T00:58:04.1338260Z   show-progress: true
2025-12-29T00:58:04.1339730Z   lfs: false
2025-12-29T00:58:04.1341080Z   submodules: false
2025-12-29T00:58:04.1342630Z   set-safe-directory: true
2025-12-29T00:58:04.1345130Z ##[endgroup]
2025-12-29T00:58:04.4134040Z Syncing repository: worm-portal/pychnosz
2025-12-29T00:58:04.4138630Z ##[group]Getting Git version info
2025-12-29T00:58:04.4141140Z Working directory is '/Users/runner/work/pychnosz/pychnosz'
2025-12-29T00:58:04.4144940Z [command]/usr/local/bin/git version
2025-12-29T00:58:04.4443730Z git version 2.50.1
2025-12-29T00:58:04.4479720Z ##[endgroup]
2025-12-29T00:58:04.4503250Z Copying '/Users/runner/.gitconfig' to '/Users/runner/work/_temp/119e68b0-1431-45f2-8a74-33cb36789261/.gitconfig'
2025-12-29T00:58:04.4520710Z Temporarily overriding HOME='/Users/runner/work/_temp/119e68b0-1431-45f2-8a74-33cb36789261' before making global git config changes
2025-12-29T00:58:04.4526830Z Adding repository directory to the temporary git global config as a safe directory
2025-12-29T00:58:04.4531800Z [command]/usr/local/bin/git config --global --add safe.directory /Users/runner/work/pychnosz/pychnosz
2025-12-29T00:58:04.4663280Z Deleting the contents of '/Users/runner/work/pychnosz/pychnosz'
2025-12-29T00:58:04.4669800Z ##[group]Initializing the repository
2025-12-29T00:58:04.4676200Z [command]/usr/local/bin/git init /Users/runner/work/pychnosz/pychnosz
2025-12-29T00:58:04.5004760Z hint: Using 'master' as the name for the initial branch. This default branch name
2025-12-29T00:58:04.5009420Z hint: is subject to change. To configure the initial branch name to use in all
2025-12-29T00:58:04.5013120Z hint: of your new repositories, which will suppress this warning, call:
2025-12-29T00:58:04.5016320Z hint:
2025-12-29T00:58:04.5018310Z hint: 	git config --global init.defaultBranch <name>
2025-12-29T00:58:04.5020520Z hint:
2025-12-29T00:58:04.5023110Z hint: Names commonly chosen instead of 'master' are 'main', 'trunk' and
2025-12-29T00:58:04.5026960Z hint: 'development'. The just-created branch can be renamed via this command:
2025-12-29T00:58:04.5030660Z hint:
2025-12-29T00:58:04.5032090Z hint: 	git branch -m <name>
2025-12-29T00:58:04.5033700Z hint:
2025-12-29T00:58:04.5036240Z hint: Disable this message with "git config set advice.defaultBranchName false"
2025-12-29T00:58:04.5040420Z Initialized empty Git repository in /Users/runner/work/pychnosz/pychnosz/.git/
2025-12-29T00:58:04.5047080Z [command]/usr/local/bin/git remote add origin https://github.com/worm-portal/pychnosz
2025-12-29T00:58:04.5153710Z ##[endgroup]
2025-12-29T00:58:04.5156620Z ##[group]Disabling automatic garbage collection
2025-12-29T00:58:04.5159390Z [command]/usr/local/bin/git config --local gc.auto 0
2025-12-29T00:58:04.5266900Z ##[endgroup]
2025-12-29T00:58:04.5269490Z ##[group]Setting up auth
2025-12-29T00:58:04.5273690Z [command]/usr/local/bin/git config --local --name-only --get-regexp core\.sshCommand
2025-12-29T00:58:04.5382620Z [command]/usr/local/bin/git submodule foreach --recursive sh -c "git config --local --name-only --get-regexp 'core\.sshCommand' && git config --local --unset-all 'core.sshCommand' || :"
2025-12-29T00:58:04.6821900Z [command]/usr/local/bin/git config --local --name-only --get-regexp http\.https\:\/\/github\.com\/\.extraheader
2025-12-29T00:58:04.6923760Z [command]/usr/local/bin/git submodule foreach --recursive sh -c "git config --local --name-only --get-regexp 'http\.https\:\/\/github\.com\/\.extraheader' && git config --local --unset-all 'http.https://github.com/.extraheader' || :"
2025-12-29T00:58:04.9896330Z [command]/usr/local/bin/git config --local --name-only --get-regexp ^includeIf\.gitdir:
2025-12-29T00:58:05.0868320Z [command]/usr/local/bin/git submodule foreach --recursive git config --local --show-origin --name-only --get-regexp remote.origin.url
2025-12-29T00:58:05.0986140Z [command]/usr/local/bin/git config --local http.https://github.com/.extraheader AUTHORIZATION: basic ***
2025-12-29T00:58:05.0997880Z ##[endgroup]
2025-12-29T00:58:05.1001730Z ##[group]Fetching the repository
2025-12-29T00:58:05.1011020Z [command]/usr/local/bin/git -c protocol.version=2 fetch --no-tags --prune --no-recurse-submodules --depth=1 origin +e4cddf586dd1ac67f57348a0fbd1a8a9c293c930:refs/remotes/origin/master
2025-12-29T00:58:06.4616300Z From https://github.com/worm-portal/pychnosz
2025-12-29T00:58:06.4638000Z  * [new ref]         e4cddf586dd1ac67f57348a0fbd1a8a9c293c930 -> origin/master
2025-12-29T00:58:06.5301870Z ##[endgroup]
2025-12-29T00:58:06.5303520Z ##[group]Determining the checkout info
2025-12-29T00:58:06.5306820Z ##[endgroup]
2025-12-29T00:58:06.5310110Z [command]/usr/local/bin/git sparse-checkout disable
2025-12-29T00:58:06.5522070Z [command]/usr/local/bin/git config --local --unset-all extensions.worktreeConfig
2025-12-29T00:58:06.5629970Z ##[group]Checking out the ref
2025-12-29T00:58:06.5633530Z [command]/usr/local/bin/git checkout --progress --force -B master refs/remotes/origin/master
2025-12-29T00:58:06.6796340Z Reset branch 'master'
2025-12-29T00:58:06.6806910Z branch 'master' set up to track 'origin/master'.
2025-12-29T00:58:06.6822600Z ##[endgroup]
2025-12-29T00:58:06.6993980Z [command]/usr/local/bin/git log -1 --format=%H
2025-12-29T00:58:06.7173280Z e4cddf586dd1ac67f57348a0fbd1a8a9c293c930
2025-12-29T00:58:06.7895670Z ##[group]Run actions/setup-python@v5
2025-12-29T00:58:06.7896830Z with:
2025-12-29T00:58:06.7897480Z   python-version: 3.11
2025-12-29T00:58:06.7898510Z   check-latest: false
2025-12-29T00:58:06.7900420Z   token: ***
2025-12-29T00:58:06.7901490Z   update-environment: true
2025-12-29T00:58:06.7902780Z   allow-prereleases: false
2025-12-29T00:58:06.7904150Z   freethreaded: false
2025-12-29T00:58:06.7906470Z ##[endgroup]
2025-12-29T00:58:07.1391230Z ##[group]Installed versions
2025-12-29T00:58:07.1578960Z Successfully set up CPython (3.11.9)
2025-12-29T00:58:07.1580710Z ##[endgroup]
2025-12-29T00:58:07.1780780Z ##[group]Run python -m pip install cibuildwheel==2.22.0
2025-12-29T00:58:07.1781680Z [36;1mpython -m pip install cibuildwheel==2.22.0[0m
2025-12-29T00:58:07.1881670Z shell: /bin/bash -e {0}
2025-12-29T00:58:07.1882150Z env:
2025-12-29T00:58:07.1882780Z   pythonLocation: /Users/runner/hostedtoolcache/Python/3.11.9/x64
2025-12-29T00:58:07.1883750Z   PKG_CONFIG_PATH: /Users/runner/hostedtoolcache/Python/3.11.9/x64/lib/pkgconfig
2025-12-29T00:58:07.1884660Z   Python_ROOT_DIR: /Users/runner/hostedtoolcache/Python/3.11.9/x64
2025-12-29T00:58:07.1885500Z   Python2_ROOT_DIR: /Users/runner/hostedtoolcache/Python/3.11.9/x64
2025-12-29T00:58:07.1886330Z   Python3_ROOT_DIR: /Users/runner/hostedtoolcache/Python/3.11.9/x64
2025-12-29T00:58:07.1887030Z ##[endgroup]
2025-12-29T00:58:09.6942170Z Collecting cibuildwheel==2.22.0
2025-12-29T00:58:09.7991680Z   Downloading cibuildwheel-2.22.0-py3-none-any.whl.metadata (22 kB)
2025-12-29T00:58:09.8636420Z Collecting bashlex!=0.13 (from cibuildwheel==2.22.0)
2025-12-29T00:58:09.8711120Z   Downloading bashlex-0.18-py2.py3-none-any.whl.metadata (1.1 kB)
2025-12-29T00:58:09.9076070Z Collecting bracex (from cibuildwheel==2.22.0)
2025-12-29T00:58:09.9212860Z   Downloading bracex-2.6-py3-none-any.whl.metadata (3.6 kB)
2025-12-29T00:58:09.9386730Z Requirement already satisfied: certifi in /Library/Frameworks/Python.framework/Versions/3.11/lib/python3.11/site-packages (from cibuildwheel==2.22.0) (2025.11.12)
2025-12-29T00:58:09.9841560Z Collecting dependency-groups>=1.2 (from cibuildwheel==2.22.0)
2025-12-29T00:58:09.9916740Z   Downloading dependency_groups-1.3.1-py3-none-any.whl.metadata (2.3 kB)
2025-12-29T00:58:10.0351100Z Collecting filelock (from cibuildwheel==2.22.0)
2025-12-29T00:58:10.0410880Z   Downloading filelock-3.20.1-py3-none-any.whl.metadata (2.1 kB)
2025-12-29T00:58:10.0804870Z Collecting packaging>=20.9 (from cibuildwheel==2.22.0)
2025-12-29T00:58:10.0871390Z   Downloading packaging-25.0-py3-none-any.whl.metadata (3.3 kB)
2025-12-29T00:58:10.1709470Z Collecting platformdirs (from cibuildwheel==2.22.0)
2025-12-29T00:58:10.1767220Z   Downloading platformdirs-4.5.1-py3-none-any.whl.metadata (12 kB)
2025-12-29T00:58:10.2177420Z Downloading cibuildwheel-2.22.0-py3-none-any.whl (91 kB)
2025-12-29T00:58:10.2376970Z Downloading bashlex-0.18-py2.py3-none-any.whl (69 kB)
2025-12-29T00:58:10.2501160Z Downloading dependency_groups-1.3.1-py3-none-any.whl (8.7 kB)
2025-12-29T00:58:10.2627390Z Downloading packaging-25.0-py3-none-any.whl (66 kB)
2025-12-29T00:58:10.2771710Z Downloading bracex-2.6-py3-none-any.whl (11 kB)
2025-12-29T00:58:10.2922020Z Downloading filelock-3.20.1-py3-none-any.whl (16 kB)
2025-12-29T00:58:10.3047450Z Downloading platformdirs-4.5.1-py3-none-any.whl (18 kB)
2025-12-29T00:58:10.3485720Z Installing collected packages: platformdirs, packaging, filelock, bracex, bashlex, dependency-groups, cibuildwheel
2025-12-29T00:58:10.6226270Z 
2025-12-29T00:58:10.6241110Z Successfully installed bashlex-0.18 bracex-2.6 cibuildwheel-2.22.0 dependency-groups-1.3.1 filelock-3.20.1 packaging-25.0 platformdirs-4.5.1
2025-12-29T00:58:10.8021840Z ##[group]Run echo "===== System Information ====="
2025-12-29T00:58:10.8022620Z [36;1mecho "===== System Information ====="[0m
2025-12-29T00:58:10.8023140Z [36;1muname -a[0m
2025-12-29T00:58:10.8023570Z [36;1mecho "Machine hardware: $(uname -m)"[0m
2025-12-29T00:58:10.8024150Z [36;1mecho "Architecture: $(arch)"[0m
2025-12-29T00:58:10.8024630Z [36;1m[0m
2025-12-29T00:58:10.8024960Z [36;1mecho ""[0m
2025-12-29T00:58:10.8025400Z [36;1mecho "===== Homebrew Locations ====="[0m
2025-12-29T00:58:10.8025940Z [36;1mwhich brew || echo "No brew in PATH"[0m
2025-12-29T00:58:10.8026860Z [36;1mls -la /opt/homebrew/bin/brew 2>/dev/null && echo "ARM64 Homebrew exists" || echo "No ARM64 Homebrew"[0m
2025-12-29T00:58:10.8028130Z [36;1mls -la /usr/local/bin/brew 2>/dev/null && echo "x86_64 Homebrew exists" || echo "No x86_64 Homebrew"[0m
2025-12-29T00:58:10.8087920Z shell: /bin/bash -e {0}
2025-12-29T00:58:10.8088360Z env:
2025-12-29T00:58:10.8088990Z   pythonLocation: /Users/runner/hostedtoolcache/Python/3.11.9/x64
2025-12-29T00:58:10.8089890Z   PKG_CONFIG_PATH: /Users/runner/hostedtoolcache/Python/3.11.9/x64/lib/pkgconfig
2025-12-29T00:58:10.8090800Z   Python_ROOT_DIR: /Users/runner/hostedtoolcache/Python/3.11.9/x64
2025-12-29T00:58:10.8091590Z   Python2_ROOT_DIR: /Users/runner/hostedtoolcache/Python/3.11.9/x64
2025-12-29T00:58:10.8092420Z   Python3_ROOT_DIR: /Users/runner/hostedtoolcache/Python/3.11.9/x64
2025-12-29T00:58:10.8093060Z ##[endgroup]
2025-12-29T00:58:10.8271610Z ===== System Information =====
2025-12-29T00:58:10.8302070Z Darwin Mac-1766967912471.local 24.6.0 Darwin Kernel Version 24.6.0: Wed Nov  5 21:30:23 PST 2025; root:xnu-11417.140.69.705.2~1/RELEASE_X86_64 x86_64
2025-12-29T00:58:10.8336170Z Machine hardware: x86_64
2025-12-29T00:58:10.8414850Z Architecture: i386
2025-12-29T00:58:10.8415440Z 
2025-12-29T00:58:10.8415840Z ===== Homebrew Locations =====
2025-12-29T00:58:10.8468230Z /usr/local/bin/brew
2025-12-29T00:58:10.8526300Z No ARM64 Homebrew
2025-12-29T00:58:10.8594980Z lrwxr-xr-x  1 runner  admin  20 Dec 16 03:39 /usr/local/bin/brew -> ../Homebrew/bin/brew
2025-12-29T00:58:10.8598260Z x86_64 Homebrew exists
2025-12-29T00:58:10.8678840Z ##[group]Run echo "===== Installing x86_64 Homebrew and gfortran ====="
2025-12-29T00:58:10.8679910Z [36;1mecho "===== Installing x86_64 Homebrew and gfortran ====="[0m
2025-12-29T00:58:10.8680530Z [36;1m[0m
2025-12-29T00:58:10.8681010Z [36;1m# Remove ARM64 brew from PATH to avoid confusion[0m
2025-12-29T00:58:10.8681760Z [36;1mexport PATH="/usr/local/bin:/usr/bin:/bin:/usr/sbin:/sbin"[0m
2025-12-29T00:58:10.8682380Z [36;1m[0m
2025-12-29T00:58:10.8682760Z [36;1m# Install x86_64 Homebrew if needed[0m
2025-12-29T00:58:10.8683300Z [36;1mif [ ! -f /usr/local/bin/brew ]; then[0m
2025-12-29T00:58:10.8683890Z [36;1m  echo "Installing x86_64 Homebrew..."[0m
2025-12-29T00:58:10.8684980Z [36;1m  arch -x86_64 /bin/bash -c "$(curl -fsSL https://raw.githubusercontent.com/Homebrew/install/HEAD/install.sh)"[0m
2025-12-29T00:58:10.8685970Z [36;1mfi[0m
2025-12-29T00:58:10.8686310Z [36;1m[0m
2025-12-29T00:58:10.8686640Z [36;1m# Verify x86_64 Homebrew[0m
2025-12-29T00:58:10.8687210Z [36;1mif [ -f /usr/local/bin/brew ]; then[0m
2025-12-29T00:58:10.8687750Z [36;1m  echo "x86_64 Homebrew installed"[0m
2025-12-29T00:58:10.8688300Z [36;1m  arch -x86_64 /usr/local/bin/brew --version[0m
2025-12-29T00:58:10.8688810Z [36;1m[0m
2025-12-29T00:58:10.8689140Z [36;1m  # Install gcc[0m
2025-12-29T00:58:10.8689550Z [36;1m  echo "Installing x86_64 gcc..."[0m
2025-12-29T00:58:10.8690120Z [36;1m  arch -x86_64 /usr/local/bin/brew install gcc[0m
2025-12-29T00:58:10.8690630Z [36;1m[0m
2025-12-29T00:58:10.8690970Z [36;1m  # Find and verify gfortran[0m
2025-12-29T00:58:10.8691690Z [36;1m  GFORTRAN_PATH=$(arch -x86_64 /usr/local/bin/brew --prefix gcc)/bin/gfortran[0m
2025-12-29T00:58:10.8693480Z [36;1m  echo "Found gfortran at: $GFORTRAN_PATH"[0m
2025-12-29T00:58:10.8694070Z [36;1m[0m
2025-12-29T00:58:10.8694460Z [36;1m  echo "Checking gfortran architecture:"[0m
2025-12-29T00:58:10.8695040Z [36;1m  file "$GFORTRAN_PATH"[0m
2025-12-29T00:58:10.8695670Z [36;1m  lipo -info "$GFORTRAN_PATH" 2>/dev/null || echo "Not a fat binary"[0m
2025-12-29T00:58:10.8696520Z [36;1m[0m
2025-12-29T00:58:10.8696930Z [36;1m  echo "Checking libgfortran architecture:"[0m
2025-12-29T00:58:10.8698200Z [36;1m  LIBGFORTRAN=$(arch -x86_64 /usr/local/bin/brew --prefix gcc)/lib/gcc/current/libgfortran.5.dylib[0m
2025-12-29T00:58:10.8699210Z [36;1m  if [ -f "$LIBGFORTRAN" ]; then[0m
2025-12-29T00:58:10.8699740Z [36;1m    lipo -info "$LIBGFORTRAN"[0m
2025-12-29T00:58:10.8700240Z [36;1m  else[0m
2025-12-29T00:58:10.8700630Z [36;1m    echo "Searching for libgfortran..."[0m
2025-12-29T00:58:10.8701800Z [36;1m    find $(arch -x86_64 /usr/local/bin/brew --prefix gcc)/lib -name "libgfortran*.dylib" -exec sh -c 'echo "Found: {}"; lipo -info "{}"' \;[0m
2025-12-29T00:58:10.8703250Z [36;1m  fi[0m
2025-12-29T00:58:10.8703780Z [36;1m[0m
2025-12-29T00:58:10.8704470Z [36;1m  # Export for later steps[0m
2025-12-29T00:58:10.8705040Z [36;1m  echo "X86_GFORTRAN=$GFORTRAN_PATH" >> $GITHUB_ENV[0m
2025-12-29T00:58:10.8705940Z [36;1m  echo "X86_GCC_PREFIX=$(arch -x86_64 /usr/local/bin/brew --prefix gcc)" >> $GITHUB_ENV[0m
2025-12-29T00:58:10.8706750Z [36;1melse[0m
2025-12-29T00:58:10.8707180Z [36;1m  echo "ERROR: Failed to install x86_64 Homebrew"[0m
2025-12-29T00:58:10.8708410Z [36;1m  exit 1[0m
2025-12-29T00:58:10.8708760Z [36;1mfi[0m
2025-12-29T00:58:10.8772700Z shell: /bin/bash -e {0}
2025-12-29T00:58:10.8773260Z env:
2025-12-29T00:58:10.8773810Z   pythonLocation: /Users/runner/hostedtoolcache/Python/3.11.9/x64
2025-12-29T00:58:10.8774680Z   PKG_CONFIG_PATH: /Users/runner/hostedtoolcache/Python/3.11.9/x64/lib/pkgconfig
2025-12-29T00:58:10.8775610Z   Python_ROOT_DIR: /Users/runner/hostedtoolcache/Python/3.11.9/x64
2025-12-29T00:58:10.8776430Z   Python2_ROOT_DIR: /Users/runner/hostedtoolcache/Python/3.11.9/x64
2025-12-29T00:58:10.8777240Z   Python3_ROOT_DIR: /Users/runner/hostedtoolcache/Python/3.11.9/x64
2025-12-29T00:58:10.8777970Z ##[endgroup]
2025-12-29T00:58:10.8958880Z ===== Installing x86_64 Homebrew and gfortran =====
2025-12-29T00:58:10.8959890Z x86_64 Homebrew installed
2025-12-29T00:58:11.1313440Z Homebrew 5.0.5
2025-12-29T00:58:11.2848850Z Homebrew/homebrew-core (git revision 12f3c49a843; last commit 2025-12-16)
2025-12-29T00:58:11.4298330Z Homebrew/homebrew-cask (git revision 2316eebdafd; last commit 2025-12-16)
2025-12-29T00:58:11.4300290Z Installing x86_64 gcc...
2025-12-29T00:58:16.2298970Z ✔︎ JSON API formula_tap_migrations.jws.json
2025-12-29T00:58:16.2299840Z ✔︎ JSON API cask_tap_migrations.jws.json
2025-12-29T00:58:17.7049310Z ##[warning]gcc 15.2.0 is already installed and up-to-date.
To reinstall 15.2.0, run:
  brew reinstall gcc

2025-12-29T00:58:17.8321000Z Found gfortran at: /usr/local/opt/gcc/bin/gfortran
2025-12-29T00:58:17.8321830Z Checking gfortran architecture:
2025-12-29T00:58:17.8428020Z /usr/local/opt/gcc/bin/gfortran: Mach-O 64-bit executable x86_64
2025-12-29T00:58:18.6658420Z Non-fat file: /usr/local/opt/gcc/bin/gfortran is architecture: x86_64
2025-12-29T00:58:18.6659650Z Checking libgfortran architecture:
2025-12-29T00:58:18.7743200Z Non-fat file: /usr/local/opt/gcc/lib/gcc/current/libgfortran.5.dylib is architecture: x86_64
2025-12-29T00:58:18.8446680Z ##[group]Run python -m cibuildwheel --output-dir wheelhouse
2025-12-29T00:58:18.8447540Z [36;1mpython -m cibuildwheel --output-dir wheelhouse[0m
2025-12-29T00:58:18.8506060Z shell: /bin/bash -e {0}
2025-12-29T00:58:18.8506510Z env:
2025-12-29T00:58:18.8507000Z   pythonLocation: /Users/runner/hostedtoolcache/Python/3.11.9/x64
2025-12-29T00:58:18.8507930Z   PKG_CONFIG_PATH: /Users/runner/hostedtoolcache/Python/3.11.9/x64/lib/pkgconfig
2025-12-29T00:58:18.8508830Z   Python_ROOT_DIR: /Users/runner/hostedtoolcache/Python/3.11.9/x64
2025-12-29T00:58:18.8510120Z   Python2_ROOT_DIR: /Users/runner/hostedtoolcache/Python/3.11.9/x64
2025-12-29T00:58:18.8510960Z   Python3_ROOT_DIR: /Users/runner/hostedtoolcache/Python/3.11.9/x64
2025-12-29T00:58:18.8511660Z   X86_GFORTRAN: /usr/local/opt/gcc/bin/gfortran
2025-12-29T00:58:18.8512210Z   X86_GCC_PREFIX: /usr/local/opt/gcc
2025-12-29T00:58:18.8512670Z   CIBW_BUILD_VERBOSITY: 1
2025-12-29T00:58:18.8513160Z   CIBW_ARCHS_MACOS: x86_64
2025-12-29T00:58:18.8514220Z   CIBW_ENVIRONMENT_MACOS: MACOSX_DEPLOYMENT_TARGET=15.0 ARCHFLAGS="-arch x86_64" GFORTRAN_PATH=/usr/local/opt/gcc/bin/gfortran

2025-12-29T00:58:18.8517900Z   CIBW_BEFORE_BUILD_MACOS: echo "===== Build Environment =====" && echo "GFORTRAN_PATH: $GFORTRAN_PATH" && echo "ARCHFLAGS: $ARCHFLAGS" && file "$GFORTRAN_PATH" && python compile_fortran.py && echo "===== Compiled Library Architecture =====" && file pychnosz/fortran/h2o92.dylib && lipo -info pychnosz/fortran/h2o92.dylib && echo "===== Linked Libraries =====" && otool -L pychnosz/fortran/h2o92.dylib

2025-12-29T00:58:18.8520600Z ##[endgroup]
2025-12-29T00:58:19.2410970Z 
2025-12-29T00:58:19.2743470Z      _ _       _ _   _       _           _
2025-12-29T00:58:19.2770860Z  ___|_| |_ _ _|_| |_| |_ _ _| |_ ___ ___| |
2025-12-29T00:58:19.3560990Z |  _| | . | | | | | . | | | |   | -_| -_| |
2025-12-29T00:58:19.3567250Z |___|_|___|___|_|_|___|_____|_|_|___|___|_|
2025-12-29T00:58:19.3647250Z 
2025-12-29T00:58:19.3671350Z cibuildwheel version 2.22.0
2025-12-29T00:58:19.3674750Z 
2025-12-29T00:58:19.3675720Z Build options:
2025-12-29T00:58:19.3700690Z   platform: macos
2025-12-29T00:58:19.3701500Z   [38;5;244mallow_empty: False[0m
2025-12-29T00:58:19.3702040Z   [38;5;244marchitectures: x86_64[0m
2025-12-29T00:58:19.3702520Z   build_selector: 
2025-12-29T00:58:19.3702940Z     build_config: cp310-* cp311-* cp312-* cp313-*
2025-12-29T00:58:19.3703610Z     skip_config: *-win32 *-manylinux_i686 *-musllinux* pp*
2025-12-29T00:58:19.3704210Z     requires_python: >=3.10
2025-12-29T00:58:19.3704670Z     enable: ['pypy'][0m
2025-12-29T00:58:19.3705430Z   output_dir: /Users/runner/work/pychnosz/pychnosz/wheelhouse[0m
2025-12-29T00:58:19.3706210Z   package_dir: /Users/runner/work/pychnosz/pychnosz[0m
2025-12-29T00:58:19.3706850Z   [38;5;244mtest_selector: 
2025-12-29T00:58:19.3707310Z [38;5;244m    skip_config:[0m
2025-12-29T00:58:19.3707790Z   [38;5;244mbefore_all: [0m
2025-12-29T00:58:19.3708200Z   before_build: 
2025-12-29T00:58:19.3710970Z     echo "===== Build Environment =====" && echo "GFORTRAN_PATH: $GFORTRAN_PATH" && echo "ARCHFLAGS: $ARCHFLAGS" && file "$GFORTRAN_PATH" && python compile_fortran.py && echo "===== Compiled Library Architecture =====" && file pychnosz/fortran/h2o92.dylib && lipo -info pychnosz/fortran/h2o92.dylib && echo "===== Linked Libraries =====" && otool -L pychnosz/fortran/h2o92.dylib[0m
2025-12-29T00:58:19.3713930Z   [38;5;244mbefore_test: [0m
2025-12-29T00:58:19.3714420Z   [38;5;244mbuild_frontend: None[0m
2025-12-29T00:58:19.3714950Z   build_verbosity: 1[0m
2025-12-29T00:58:19.3715420Z   [38;5;244mconfig_settings: [0m
2025-12-29T00:58:19.3715960Z   [38;5;244mcontainer_engine: docker[0m
2025-12-29T00:58:19.3716600Z   [38;5;244mdependency_constraints: pinned[0m
2025-12-29T00:58:19.3717100Z   environment: 
2025-12-29T00:58:19.3717500Z     MACOSX_DEPLOYMENT_TARGET=15.0
2025-12-29T00:58:19.3717940Z     ARCHFLAGS="-arch x86_64"
2025-12-29T00:58:19.3718530Z     GFORTRAN_PATH=/usr/local/opt/gcc/bin/gfortran[0m
2025-12-29T00:58:19.3719880Z   [38;5;244mmanylinux_images: None[0m
2025-12-29T00:58:19.3720500Z   [38;5;244mmusllinux_images: None[0m
2025-12-29T00:58:19.3721520Z   [38;5;244mrepair_command: delocate-wheel --require-archs {delocate_archs} -w {dest_dir} -v {wheel}[0m
2025-12-29T00:58:19.3722880Z   test_command: python {project}/test_integration.py[0m
2025-12-29T00:58:19.3723860Z   [38;5;244mtest_extras: [0m
2025-12-29T00:58:19.3724410Z   [38;5;244mtest_groups: [0m
2025-12-29T00:58:19.3724840Z   test_requires: 
2025-12-29T00:58:19.3725220Z     pytest
2025-12-29T00:58:19.3726000Z     numpy
2025-12-29T00:58:19.3726310Z     pandas
2025-12-29T00:58:19.3726960Z     scipy
2025-12-29T00:58:19.3727540Z     matplotlib[0m
2025-12-29T00:58:19.3727740Z 
2025-12-29T00:58:19.3728000Z Cache folder: /Users/runner/Library/Caches/cibuildwheel
2025-12-29T00:58:19.3728410Z 
2025-12-29T00:58:19.3728600Z Here we go!
2025-12-29T00:58:19.3728790Z 
2025-12-29T00:58:19.3728790Z 
2025-12-29T00:58:19.3729040Z [1m[34mBuilding cp310-macosx_x86_64 wheel[0m
2025-12-29T00:58:19.3729570Z CPython 3.10 macOS x86_64
2025-12-29T00:58:19.3729810Z 
2025-12-29T00:58:19.3731390Z ##[group]Installing Python cp310...
2025-12-29T00:58:19.3731730Z 
2025-12-29T00:58:19.3731870Z + pkgutil --pkgs
2025-12-29T00:58:19.3733280Z + Download https://www.python.org/ftp/python/3.10.11/python-3.10.11-macos11.pkg to /private/var/folders/6k/3_2ylbdd4rl8w3kbs55s3kk80000gn/T/cibw-run-1oxoukq_/cp310-macosx_x86_64/build/Python.pkg
2025-12-29T00:58:19.5503720Z + sudo installer -pkg /private/var/folders/6k/3_2ylbdd4rl8w3kbs55s3kk80000gn/T/cibw-run-1oxoukq_/cp310-macosx_x86_64/build/Python.pkg -target /
2025-12-29T00:58:41.7668500Z installer: Package name is Python
2025-12-29T00:58:41.8030560Z installer: Upgrading at base path /
2025-12-29T00:58:41.8143590Z installer: The upgrade was successful.
2025-12-29T00:58:41.8519260Z + /Library/Frameworks/Python.framework/Versions/3.10/bin/python3 /Library/Frameworks/Python.framework/Versions/3.11/lib/python3.11/site-packages/cibuildwheel/resources/install_certifi.py
2025-12-29T00:58:42.6062770Z Collecting certifi
2025-12-29T00:58:42.6298300Z   Downloading certifi-2025.11.12-py3-none-any.whl (159 kB)
2025-12-29T00:58:42.6488960Z      ━━━━━━━━━━━━━━━━━━━━━━━━━━━━━━━━━━━━━━ 159.4/159.4 kB 10.0 MB/s eta 0:00:00
2025-12-29T00:58:42.6991160Z Installing collected packages: certifi
2025-12-29T00:58:42.7408250Z Successfully installed certifi-2025.11.12
2025-12-29T00:58:42.8286900Z  -- pip install --upgrade certifi
2025-12-29T00:58:42.8304480Z  -- removing any existing file or link
2025-12-29T00:58:42.8313480Z  -- creating symlink to certifi certificate bundle
2025-12-29T00:58:42.8315530Z  -- setting permissions
2025-12-29T00:58:42.8317360Z  -- update complete
2025-12-29T00:58:42.8392600Z ##[endgroup]
2025-12-29T00:58:42.8456030Z                                                              [32m✓ [0m23.56s
2025-12-29T00:58:42.8467160Z ##[group]Setting up build environment...
2025-12-29T00:58:42.8499920Z 
2025-12-29T00:58:42.8516940Z + Download https://github.com/pypa/get-virtualenv/blob/20.27.1/public/virtualenv.pyz?raw=true to /Users/runner/Library/Caches/cibuildwheel/virtualenv-20.27.1.pyz
2025-12-29T00:58:44.7972220Z + /Library/Frameworks/Python.framework/Versions/3.11/bin/python -sS /Users/runner/Library/Caches/cibuildwheel/virtualenv-20.27.1.pyz --activators= --no-periodic-update --pip=24.3.1 --no-setuptools --no-wheel --symlink-app-data --python /Library/Frameworks/Python.framework/Versions/3.10/bin/python3 /private/var/folders/6k/3_2ylbdd4rl8w3kbs55s3kk80000gn/T/cibw-run-1oxoukq_/cp310-macosx_x86_64/build/venv
2025-12-29T00:58:47.0397720Z created virtual environment CPython3.10.11.final.0-64 in 1701ms
2025-12-29T00:58:47.0403840Z   creator CPython3Posix(dest=/private/var/folders/6k/3_2ylbdd4rl8w3kbs55s3kk80000gn/T/cibw-run-1oxoukq_/cp310-macosx_x86_64/build/venv, clear=False, no_vcs_ignore=False, global=False)
2025-12-29T00:58:47.0407070Z   seeder FromAppData(download=False, pip=24.3.1, via=symlink, app_data_dir=/Users/runner/Library/Application Support/virtualenv)
2025-12-29T00:58:47.0408290Z     added seed packages: pip==24.3.1
2025-12-29T00:58:47.0874080Z + python -m pip install --upgrade pip -c /Library/Frameworks/Python.framework/Versions/3.11/lib/python3.11/site-packages/cibuildwheel/resources/constraints-python310.txt
2025-12-29T00:58:47.8205000Z Requirement already satisfied: pip in ./lib/python3.10/site-packages (24.3.1)
2025-12-29T00:58:48.0696160Z + which python
2025-12-29T00:58:48.0792300Z /private/var/folders/6k/3_2ylbdd4rl8w3kbs55s3kk80000gn/T/cibw-run-1oxoukq_/cp310-macosx_x86_64/build/venv/bin/python
2025-12-29T00:58:48.0816560Z + python --version
2025-12-29T00:58:48.1005600Z Python 3.10.11
2025-12-29T00:58:48.1032510Z + which pip
2025-12-29T00:58:48.1107000Z /private/var/folders/6k/3_2ylbdd4rl8w3kbs55s3kk80000gn/T/cibw-run-1oxoukq_/cp310-macosx_x86_64/build/venv/bin/pip
2025-12-29T00:58:48.1114450Z + pip --version
2025-12-29T00:58:48.4012780Z pip 24.3.1 from /private/var/folders/6k/3_2ylbdd4rl8w3kbs55s3kk80000gn/T/cibw-run-1oxoukq_/cp310-macosx_x86_64/build/venv/lib/python3.10/site-packages/pip (python 3.10)
2025-12-29T00:58:48.4351460Z ##[endgroup]
2025-12-29T00:58:48.4398690Z                                                               [32m✓ [0m5.60s
2025-12-29T00:58:48.4456900Z ##[group]Installing build tools...
2025-12-29T00:58:48.4470230Z 
2025-12-29T00:58:48.4490280Z + pip install --upgrade delocate -c /Library/Frameworks/Python.framework/Versions/3.11/lib/python3.11/site-packages/cibuildwheel/resources/constraints-python310.txt
2025-12-29T00:58:49.1287030Z Collecting delocate
2025-12-29T00:58:49.1445430Z   Downloading delocate-0.12.0-py3-none-any.whl.metadata (15 kB)
2025-12-29T00:58:49.1916320Z Collecting packaging>=20.9 (from delocate)
2025-12-29T00:58:49.1987380Z   Downloading packaging-24.2-py3-none-any.whl.metadata (3.2 kB)
2025-12-29T00:58:49.2628100Z Collecting typing-extensions (from delocate)
2025-12-29T00:58:49.2734060Z   Downloading typing_extensions-4.12.2-py3-none-any.whl.metadata (3.0 kB)
2025-12-29T00:58:49.3030560Z Collecting macholib (from delocate)
2025-12-29T00:58:49.3139670Z   Downloading macholib-1.16.3-py2.py3-none-any.whl.metadata (11 kB)
2025-12-29T00:58:49.3505790Z Collecting altgraph>=0.17 (from macholib->delocate)
2025-12-29T00:58:49.3620460Z   Downloading altgraph-0.17.4-py2.py3-none-any.whl.metadata (7.3 kB)
2025-12-29T00:58:49.3869490Z Downloading delocate-0.12.0-py3-none-any.whl (236 kB)
2025-12-29T00:58:49.4103250Z Downloading packaging-24.2-py3-none-any.whl (65 kB)
2025-12-29T00:58:49.4296230Z Downloading macholib-1.16.3-py2.py3-none-any.whl (38 kB)
2025-12-29T00:58:49.4471300Z Downloading typing_extensions-4.12.2-py3-none-any.whl (37 kB)
2025-12-29T00:58:49.4626000Z Downloading altgraph-0.17.4-py2.py3-none-any.whl (21 kB)
2025-12-29T00:58:49.4904110Z Installing collected packages: altgraph, typing-extensions, packaging, macholib, delocate
2025-12-29T00:58:49.7559970Z Successfully installed altgraph-0.17.4 delocate-0.12.0 macholib-1.16.3 packaging-24.2 typing-extensions-4.12.2
2025-12-29T00:58:49.8274010Z + python -m pip freeze --all
2025-12-29T00:58:50.2085850Z ##[endgroup]
2025-12-29T00:58:50.2116360Z                                                               [32m✓ [0m1.77s
2025-12-29T00:58:50.2136030Z ##[group]Running before_build...
2025-12-29T00:58:50.2139750Z 
2025-12-29T00:58:50.2148910Z + echo "===== Build Environment =====" && echo "GFORTRAN_PATH: $GFORTRAN_PATH" && echo "ARCHFLAGS: $ARCHFLAGS" && file "$GFORTRAN_PATH" && python compile_fortran.py && echo "===== Compiled Library Architecture =====" && file pychnosz/fortran/h2o92.dylib && lipo -info pychnosz/fortran/h2o92.dylib && echo "===== Linked Libraries =====" && otool -L pychnosz/fortran/h2o92.dylib
2025-12-29T00:58:50.2151560Z 
2025-12-29T00:58:50.2178780Z ===== Build Environment =====
2025-12-29T00:58:50.2179420Z GFORTRAN_PATH: /usr/local/opt/gcc/bin/gfortran
2025-12-29T00:58:50.2184190Z ARCHFLAGS: -arch x86_64
2025-12-29T00:58:50.2238660Z /usr/local/opt/gcc/bin/gfortran: Mach-O 64-bit executable x86_64
2025-12-29T00:58:53.8071170Z /var/folders/6k/3_2ylbdd4rl8w3kbs55s3kk80000gn/T/tmpw2thri0f.f:695:72:
2025-12-29T00:58:53.8071830Z 
2025-12-29T00:58:53.8072010Z   695 |  10             wpliq(i) = wprops(i)
2025-12-29T00:58:53.8072560Z       |                                                                        1
2025-12-29T00:58:53.8073840Z Warning: Fortran 2018 deleted feature: DO termination statement which is not END DO or CONTINUE with label 10 at (1)
2025-12-29T00:58:53.8075170Z /var/folders/6k/3_2ylbdd4rl8w3kbs55s3kk80000gn/T/tmpw2thri0f.f:867:72:
2025-12-29T00:58:53.8076140Z 
2025-12-29T00:58:53.8076300Z   867 |  2         v(i) = v(i-1) * tz / t
2025-12-29T00:58:53.8076800Z       |                                                                        1
2025-12-29T00:58:53.8077840Z Warning: Fortran 2018 deleted feature: DO termination statement which is not END DO or CONTINUE with label 2 at (1)
2025-12-29T00:58:53.8079010Z /var/folders/6k/3_2ylbdd4rl8w3kbs55s3kk80000gn/T/tmpw2thri0f.f:882:72:
2025-12-29T00:58:53.8079530Z 
2025-12-29T00:58:53.8079780Z   882 |  4         b2tt = b2tt + bq(i) * (i-2)*(i-2) * v(i-1) / t / t
2025-12-29T00:58:53.8080430Z       |                                                                        1
2025-12-29T00:58:53.8081430Z Warning: Fortran 2018 deleted feature: DO termination statement which is not END DO or CONTINUE with label 4 at (1)
2025-12-29T00:58:53.8082570Z /var/folders/6k/3_2ylbdd4rl8w3kbs55s3kk80000gn/T/tmpw2thri0f.f:988:72:
2025-12-29T00:58:53.8083090Z 
2025-12-29T00:58:53.8083260Z   988 |  4         qt(i)   = qt(i-1) * v
2025-12-29T00:58:53.8083750Z       |                                                                        1
2025-12-29T00:58:53.8084800Z Warning: Fortran 2018 deleted feature: DO termination statement which is not END DO or CONTINUE with label 4 at (1)
2025-12-29T00:58:53.8085940Z /var/folders/6k/3_2ylbdd4rl8w3kbs55s3kk80000gn/T/tmpw2thri0f.f:1007:72:
2025-12-29T00:58:53.8086470Z 
2025-12-29T00:58:53.8086650Z  1007 |  10        cvr   = cvr   + g(i)*d2f/gascon
2025-12-29T00:58:53.8087200Z       |                                                                        1
2025-12-29T00:58:53.8088290Z Warning: Fortran 2018 deleted feature: DO termination statement which is not END DO or CONTINUE with label 10 at (1)
2025-12-29T00:58:53.8089480Z /var/folders/6k/3_2ylbdd4rl8w3kbs55s3kk80000gn/T/tmpw2thri0f.f:1091:72:
2025-12-29T00:58:53.8090000Z 
2025-12-29T00:58:53.8090220Z  1091 |  8         cpi = cpi + c(i) * (i-6) * (i-5) * emult
2025-12-29T00:58:53.8090840Z       |                                                                        1
2025-12-29T00:58:53.8091870Z Warning: Fortran 2018 deleted feature: DO termination statement which is not END DO or CONTINUE with label 8 at (1)
2025-12-29T00:58:53.8093120Z /var/folders/6k/3_2ylbdd4rl8w3kbs55s3kk80000gn/T/tmpw2thri0f.f:1451:72:
2025-12-29T00:58:53.8093660Z 
2025-12-29T00:58:53.8093830Z  1451 |  4         b = b + y
2025-12-29T00:58:53.8094260Z       |                                                                        1
2025-12-29T00:58:53.8095310Z Warning: Fortran 2018 deleted feature: DO termination statement which is not END DO or CONTINUE with label 4 at (1)
2025-12-29T00:58:53.8096470Z /var/folders/6k/3_2ylbdd4rl8w3kbs55s3kk80000gn/T/tmpw2thri0f.f:2707:72:
2025-12-29T00:58:53.8096960Z 
2025-12-29T00:58:53.8097160Z  2707 |  10        props(key(i,phase)) = ptemp(i)
2025-12-29T00:58:53.8097700Z       |                                                                        1
2025-12-29T00:58:53.8098700Z Warning: Fortran 2018 deleted feature: DO termination statement which is not END DO or CONTINUE with label 10 at (1)
2025-12-29T00:58:53.8099850Z /var/folders/6k/3_2ylbdd4rl8w3kbs55s3kk80000gn/T/tmpw2thri0f.f:3122:72:
2025-12-29T00:58:53.8100360Z 
2025-12-29T00:58:53.8100550Z  3122 |  10        sum = sum + a(i+1)/T**i
2025-12-29T00:58:53.8101050Z       |                                                                        1
2025-12-29T00:58:53.8102470Z Warning: Fortran 2018 deleted feature: DO termination statement which is not END DO or CONTINUE with label 10 at (1)
2025-12-29T00:58:53.8103650Z /var/folders/6k/3_2ylbdd4rl8w3kbs55s3kk80000gn/T/tmpw2thri0f.f:3127:72:
2025-12-29T00:58:53.8104200Z 
2025-12-29T00:58:53.8104340Z  3127 |            DO 20  j=0,6
2025-12-29T00:58:53.8104790Z       |                                                                        1
2025-12-29T00:58:53.8105550Z Warning: Fortran 2018 deleted feature: Shared DO termination label 20 at (1)
2025-12-29T00:58:53.8106460Z /var/folders/6k/3_2ylbdd4rl8w3kbs55s3kk80000gn/T/tmpw2thri0f.f:3128:72:
2025-12-29T00:58:53.8107300Z 
2025-12-29T00:58:53.8107570Z  3128 |  20             sum = sum + b(i+1,j+1) * (1.0d0/T-1)**i * (D-1)**j
2025-12-29T00:58:53.8108340Z       |                                                                        1
2025-12-29T00:58:53.8109560Z Warning: Fortran 2018 deleted feature: DO termination statement which is not END DO or CONTINUE with label 20 at (1)
2025-12-29T00:58:53.8110750Z /var/folders/6k/3_2ylbdd4rl8w3kbs55s3kk80000gn/T/tmpw2thri0f.f:3210:72:
2025-12-29T00:58:53.8111270Z 
2025-12-29T00:58:53.8111450Z  3210 |  10        sum = sum + aL(i+1)/T**i
2025-12-29T00:58:53.8111970Z       |                                                                        1
2025-12-29T00:58:53.8113010Z Warning: Fortran 2018 deleted feature: DO termination statement which is not END DO or CONTINUE with label 10 at (1)
2025-12-29T00:58:53.8114140Z /var/folders/6k/3_2ylbdd4rl8w3kbs55s3kk80000gn/T/tmpw2thri0f.f:3215:72:
2025-12-29T00:58:53.8114690Z 
2025-12-29T00:58:53.8114820Z  3215 |            DO 20  j=0,5
2025-12-29T00:58:53.8115300Z       |                                                                        1
2025-12-29T00:58:53.8116030Z Warning: Fortran 2018 deleted feature: Shared DO termination label 20 at (1)
2025-12-29T00:58:53.8116920Z /var/folders/6k/3_2ylbdd4rl8w3kbs55s3kk80000gn/T/tmpw2thri0f.f:3216:72:
2025-12-29T00:58:53.8117430Z 
2025-12-29T00:58:53.8117660Z  3216 |  20             sum = sum + bL(j+1,i+1) * (1.0d0/T-1)**i * (D-1)**j
2025-12-29T00:58:53.8118290Z       |                                                                        1
2025-12-29T00:58:53.8119330Z Warning: Fortran 2018 deleted feature: DO termination statement which is not END DO or CONTINUE with label 20 at (1)
2025-12-29T00:58:53.8120490Z /var/folders/6k/3_2ylbdd4rl8w3kbs55s3kk80000gn/T/tmpw2thri0f.f:3221:72:
2025-12-29T00:58:53.8121010Z 
2025-12-29T00:58:53.8121200Z  3221 |  40        sum = sum + au(i+1)/T**i
2025-12-29T00:58:53.8121720Z       |                                                                        1
2025-12-29T00:58:53.8122790Z Warning: Fortran 2018 deleted feature: DO termination statement which is not END DO or CONTINUE with label 40 at (1)
2025-12-29T00:58:53.8123970Z /var/folders/6k/3_2ylbdd4rl8w3kbs55s3kk80000gn/T/tmpw2thri0f.f:3226:72:
2025-12-29T00:58:53.8124480Z 
2025-12-29T00:58:53.8124630Z  3226 |            DO 50  j=0,4
2025-12-29T00:58:53.8125110Z       |                                                                        1
2025-12-29T00:58:53.8125860Z Warning: Fortran 2018 deleted feature: Shared DO termination label 50 at (1)
2025-12-29T00:58:53.8126770Z /var/folders/6k/3_2ylbdd4rl8w3kbs55s3kk80000gn/T/tmpw2thri0f.f:3227:72:
2025-12-29T00:58:53.8127280Z 
2025-12-29T00:58:53.8127520Z  3227 |  50             sum = sum + bu(j+1,i+1) * (1.0d0/T-1)**i * (D-1)**j
2025-12-29T00:58:53.8128170Z       |                                                                        1
2025-12-29T00:58:53.8129220Z Warning: Fortran 2018 deleted feature: DO termination statement which is not END DO or CONTINUE with label 50 at (1)
2025-12-29T00:58:53.8130370Z /var/folders/6k/3_2ylbdd4rl8w3kbs55s3kk80000gn/T/tmpw2thri0f.f:3423:72:
2025-12-29T00:58:53.8130910Z 
2025-12-29T00:58:53.8131060Z  3423 |    50      eps = eps + c(k)*D**(k-1)
2025-12-29T00:58:53.8131570Z       |                                                                        1
2025-12-29T00:58:53.8133260Z Warning: Fortran 2018 deleted feature: DO termination statement which is not END DO or CONTINUE with label 50 at (1)
2025-12-29T00:58:53.8134480Z /var/folders/6k/3_2ylbdd4rl8w3kbs55s3kk80000gn/T/tmpw2thri0f.f:3427:72:
2025-12-29T00:58:53.8135000Z 
2025-12-29T00:58:53.8135170Z  3427 |   100      dedP = dedP + j*c(j+1)*D**j
2025-12-29T00:58:53.8135730Z       |                                                                        1
2025-12-29T00:58:53.8136740Z Warning: Fortran 2018 deleted feature: DO termination statement which is not END DO or CONTINUE with label 100 at (1)
2025-12-29T00:58:53.8137890Z /var/folders/6k/3_2ylbdd4rl8w3kbs55s3kk80000gn/T/tmpw2thri0f.f:3432:72:
2025-12-29T00:58:53.8139110Z 
2025-12-29T00:58:53.8139400Z  3432 |   200      dedT = dedT + D**j*(dcdT(j+1) - j*alpha*c(j+1))
2025-12-29T00:58:53.8140010Z       |                                                                        1
2025-12-29T00:58:53.8141060Z Warning: Fortran 2018 deleted feature: DO termination statement which is not END DO or CONTINUE with label 200 at (1)
2025-12-29T00:58:53.8142230Z /var/folders/6k/3_2ylbdd4rl8w3kbs55s3kk80000gn/T/tmpw2thri0f.f:3437:72:
2025-12-29T00:58:53.8142770Z 
2025-12-29T00:58:53.8143040Z  3437 |      1         c(j+1)*daldT) - j*alpha*(dcdT(j+1) - j*alpha*c(j+1)))
2025-12-29T00:58:53.8143710Z       |                                                                        1
2025-12-29T00:58:53.8144740Z Warning: Fortran 2018 deleted feature: DO termination statement which is not END DO or CONTINUE with label 300 at (1)
2025-12-29T00:58:53.8145590Z 
2025-12-29T00:58:53.8273090Z ============================================================
2025-12-29T00:58:53.8273800Z Compiling Fortran library for pychnosz
2025-12-29T00:58:53.8274290Z ============================================================
2025-12-29T00:58:53.8274780Z Platform: darwin
2025-12-29T00:58:53.8275110Z Python: 3.10.11
2025-12-29T00:58:53.8275730Z Using explicit gfortran path from GFORTRAN_PATH: /usr/local/opt/gcc/bin/gfortran
2025-12-29T00:58:53.8276490Z Using compiler: /usr/local/opt/gcc/bin/gfortran
2025-12-29T00:58:53.8277070Z Compiling H2O92D.f.orig -> h2o92.dylib
2025-12-29T00:58:53.8277590Z ARCHFLAGS environment variable: '-arch x86_64'
2025-12-29T00:58:53.8278140Z macOS target architecture: x86_64
2025-12-29T00:58:53.8278620Z Current machine architecture: x86_64
2025-12-29T00:58:53.8279400Z Using temporary source file: /var/folders/6k/3_2ylbdd4rl8w3kbs55s3kk80000gn/T/tmpw2thri0f.f
2025-12-29T00:58:53.8281350Z Running: /usr/local/opt/gcc/bin/gfortran -dynamiclib -arch x86_64 -fPIC -O2 /var/folders/6k/3_2ylbdd4rl8w3kbs55s3kk80000gn/T/tmpw2thri0f.f -o /Users/runner/work/pychnosz/pychnosz/pychnosz/fortran/h2o92.dylib
2025-12-29T00:58:53.8282960Z [OK] Successfully compiled h2o92.dylib
2025-12-29T00:58:53.8283670Z   Output: /Users/runner/work/pychnosz/pychnosz/pychnosz/fortran/h2o92.dylib
2025-12-29T00:58:53.8284380Z   Size: 70.1 KB
2025-12-29T00:58:53.8284760Z Verifying architecture of compiled library...
2025-12-29T00:58:53.8285820Z   lipo output: Non-fat file: /Users/runner/work/pychnosz/pychnosz/pychnosz/fortran/h2o92.dylib is architecture: x86_64
2025-12-29T00:58:53.8286800Z ============================================================
2025-12-29T00:58:53.8287290Z Compilation successful!
2025-12-29T00:58:53.8287700Z ============================================================
2025-12-29T00:58:53.8325840Z ===== Compiled Library Architecture =====
2025-12-29T00:58:53.8373490Z pychnosz/fortran/h2o92.dylib: Mach-O 64-bit dynamically linked shared library x86_64
2025-12-29T00:58:53.8556700Z Non-fat file: pychnosz/fortran/h2o92.dylib is architecture: x86_64
2025-12-29T00:58:53.8558040Z ===== Linked Libraries =====
2025-12-29T00:58:54.7019470Z pychnosz/fortran/h2o92.dylib:
2025-12-29T00:58:54.7020590Z 	/Users/runner/work/pychnosz/pychnosz/pychnosz/fortran/h2o92.dylib (compatibility version 0.0.0, current version 0.0.0)
2025-12-29T00:58:54.7023960Z 	/usr/local/opt/gcc/lib/gcc/current/libgfortran.5.dylib (compatibility version 6.0.0, current version 6.0.0)
2025-12-29T00:58:54.7027100Z 	/usr/local/opt/gcc/lib/gcc/current/libgcc_s.1.1.dylib (compatibility version 1.0.0, current version 1.1.0)
2025-12-29T00:58:54.7029410Z 	/usr/local/opt/gcc/lib/gcc/current/libquadmath.0.dylib (compatibility version 1.0.0, current version 1.0.0)
2025-12-29T00:58:54.7031550Z 	/usr/lib/libSystem.B.dylib (compatibility version 1.0.0, current version 1351.0.0)
2025-12-29T00:58:54.7033740Z ##[endgroup]
2025-12-29T00:58:54.7035320Z                                                               [32m✓ [0m4.50s
2025-12-29T00:58:54.7045100Z ##[group]Building wheel...
2025-12-29T00:58:54.7047240Z 
2025-12-29T00:58:54.7061080Z + python -m pip wheel /Users/runner/work/pychnosz/pychnosz --wheel-dir=/private/var/folders/6k/3_2ylbdd4rl8w3kbs55s3kk80000gn/T/cibw-run-1oxoukq_/cp310-macosx_x86_64/built_wheel --no-deps -v
2025-12-29T00:58:55.2583850Z Processing /Users/runner/work/pychnosz/pychnosz
2025-12-29T00:58:55.2771050Z   Running command pip subprocess to install build dependencies
2025-12-29T00:58:55.2771700Z   Installing build dependencies: started
2025-12-29T00:58:55.6264510Z   Using pip 24.3.1 from /Users/runner/Library/Application Support/virtualenv/wheel/3.10/image/1/SymlinkPipInstall/pip-24.3.1-py3-none-any/pip (python 3.10)
2025-12-29T00:58:56.2245850Z   Collecting setuptools>=61.0
2025-12-29T00:58:56.2247720Z     Obtaining dependency information for setuptools>=61.0 from https://files.pythonhosted.org/packages/a3/dc/17031897dae0efacfea57dfd3a82fdd2a2aeb58e0ff71b77b87e44edc772/setuptools-80.9.0-py3-none-any.whl.metadata
2025-12-29T00:58:56.2456960Z     Downloading setuptools-80.9.0-py3-none-any.whl.metadata (6.6 kB)
2025-12-29T00:58:56.3345220Z   Collecting wheel
2025-12-29T00:58:56.3348280Z     Obtaining dependency information for wheel from https://files.pythonhosted.org/packages/0b/2c/87f3254fd8ffd29e4c02732eee68a83a1d3c346ae39bc6822dcbcb697f2b/wheel-0.45.1-py3-none-any.whl.metadata
2025-12-29T00:58:56.3417720Z     Downloading wheel-0.45.1-py3-none-any.whl.metadata (2.3 kB)
2025-12-29T00:58:56.3599350Z   Downloading setuptools-80.9.0-py3-none-any.whl (1.2 MB)
2025-12-29T00:58:56.3850020Z      ━━━━━━━━━━━━━━━━━━━━━━━━━━━━━━━━━━━━━━━━ 1.2/1.2 MB 50.7 MB/s eta 0:00:00
2025-12-29T00:58:56.3915770Z   Downloading wheel-0.45.1-py3-none-any.whl (72 kB)
2025-12-29T00:58:56.4440880Z   Installing collected packages: wheel, setuptools
2025-12-29T00:58:56.5053250Z     Creating /private/var/folders/6k/3_2ylbdd4rl8w3kbs55s3kk80000gn/T/pip-build-env-rjq7oimz/overlay/bin
2025-12-29T00:58:56.5057480Z     changing mode of /private/var/folders/6k/3_2ylbdd4rl8w3kbs55s3kk80000gn/T/pip-build-env-rjq7oimz/overlay/bin/wheel to 755
2025-12-29T00:58:57.6385210Z   Successfully installed setuptools-80.9.0 wheel-0.45.1
2025-12-29T00:58:57.8330380Z   Installing build dependencies: finished with status 'done'
2025-12-29T00:58:57.8357380Z   Running command Getting requirements to build wheel
2025-12-29T00:58:57.8358040Z   Getting requirements to build wheel: started
2025-12-29T00:58:58.1294740Z   /private/var/folders/6k/3_2ylbdd4rl8w3kbs55s3kk80000gn/T/pip-build-env-rjq7oimz/overlay/lib/python3.10/site-packages/setuptools/config/_apply_pyprojecttoml.py:82: SetuptoolsDeprecationWarning: `project.license` as a TOML table is deprecated
2025-12-29T00:58:58.2299890Z   !!
2025-12-29T00:58:58.3302160Z 
2025-12-29T00:58:58.3302860Z   Getting requirements to build wheel: finished with status 'done'
2025-12-29T00:58:58.3466300Z           ********************************************************************************
2025-12-29T00:58:58.3466960Z   Preparing metadata (pyproject.toml): started
2025-12-29T00:58:58.3532360Z           Please use a simple string containing a SPDX expression for `project.license`. You can also use `project.license-files`. (Both options available on setuptools>=77.0.0).
2025-12-29T00:58:58.4535160Z 
2025-12-29T00:58:58.5537300Z           By 2026-Feb-18, you need to update your project and remove deprecated calls
2025-12-29T00:58:58.6152830Z           or your builds will no longer be supported.
2025-12-29T00:58:58.6587170Z 
2025-12-29T00:58:58.6712240Z           See https://packaging.python.org/en/latest/guides/writing-pyproject-toml/#license for details.
2025-12-29T00:58:58.7124730Z           ********************************************************************************
2025-12-29T00:58:58.7175850Z 
2025-12-29T00:58:58.7261510Z   !!
2025-12-29T00:58:58.7434390Z     corresp(dist, value, root_dir)
2025-12-29T00:58:58.7438480Z   /private/var/folders/6k/3_2ylbdd4rl8w3kbs55s3kk80000gn/T/pip-build-env-rjq7oimz/overlay/lib/python3.10/site-packages/setuptools/config/_apply_pyprojecttoml.py:61: SetuptoolsDeprecationWarning: License classifiers are deprecated.
2025-12-29T00:58:58.7599320Z   !!
2025-12-29T00:58:58.7615160Z 
2025-12-29T00:58:58.7620000Z           ********************************************************************************
2025-12-29T00:58:58.7626610Z           Please consider removing the following classifiers in favor of a SPDX license expression:
2025-12-29T00:58:58.7758440Z 
2025-12-29T00:58:58.7764510Z           License :: OSI Approved :: MIT License
2025-12-29T00:58:58.7768850Z 
2025-12-29T00:58:58.7782390Z           See https://packaging.python.org/en/latest/guides/writing-pyproject-toml/#license for details.
2025-12-29T00:58:58.7784600Z           ********************************************************************************
2025-12-29T00:58:58.7785930Z 
2025-12-29T00:58:58.7786140Z   !!
2025-12-29T00:58:58.7787170Z     dist._finalize_license_expression()
2025-12-29T00:58:58.7789740Z   /private/var/folders/6k/3_2ylbdd4rl8w3kbs55s3kk80000gn/T/pip-build-env-rjq7oimz/overlay/lib/python3.10/site-packages/setuptools/dist.py:759: SetuptoolsDeprecationWarning: License classifiers are deprecated.
2025-12-29T00:58:58.7792000Z   !!
2025-12-29T00:58:58.7792260Z 
2025-12-29T00:58:58.7792670Z           ********************************************************************************
2025-12-29T00:58:58.7793900Z           Please consider removing the following classifiers in favor of a SPDX license expression:
2025-12-29T00:58:58.7794600Z 
2025-12-29T00:58:58.7794840Z           License :: OSI Approved :: MIT License
2025-12-29T00:58:58.7795210Z 
2025-12-29T00:58:58.7795760Z           See https://packaging.python.org/en/latest/guides/writing-pyproject-toml/#license for details.
2025-12-29T00:58:58.7797090Z           ********************************************************************************
2025-12-29T00:58:58.7797850Z 
2025-12-29T00:58:58.7798020Z   !!
2025-12-29T00:58:58.7798450Z     self._finalize_license_expression()
2025-12-29T00:58:58.7798900Z   running egg_info
2025-12-29T00:58:58.7799250Z   creating pychnosz.egg-info
2025-12-29T00:58:58.7799730Z   writing pychnosz.egg-info/PKG-INFO
2025-12-29T00:58:58.7800370Z   writing dependency_links to pychnosz.egg-info/dependency_links.txt
2025-12-29T00:58:58.7801200Z   writing requirements to pychnosz.egg-info/requires.txt
2025-12-29T00:58:58.7802250Z   writing top-level names to pychnosz.egg-info/top_level.txt
2025-12-29T00:58:58.7803360Z   writing manifest file 'pychnosz.egg-info/SOURCES.txt'
2025-12-29T00:58:58.7804430Z   reading manifest file 'pychnosz.egg-info/SOURCES.txt'
2025-12-29T00:58:58.7805360Z   reading manifest template 'MANIFEST.in'
2025-12-29T00:58:58.7806320Z   warning: no files found matching '*.css' under directory 'html'
2025-12-29T00:58:58.7807380Z   warning: no files found matching '*.js' under directory 'html'
2025-12-29T00:58:58.7808420Z   warning: no files found matching '*.csv.gz' under directory 'pychnosz/data/extdata'
2025-12-29T00:58:58.7809780Z   warning: no files found matching '*.json' under directory 'pychnosz/data/extdata'
2025-12-29T00:58:58.7811320Z   warning: no files found matching '*.csv.gz' under directory 'pychnosz/data'
2025-12-29T00:58:58.7898760Z   warning: no files found matching '*.json' under directory 'pychnosz/data'
2025-12-29T00:58:58.7901100Z   warning: no files found matching '*.f' under directory 'pychnosz/data/extdata/src'
2025-12-29T00:58:58.7902690Z   warning: no files found matching '*.f90' under directory 'pychnosz/data/extdata/src'
2025-12-29T00:58:58.7905140Z   warning: no files found matching '*.for' under directory 'pychnosz/data/extdata/src'
2025-12-29T00:58:58.7906150Z   no previously-included directories found matching 'test'
2025-12-29T00:58:58.7907380Z   warning: no previously-included files matching '*.pyc' found anywhere in distribution
2025-12-29T00:58:58.7908850Z   warning: no previously-included files matching '*.pyo' found anywhere in distribution
2025-12-29T00:58:58.7910530Z   warning: no previously-included files matching '*.pyd' found anywhere in distribution
2025-12-29T00:58:58.7911970Z   warning: no previously-included files matching '__pycache__' found anywhere in distribution
2025-12-29T00:58:58.7914400Z   warning: no previously-included files matching '.pytest_cache' found anywhere in distribution
2025-12-29T00:58:58.7916170Z   warning: no previously-included files matching '.ipynb_checkpoints' found anywhere in distribution
2025-12-29T00:58:58.7917750Z   warning: no previously-included files matching '*~' found anywhere in distribution
2025-12-29T00:58:58.7919320Z   warning: no previously-included files matching '*.swp' found anywhere in distribution
2025-12-29T00:58:58.7920860Z   warning: no previously-included files matching '.DS_Store' found anywhere in distribution
2025-12-29T00:58:58.7922010Z   adding license file 'LICENSE.txt'
2025-12-29T00:58:58.7922650Z   writing manifest file 'pychnosz.egg-info/SOURCES.txt'
2025-12-29T00:58:58.7923420Z   Running command Preparing metadata (pyproject.toml)
2025-12-29T00:58:58.7926090Z   /private/var/folders/6k/3_2ylbdd4rl8w3kbs55s3kk80000gn/T/pip-build-env-rjq7oimz/overlay/lib/python3.10/site-packages/setuptools/config/_apply_pyprojecttoml.py:82: SetuptoolsDeprecationWarning: `project.license` as a TOML table is deprecated
2025-12-29T00:58:58.7928120Z   !!
2025-12-29T00:58:58.7928290Z 
2025-12-29T00:58:58.7928490Z           ********************************************************************************
2025-12-29T00:58:58.7929930Z           Please use a simple string containing a SPDX expression for `project.license`. You can also use `project.license-files`. (Both options available on setuptools>=77.0.0).
2025-12-29T00:58:58.7931290Z 
2025-12-29T00:58:58.7931670Z           By 2026-Feb-18, you need to update your project and remove deprecated calls
2025-12-29T00:58:58.7932520Z           or your builds will no longer be supported.
2025-12-29T00:58:58.7933040Z 
2025-12-29T00:58:58.7933820Z           See https://packaging.python.org/en/latest/guides/writing-pyproject-toml/#license for details.
2025-12-29T00:58:58.7935180Z           ********************************************************************************
2025-12-29T00:58:58.7935800Z 
2025-12-29T00:58:58.7935950Z   !!
2025-12-29T00:58:58.7936360Z     corresp(dist, value, root_dir)
2025-12-29T00:58:58.7938910Z   /private/var/folders/6k/3_2ylbdd4rl8w3kbs55s3kk80000gn/T/pip-build-env-rjq7oimz/overlay/lib/python3.10/site-packages/setuptools/config/_apply_pyprojecttoml.py:61: SetuptoolsDeprecationWarning: License classifiers are deprecated.
2025-12-29T00:58:58.7941330Z   !!
2025-12-29T00:58:58.7941570Z 
2025-12-29T00:58:58.7941850Z           ********************************************************************************
2025-12-29T00:58:58.7943010Z           Please consider removing the following classifiers in favor of a SPDX license expression:
2025-12-29T00:58:58.7943750Z 
2025-12-29T00:58:58.7944130Z           License :: OSI Approved :: MIT License
2025-12-29T00:58:58.7944630Z 
2025-12-29T00:58:58.7945360Z           See https://packaging.python.org/en/latest/guides/writing-pyproject-toml/#license for details.
2025-12-29T00:58:58.7946490Z           ********************************************************************************
2025-12-29T00:58:58.7947050Z 
2025-12-29T00:58:58.7947200Z   !!
2025-12-29T00:58:58.7947670Z     dist._finalize_license_expression()
2025-12-29T00:58:58.7950180Z   /private/var/folders/6k/3_2ylbdd4rl8w3kbs55s3kk80000gn/T/pip-build-env-rjq7oimz/overlay/lib/python3.10/site-packages/setuptools/dist.py:759: SetuptoolsDeprecationWarning: License classifiers are deprecated.
2025-12-29T00:58:58.7952210Z   !!
2025-12-29T00:58:58.7952390Z 
2025-12-29T00:58:58.7952640Z           ********************************************************************************
2025-12-29T00:58:58.7953740Z           Please consider removing the following classifiers in favor of a SPDX license expression:
2025-12-29T00:58:58.7954440Z 
2025-12-29T00:58:58.7954660Z           License :: OSI Approved :: MIT License
2025-12-29T00:58:58.7955000Z 
2025-12-29T00:58:58.7955580Z           See https://packaging.python.org/en/latest/guides/writing-pyproject-toml/#license for details.
2025-12-29T00:58:58.7957230Z           ********************************************************************************
2025-12-29T00:58:58.7957650Z 
2025-12-29T00:58:58.7957920Z   !!
2025-12-29T00:58:58.7958310Z     self._finalize_license_expression()
2025-12-29T00:58:58.7958750Z   running dist_info
2025-12-29T00:58:58.7959790Z   creating /private/var/folders/6k/3_2ylbdd4rl8w3kbs55s3kk80000gn/T/pip-modern-metadata-himlbyfc/pychnosz.egg-info
2025-12-29T00:58:58.7961680Z   writing /private/var/folders/6k/3_2ylbdd4rl8w3kbs55s3kk80000gn/T/pip-modern-metadata-himlbyfc/pychnosz.egg-info/PKG-INFO
2025-12-29T00:58:58.7963650Z   writing dependency_links to /private/var/folders/6k/3_2ylbdd4rl8w3kbs55s3kk80000gn/T/pip-modern-metadata-himlbyfc/pychnosz.egg-info/dependency_links.txt
2025-12-29T00:58:58.7965950Z   writing requirements to /private/var/folders/6k/3_2ylbdd4rl8w3kbs55s3kk80000gn/T/pip-modern-metadata-himlbyfc/pychnosz.egg-info/requires.txt
2025-12-29T00:58:58.7967900Z   writing top-level names to /private/var/folders/6k/3_2ylbdd4rl8w3kbs55s3kk80000gn/T/pip-modern-metadata-himlbyfc/pychnosz.egg-info/top_level.txt
2025-12-29T00:58:58.7969930Z   writing manifest file '/private/var/folders/6k/3_2ylbdd4rl8w3kbs55s3kk80000gn/T/pip-modern-metadata-himlbyfc/pychnosz.egg-info/SOURCES.txt'
2025-12-29T00:58:58.7972210Z   reading manifest file '/private/var/folders/6k/3_2ylbdd4rl8w3kbs55s3kk80000gn/T/pip-modern-metadata-himlbyfc/pychnosz.egg-info/SOURCES.txt'
2025-12-29T00:58:58.7973800Z   reading manifest template 'MANIFEST.in'
2025-12-29T00:58:58.7974690Z   warning: no files found matching '*.css' under directory 'html'
2025-12-29T00:58:58.7975970Z   warning: no files found matching '*.js' under directory 'html'
2025-12-29T00:58:58.7977070Z   warning: no files found matching '*.csv.gz' under directory 'pychnosz/data/extdata'
2025-12-29T00:58:58.7978290Z   warning: no files found matching '*.json' under directory 'pychnosz/data/extdata'
2025-12-29T00:58:58.7979660Z   warning: no files found matching '*.csv.gz' under directory 'pychnosz/data'
2025-12-29T00:58:58.7981000Z   warning: no files found matching '*.json' under directory 'pychnosz/data'
2025-12-29T00:58:58.7982130Z   warning: no files found matching '*.f' under directory 'pychnosz/data/extdata/src'
2025-12-29T00:58:58.7983180Z   warning: no files found matching '*.f90' under directory 'pychnosz/data/extdata/src'
2025-12-29T00:58:58.7984560Z   warning: no files found matching '*.for' under directory 'pychnosz/data/extdata/src'
2025-12-29T00:58:58.7985670Z   no previously-included directories found matching 'test'
2025-12-29T00:58:58.7986690Z   warning: no previously-included files matching '*.pyc' found anywhere in distribution
2025-12-29T00:58:58.7987990Z   warning: no previously-included files matching '*.pyo' found anywhere in distribution
2025-12-29T00:58:58.7989170Z   warning: no previously-included files matching '*.pyd' found anywhere in distribution
2025-12-29T00:58:58.7990270Z   warning: no previously-included files matching '__pycache__' found anywhere in distribution
2025-12-29T00:58:58.7991470Z   warning: no previously-included files matching '.pytest_cache' found anywhere in distribution
2025-12-29T00:58:58.7992790Z   warning: no previously-included files matching '.ipynb_checkpoints' found anywhere in distribution
2025-12-29T00:58:58.7994100Z   warning: no previously-included files matching '*~' found anywhere in distribution
2025-12-29T00:58:58.7996380Z   warning: no previously-included files matching '*.swp' found anywhere in distribution
2025-12-29T00:58:58.7997760Z   warning: no previously-included files matching '.DS_Store' found anywhere in distribution
2025-12-29T00:58:58.7998650Z   adding license file 'LICENSE.txt'
2025-12-29T00:58:58.7999870Z   writing manifest file '/private/var/folders/6k/3_2ylbdd4rl8w3kbs55s3kk80000gn/T/pip-modern-metadata-himlbyfc/pychnosz.egg-info/SOURCES.txt'
2025-12-29T00:58:58.8002160Z   creating '/private/var/folders/6k/3_2ylbdd4rl8w3kbs55s3kk80000gn/T/pip-modern-metadata-himlbyfc/pychnosz-1.1.8.dist-info'
2025-12-29T00:58:58.8250380Z   Preparing metadata (pyproject.toml): finished with status 'done'
2025-12-29T00:58:58.8341900Z Building wheels for collected packages: pychnosz
2025-12-29T00:58:58.8363820Z   Building wheel for pychnosz (pyproject.toml): started
2025-12-29T00:58:58.8393150Z   Running command Building wheel for pychnosz (pyproject.toml)
2025-12-29T00:58:59.0821910Z   /private/var/folders/6k/3_2ylbdd4rl8w3kbs55s3kk80000gn/T/pip-build-env-rjq7oimz/overlay/lib/python3.10/site-packages/setuptools/config/_apply_pyprojecttoml.py:82: SetuptoolsDeprecationWarning: `project.license` as a TOML table is deprecated
2025-12-29T00:58:59.0984590Z   !!
2025-12-29T00:58:59.0992890Z 
2025-12-29T00:58:59.1010180Z           ********************************************************************************
2025-12-29T00:58:59.1026690Z           Please use a simple string containing a SPDX expression for `project.license`. You can also use `project.license-files`. (Both options available on setuptools>=77.0.0).
2025-12-29T00:58:59.1031550Z 
2025-12-29T00:58:59.1040230Z           By 2026-Feb-18, you need to update your project and remove deprecated calls
2025-12-29T00:58:59.1104460Z           or your builds will no longer be supported.
2025-12-29T00:58:59.1110650Z 
2025-12-29T00:58:59.2072760Z           See https://packaging.python.org/en/latest/guides/writing-pyproject-toml/#license for details.
2025-12-29T00:58:59.2238730Z           ********************************************************************************
2025-12-29T00:58:59.2243200Z 
2025-12-29T00:58:59.2244970Z   !!
2025-12-29T00:58:59.2245940Z     corresp(dist, value, root_dir)
2025-12-29T00:58:59.2247810Z   /private/var/folders/6k/3_2ylbdd4rl8w3kbs55s3kk80000gn/T/pip-build-env-rjq7oimz/overlay/lib/python3.10/site-packages/setuptools/config/_apply_pyprojecttoml.py:61: SetuptoolsDeprecationWarning: License classifiers are deprecated.
2025-12-29T00:58:59.2250260Z   !!
2025-12-29T00:58:59.2250430Z 
2025-12-29T00:58:59.2250640Z           ********************************************************************************
2025-12-29T00:58:59.2251580Z           Please consider removing the following classifiers in favor of a SPDX license expression:
2025-12-29T00:58:59.2252270Z 
2025-12-29T00:58:59.2252510Z           License :: OSI Approved :: MIT License
2025-12-29T00:58:59.2252860Z 
2025-12-29T00:58:59.2253410Z           See https://packaging.python.org/en/latest/guides/writing-pyproject-toml/#license for details.
2025-12-29T00:58:59.2254360Z           ********************************************************************************
2025-12-29T00:58:59.2254780Z 
2025-12-29T00:58:59.2254890Z   !!
2025-12-29T00:58:59.2255190Z     dist._finalize_license_expression()
2025-12-29T00:58:59.2256880Z   /private/var/folders/6k/3_2ylbdd4rl8w3kbs55s3kk80000gn/T/pip-build-env-rjq7oimz/overlay/lib/python3.10/site-packages/setuptools/dist.py:759: SetuptoolsDeprecationWarning: License classifiers are deprecated.
2025-12-29T00:58:59.2258570Z   !!
2025-12-29T00:58:59.2258720Z 
2025-12-29T00:58:59.2258940Z           ********************************************************************************
2025-12-29T00:58:59.2259840Z           Please consider removing the following classifiers in favor of a SPDX license expression:
2025-12-29T00:58:59.2260540Z 
2025-12-29T00:58:59.2260730Z           License :: OSI Approved :: MIT License
2025-12-29T00:58:59.2261060Z 
2025-12-29T00:58:59.2262310Z           See https://packaging.python.org/en/latest/guides/writing-pyproject-toml/#license for details.
2025-12-29T00:58:59.2263320Z           ********************************************************************************
2025-12-29T00:58:59.2263730Z 
2025-12-29T00:58:59.2263830Z   !!
2025-12-29T00:58:59.2264140Z     self._finalize_license_expression()
2025-12-29T00:58:59.2264580Z   running bdist_wheel
2025-12-29T00:58:59.2264900Z   running build
2025-12-29T00:58:59.2265210Z   running build_py
2025-12-29T00:58:59.2265660Z   creating build/lib.macosx-10.9-x86_64-cpython-310/pychnosz
2025-12-29T00:58:59.2266850Z   copying pychnosz/__init__.py -> build/lib.macosx-10.9-x86_64-cpython-310/pychnosz
2025-12-29T00:58:59.2267710Z   creating build/lib.macosx-10.9-x86_64-cpython-310/pychnosz/core
2025-12-29T00:58:59.2268630Z   copying pychnosz/core/basis.py -> build/lib.macosx-10.9-x86_64-cpython-310/pychnosz/core
2025-12-29T00:58:59.2269770Z   copying pychnosz/core/equilibrium.py -> build/lib.macosx-10.9-x86_64-cpython-310/pychnosz/core
2025-12-29T00:58:59.2270970Z   copying pychnosz/core/species.py -> build/lib.macosx-10.9-x86_64-cpython-310/pychnosz/core
2025-12-29T00:58:59.2272090Z   copying pychnosz/core/diagram.py -> build/lib.macosx-10.9-x86_64-cpython-310/pychnosz/core
2025-12-29T00:58:59.2273250Z   copying pychnosz/core/equilibrate.py -> build/lib.macosx-10.9-x86_64-cpython-310/pychnosz/core
2025-12-29T00:58:59.2274440Z   copying pychnosz/core/subcrt.py -> build/lib.macosx-10.9-x86_64-cpython-310/pychnosz/core
2025-12-29T00:58:59.2275580Z   copying pychnosz/core/affinity.py -> build/lib.macosx-10.9-x86_64-cpython-310/pychnosz/core
2025-12-29T00:58:59.2276730Z   copying pychnosz/core/__init__.py -> build/lib.macosx-10.9-x86_64-cpython-310/pychnosz/core
2025-12-29T00:58:59.2277880Z   copying pychnosz/core/animation.py -> build/lib.macosx-10.9-x86_64-cpython-310/pychnosz/core
2025-12-29T00:58:59.2279010Z   copying pychnosz/core/thermo.py -> build/lib.macosx-10.9-x86_64-cpython-310/pychnosz/core
2025-12-29T00:58:59.2280160Z   copying pychnosz/core/retrieve.py -> build/lib.macosx-10.9-x86_64-cpython-310/pychnosz/core
2025-12-29T00:58:59.2281320Z   copying pychnosz/core/unicurve.py -> build/lib.macosx-10.9-x86_64-cpython-310/pychnosz/core
2025-12-29T00:58:59.2282440Z   copying pychnosz/core/info.py -> build/lib.macosx-10.9-x86_64-cpython-310/pychnosz/core
2025-12-29T00:58:59.2283590Z   copying pychnosz/core/speciation.py -> build/lib.macosx-10.9-x86_64-cpython-310/pychnosz/core
2025-12-29T00:58:59.2284750Z   copying pychnosz/core/balance.py -> build/lib.macosx-10.9-x86_64-cpython-310/pychnosz/core
2025-12-29T00:58:59.2285860Z   creating build/lib.macosx-10.9-x86_64-cpython-310/pychnosz/models
2025-12-29T00:58:59.2286860Z   copying pychnosz/models/archer_wang.py -> build/lib.macosx-10.9-x86_64-cpython-310/pychnosz/models
2025-12-29T00:58:59.2288070Z   copying pychnosz/models/berman.py -> build/lib.macosx-10.9-x86_64-cpython-310/pychnosz/models
2025-12-29T00:58:59.2289230Z   copying pychnosz/models/water.py -> build/lib.macosx-10.9-x86_64-cpython-310/pychnosz/models
2025-12-29T00:58:59.2290420Z   copying pychnosz/models/cgl.py -> build/lib.macosx-10.9-x86_64-cpython-310/pychnosz/models
2025-12-29T00:58:59.2291610Z   copying pychnosz/models/__init__.py -> build/lib.macosx-10.9-x86_64-cpython-310/pychnosz/models
2025-12-29T00:58:59.2292840Z   copying pychnosz/models/hkf_helpers.py -> build/lib.macosx-10.9-x86_64-cpython-310/pychnosz/models
2025-12-29T00:58:59.2294050Z   copying pychnosz/models/hkf.py -> build/lib.macosx-10.9-x86_64-cpython-310/pychnosz/models
2025-12-29T00:58:59.2295420Z   copying pychnosz/models/iapws95.py -> build/lib.macosx-10.9-x86_64-cpython-310/pychnosz/models
2025-12-29T00:58:59.2296690Z   copying pychnosz/models/supcrt92_fortran.py -> build/lib.macosx-10.9-x86_64-cpython-310/pychnosz/models
2025-12-29T00:58:59.2297920Z   copying pychnosz/models/dew.py -> build/lib.macosx-10.9-x86_64-cpython-310/pychnosz/models
2025-12-29T00:58:59.2298860Z   creating build/lib.macosx-10.9-x86_64-cpython-310/pychnosz/utils
2025-12-29T00:58:59.2300380Z   copying pychnosz/utils/units.py -> build/lib.macosx-10.9-x86_64-cpython-310/pychnosz/utils
2025-12-29T00:58:59.2301540Z   copying pychnosz/utils/formula.py -> build/lib.macosx-10.9-x86_64-cpython-310/pychnosz/utils
2025-12-29T00:58:59.2302690Z   copying pychnosz/utils/formula_ox.py -> build/lib.macosx-10.9-x86_64-cpython-310/pychnosz/utils
2025-12-29T00:58:59.2304120Z   copying pychnosz/utils/reset.py -> build/lib.macosx-10.9-x86_64-cpython-310/pychnosz/utils
2025-12-29T00:58:59.2305660Z   copying pychnosz/utils/__init__.py -> build/lib.macosx-10.9-x86_64-cpython-310/pychnosz/utils
2025-12-29T00:58:59.2308470Z   copying pychnosz/utils/expression.py -> build/lib.macosx-10.9-x86_64-cpython-310/pychnosz/utils
2025-12-29T00:58:59.2309840Z   creating build/lib.macosx-10.9-x86_64-cpython-310/pychnosz/data
2025-12-29T00:58:59.2311110Z   copying pychnosz/data/obigt.py -> build/lib.macosx-10.9-x86_64-cpython-310/pychnosz/data
2025-12-29T00:58:59.2312620Z   copying pychnosz/data/worm.py -> build/lib.macosx-10.9-x86_64-cpython-310/pychnosz/data
2025-12-29T00:58:59.2314140Z   copying pychnosz/data/add_obigt.py -> build/lib.macosx-10.9-x86_64-cpython-310/pychnosz/data
2025-12-29T00:58:59.2315630Z   copying pychnosz/data/__init__.py -> build/lib.macosx-10.9-x86_64-cpython-310/pychnosz/data
2025-12-29T00:58:59.2316740Z   copying pychnosz/data/loader.py -> build/lib.macosx-10.9-x86_64-cpython-310/pychnosz/data
2025-12-29T00:58:59.2317870Z   copying pychnosz/data/mod_obigt.py -> build/lib.macosx-10.9-x86_64-cpython-310/pychnosz/data
2025-12-29T00:58:59.2318900Z   creating build/lib.macosx-10.9-x86_64-cpython-310/pychnosz/geochemistry
2025-12-29T00:58:59.2320030Z   copying pychnosz/geochemistry/__init__.py -> build/lib.macosx-10.9-x86_64-cpython-310/pychnosz/geochemistry
2025-12-29T00:58:59.2321440Z   copying pychnosz/geochemistry/minerals.py -> build/lib.macosx-10.9-x86_64-cpython-310/pychnosz/geochemistry
2025-12-29T00:58:59.2323260Z   copying pychnosz/geochemistry/redox.py -> build/lib.macosx-10.9-x86_64-cpython-310/pychnosz/geochemistry
2025-12-29T00:58:59.2324420Z   creating build/lib.macosx-10.9-x86_64-cpython-310/pychnosz/biomolecules
2025-12-29T00:58:59.2325580Z   copying pychnosz/biomolecules/proteins.py -> build/lib.macosx-10.9-x86_64-cpython-310/pychnosz/biomolecules
2025-12-29T00:58:59.2326970Z   copying pychnosz/biomolecules/__init__.py -> build/lib.macosx-10.9-x86_64-cpython-310/pychnosz/biomolecules
2025-12-29T00:58:59.2328380Z   copying pychnosz/biomolecules/ionize_aa.py -> build/lib.macosx-10.9-x86_64-cpython-310/pychnosz/biomolecules
2025-12-29T00:58:59.2329490Z   creating build/lib.macosx-10.9-x86_64-cpython-310/pychnosz/fortran
2025-12-29T00:58:59.2330590Z   copying pychnosz/fortran/h2o92_interface.py -> build/lib.macosx-10.9-x86_64-cpython-310/pychnosz/fortran
2025-12-29T00:58:59.2331900Z   copying pychnosz/fortran/__init__.py -> build/lib.macosx-10.9-x86_64-cpython-310/pychnosz/fortran
2025-12-29T00:58:59.2332730Z   running egg_info
2025-12-29T00:58:59.2333120Z   writing pychnosz.egg-info/PKG-INFO
2025-12-29T00:58:59.2333940Z   writing dependency_links to pychnosz.egg-info/dependency_links.txt
2025-12-29T00:58:59.2334750Z   writing requirements to pychnosz.egg-info/requires.txt
2025-12-29T00:58:59.2335430Z   writing top-level names to pychnosz.egg-info/top_level.txt
2025-12-29T00:58:59.2336110Z   reading manifest file 'pychnosz.egg-info/SOURCES.txt'
2025-12-29T00:58:59.2336680Z   reading manifest template 'MANIFEST.in'
2025-12-29T00:58:59.2337280Z   warning: no files found matching '*.css' under directory 'html'
2025-12-29T00:58:59.2338000Z   warning: no files found matching '*.js' under directory 'html'
2025-12-29T00:58:59.2338850Z   warning: no files found matching '*.csv.gz' under directory 'pychnosz/data/extdata'
2025-12-29T00:58:59.2339820Z   warning: no files found matching '*.json' under directory 'pychnosz/data/extdata'
2025-12-29T00:58:59.2340800Z   warning: no files found matching '*.csv.gz' under directory 'pychnosz/data'
2025-12-29T00:58:59.2341670Z   warning: no files found matching '*.json' under directory 'pychnosz/data'
2025-12-29T00:58:59.2343280Z   warning: no files found matching '*.f' under directory 'pychnosz/data/extdata/src'
2025-12-29T00:58:59.2344310Z   warning: no files found matching '*.f90' under directory 'pychnosz/data/extdata/src'
2025-12-29T00:58:59.2345290Z   warning: no files found matching '*.for' under directory 'pychnosz/data/extdata/src'
2025-12-29T00:58:59.2346140Z   no previously-included directories found matching 'test'
2025-12-29T00:58:59.2347010Z   warning: no previously-included files matching '*.pyc' found anywhere in distribution
2025-12-29T00:58:59.2351660Z   warning: no previously-included files matching '*.pyo' found anywhere in distribution
2025-12-29T00:58:59.2358780Z   warning: no previously-included files matching '*.pyd' found anywhere in distribution
2025-12-29T00:58:59.2370050Z   warning: no previously-included files matching '__pycache__' found anywhere in distribution
2025-12-29T00:58:59.2373910Z   warning: no previously-included files matching '.pytest_cache' found anywhere in distribution
2025-12-29T00:58:59.2385730Z   warning: no previously-included files matching '.ipynb_checkpoints' found anywhere in distribution
2025-12-29T00:58:59.2387890Z   warning: no previously-included files matching '*~' found anywhere in distribution
2025-12-29T00:58:59.2400610Z   warning: no previously-included files matching '*.swp' found anywhere in distribution
2025-12-29T00:58:59.2401940Z   warning: no previously-included files matching '.DS_Store' found anywhere in distribution
2025-12-29T00:58:59.2402770Z   adding license file 'LICENSE.txt'
2025-12-29T00:58:59.2454980Z   writing manifest file 'pychnosz.egg-info/SOURCES.txt'
2025-12-29T00:58:59.2472440Z   /private/var/folders/6k/3_2ylbdd4rl8w3kbs55s3kk80000gn/T/pip-build-env-rjq7oimz/overlay/lib/python3.10/site-packages/setuptools/command/build_py.py:212: _Warning: Package 'pychnosz.data.extdata.Berman' is absent from the `packages` configuration.
2025-12-29T00:58:59.2514810Z   !!
2025-12-29T00:58:59.2536000Z 
2025-12-29T00:58:59.2537120Z           ********************************************************************************
2025-12-29T00:58:59.2553480Z           ############################
2025-12-29T00:58:59.2555010Z           # Package would be ignored #
2025-12-29T00:58:59.2559220Z           ############################
2025-12-29T00:58:59.2561360Z           Python recognizes 'pychnosz.data.extdata.Berman' as an importable package[^1],
2025-12-29T00:58:59.2565430Z           but it is absent from setuptools' `packages` configuration.
2025-12-29T00:58:59.2582320Z 
2025-12-29T00:58:59.2592080Z           This leads to an ambiguous overall configuration. If you want to distribute this
2025-12-29T00:58:59.2596210Z           package, please make sure that 'pychnosz.data.extdata.Berman' is explicitly added
2025-12-29T00:58:59.2601270Z           to the `packages` configuration field.
2025-12-29T00:58:59.2604050Z 
2025-12-29T00:58:59.2606420Z           Alternatively, you can also rely on setuptools' discovery methods
2025-12-29T00:58:59.2622340Z           (for example by using `find_namespace_packages(...)`/`find_namespace:`
2025-12-29T00:58:59.2655840Z           instead of `find_packages(...)`/`find:`).
2025-12-29T00:58:59.2657440Z 
2025-12-29T00:58:59.2671310Z           You can read more about "package discovery" on setuptools documentation page:
2025-12-29T00:58:59.2704320Z 
2025-12-29T00:58:59.2705820Z           - https://setuptools.pypa.io/en/latest/userguide/package_discovery.html
2025-12-29T00:58:59.2707350Z 
2025-12-29T00:58:59.2711460Z           If you don't want 'pychnosz.data.extdata.Berman' to be distributed and are
2025-12-29T00:58:59.2714140Z           already explicitly excluding 'pychnosz.data.extdata.Berman' via
2025-12-29T00:58:59.2724250Z           `find_namespace_packages(...)/find_namespace` or `find_packages(...)/find`,
2025-12-29T00:58:59.2728570Z           you can try to use `exclude_package_data`, or `include-package-data=False` in
2025-12-29T00:58:59.2733260Z           combination with a more fine grained `package-data` configuration.
2025-12-29T00:58:59.2738540Z 
2025-12-29T00:58:59.2739840Z           You can read more about "package data files" on setuptools documentation page:
2025-12-29T00:58:59.2749990Z 
2025-12-29T00:58:59.2751820Z           - https://setuptools.pypa.io/en/latest/userguide/datafiles.html
2025-12-29T00:58:59.2756390Z 
2025-12-29T00:58:59.2757200Z 
2025-12-29T00:58:59.2766850Z           [^1]: For Python, any directory (with suitable naming) can be imported,
2025-12-29T00:58:59.2770370Z                 even if it does not contain any `.py` files.
2025-12-29T00:58:59.2862670Z                 On the other hand, currently there is no concept of package data
2025-12-29T00:58:59.2872630Z                 directory, all directories are treated like packages.
2025-12-29T00:58:59.2880830Z           ********************************************************************************
2025-12-29T00:58:59.2881870Z 
2025-12-29T00:58:59.2882590Z   !!
2025-12-29T00:58:59.2887710Z     check.warn(importable)
2025-12-29T00:58:59.2893000Z   /private/var/folders/6k/3_2ylbdd4rl8w3kbs55s3kk80000gn/T/pip-build-env-rjq7oimz/overlay/lib/python3.10/site-packages/setuptools/command/build_py.py:212: _Warning: Package 'pychnosz.data.extdata.Berman.testing' is absent from the `packages` configuration.
2025-12-29T00:58:59.2898090Z   !!
2025-12-29T00:58:59.2901090Z 
2025-12-29T00:58:59.2907890Z           ********************************************************************************
2025-12-29T00:58:59.2910130Z           ############################
2025-12-29T00:58:59.2911190Z           # Package would be ignored #
2025-12-29T00:58:59.2980590Z           ############################
2025-12-29T00:58:59.2985740Z           Python recognizes 'pychnosz.data.extdata.Berman.testing' as an importable package[^1],
2025-12-29T00:58:59.2987370Z           but it is absent from setuptools' `packages` configuration.
2025-12-29T00:58:59.2988420Z 
2025-12-29T00:58:59.2989430Z           This leads to an ambiguous overall configuration. If you want to distribute this
2025-12-29T00:58:59.2997050Z           package, please make sure that 'pychnosz.data.extdata.Berman.testing' is explicitly added
2025-12-29T00:58:59.3018840Z           to the `packages` configuration field.
2025-12-29T00:58:59.3029060Z 
2025-12-29T00:58:59.3037030Z           Alternatively, you can also rely on setuptools' discovery methods
2025-12-29T00:58:59.3038760Z           (for example by using `find_namespace_packages(...)`/`find_namespace:`
2025-12-29T00:58:59.3082170Z           instead of `find_packages(...)`/`find:`).
2025-12-29T00:58:59.3093800Z 
2025-12-29T00:58:59.3096710Z           You can read more about "package discovery" on setuptools documentation page:
2025-12-29T00:58:59.3100150Z 
2025-12-29T00:58:59.3101660Z           - https://setuptools.pypa.io/en/latest/userguide/package_discovery.html
2025-12-29T00:58:59.3107140Z 
2025-12-29T00:58:59.3110010Z           If you don't want 'pychnosz.data.extdata.Berman.testing' to be distributed and are
2025-12-29T00:58:59.3114700Z           already explicitly excluding 'pychnosz.data.extdata.Berman.testing' via
2025-12-29T00:58:59.3116850Z           `find_namespace_packages(...)/find_namespace` or `find_packages(...)/find`,
2025-12-29T00:58:59.3124930Z           you can try to use `exclude_package_data`, or `include-package-data=False` in
2025-12-29T00:58:59.3127540Z           combination with a more fine grained `package-data` configuration.
2025-12-29T00:58:59.3130740Z 
2025-12-29T00:58:59.3133290Z           You can read more about "package data files" on setuptools documentation page:
2025-12-29T00:58:59.3136670Z 
2025-12-29T00:58:59.3138130Z           - https://setuptools.pypa.io/en/latest/userguide/datafiles.html
2025-12-29T00:58:59.3145940Z 
2025-12-29T00:58:59.3146870Z 
2025-12-29T00:58:59.3148540Z           [^1]: For Python, any directory (with suitable naming) can be imported,
2025-12-29T00:58:59.3152670Z                 even if it does not contain any `.py` files.
2025-12-29T00:58:59.3154920Z                 On the other hand, currently there is no concept of package data
2025-12-29T00:58:59.3159500Z                 directory, all directories are treated like packages.
2025-12-29T00:58:59.3160970Z           ********************************************************************************
2025-12-29T00:58:59.3168650Z 
2025-12-29T00:58:59.3170770Z   !!
2025-12-29T00:58:59.3172000Z     check.warn(importable)
2025-12-29T00:58:59.3174840Z   /private/var/folders/6k/3_2ylbdd4rl8w3kbs55s3kk80000gn/T/pip-build-env-rjq7oimz/overlay/lib/python3.10/site-packages/setuptools/command/build_py.py:212: _Warning: Package 'pychnosz.data.extdata.OBIGT' is absent from the `packages` configuration.
2025-12-29T00:58:59.3184380Z   !!
2025-12-29T00:58:59.3187910Z 
2025-12-29T00:58:59.3190130Z           ********************************************************************************
2025-12-29T00:58:59.3191460Z           ############################
2025-12-29T00:58:59.3194520Z           # Package would be ignored #
2025-12-29T00:58:59.3200400Z           ############################
2025-12-29T00:58:59.3204070Z           Python recognizes 'pychnosz.data.extdata.OBIGT' as an importable package[^1],
2025-12-29T00:58:59.3206280Z           but it is absent from setuptools' `packages` configuration.
2025-12-29T00:58:59.3208330Z 
2025-12-29T00:58:59.3212080Z           This leads to an ambiguous overall configuration. If you want to distribute this
2025-12-29T00:58:59.3214480Z           package, please make sure that 'pychnosz.data.extdata.OBIGT' is explicitly added
2025-12-29T00:58:59.3218540Z           to the `packages` configuration field.
2025-12-29T00:58:59.3220260Z 
2025-12-29T00:58:59.3221850Z           Alternatively, you can also rely on setuptools' discovery methods
2025-12-29T00:58:59.3264860Z           (for example by using `find_namespace_packages(...)`/`find_namespace:`
2025-12-29T00:58:59.3269990Z           instead of `find_packages(...)`/`find:`).
2025-12-29T00:58:59.3273470Z 
2025-12-29T00:58:59.3275210Z           You can read more about "package discovery" on setuptools documentation page:
2025-12-29T00:58:59.3381690Z 
2025-12-29T00:58:59.3385800Z           - https://setuptools.pypa.io/en/latest/userguide/package_discovery.html
2025-12-29T00:58:59.3390360Z 
2025-12-29T00:58:59.3394160Z           If you don't want 'pychnosz.data.extdata.OBIGT' to be distributed and are
2025-12-29T00:58:59.3397570Z           already explicitly excluding 'pychnosz.data.extdata.OBIGT' via
2025-12-29T00:58:59.3427300Z           `find_namespace_packages(...)/find_namespace` or `find_packages(...)/find`,
2025-12-29T00:58:59.3432810Z           you can try to use `exclude_package_data`, or `include-package-data=False` in
2025-12-29T00:58:59.3515400Z           combination with a more fine grained `package-data` configuration.
2025-12-29T00:58:59.3607810Z 
2025-12-29T00:58:59.3612590Z           You can read more about "package data files" on setuptools documentation page:
2025-12-29T00:58:59.3613820Z 
2025-12-29T00:58:59.3615110Z           - https://setuptools.pypa.io/en/latest/userguide/datafiles.html
2025-12-29T00:58:59.3617740Z 
2025-12-29T00:58:59.3619140Z 
2025-12-29T00:58:59.3621750Z           [^1]: For Python, any directory (with suitable naming) can be imported,
2025-12-29T00:58:59.3624700Z                 even if it does not contain any `.py` files.
2025-12-29T00:58:59.3649660Z                 On the other hand, currently there is no concept of package data
2025-12-29T00:58:59.3651950Z                 directory, all directories are treated like packages.
2025-12-29T00:58:59.3652680Z           ********************************************************************************
2025-12-29T00:58:59.3653590Z 
2025-12-29T00:58:59.3654730Z   !!
2025-12-29T00:58:59.3674910Z     check.warn(importable)
2025-12-29T00:58:59.3689810Z   /private/var/folders/6k/3_2ylbdd4rl8w3kbs55s3kk80000gn/T/pip-build-env-rjq7oimz/overlay/lib/python3.10/site-packages/setuptools/command/build_py.py:212: _Warning: Package 'pychnosz.data.extdata.OBIGT.testing' is absent from the `packages` configuration.
2025-12-29T00:58:59.3694040Z   !!
2025-12-29T00:58:59.3699490Z 
2025-12-29T00:58:59.3699870Z           ********************************************************************************
2025-12-29T00:58:59.3700940Z           ############################
2025-12-29T00:58:59.3702060Z           # Package would be ignored #
2025-12-29T00:58:59.3709400Z           ############################
2025-12-29T00:58:59.3714640Z           Python recognizes 'pychnosz.data.extdata.OBIGT.testing' as an importable package[^1],
2025-12-29T00:58:59.3718190Z           but it is absent from setuptools' `packages` configuration.
2025-12-29T00:58:59.3750870Z 
2025-12-29T00:58:59.3754680Z           This leads to an ambiguous overall configuration. If you want to distribute this
2025-12-29T00:58:59.3759350Z           package, please make sure that 'pychnosz.data.extdata.OBIGT.testing' is explicitly added
2025-12-29T00:58:59.3760470Z           to the `packages` configuration field.
2025-12-29T00:58:59.3764540Z 
2025-12-29T00:58:59.3765930Z           Alternatively, you can also rely on setuptools' discovery methods
2025-12-29T00:58:59.3767950Z           (for example by using `find_namespace_packages(...)`/`find_namespace:`
2025-12-29T00:58:59.3769150Z           instead of `find_packages(...)`/`find:`).
2025-12-29T00:58:59.3770470Z 
2025-12-29T00:58:59.3772070Z           You can read more about "package discovery" on setuptools documentation page:
2025-12-29T00:58:59.3777520Z 
2025-12-29T00:58:59.3778930Z           - https://setuptools.pypa.io/en/latest/userguide/package_discovery.html
2025-12-29T00:58:59.3782730Z 
2025-12-29T00:58:59.3783930Z           If you don't want 'pychnosz.data.extdata.OBIGT.testing' to be distributed and are
2025-12-29T00:58:59.3785000Z           already explicitly excluding 'pychnosz.data.extdata.OBIGT.testing' via
2025-12-29T00:58:59.3785960Z           `find_namespace_packages(...)/find_namespace` or `find_packages(...)/find`,
2025-12-29T00:58:59.3789660Z           you can try to use `exclude_package_data`, or `include-package-data=False` in
2025-12-29T00:58:59.3792610Z           combination with a more fine grained `package-data` configuration.
2025-12-29T00:58:59.3793920Z 
2025-12-29T00:58:59.3795320Z           You can read more about "package data files" on setuptools documentation page:
2025-12-29T00:58:59.3799570Z 
2025-12-29T00:58:59.3811170Z           - https://setuptools.pypa.io/en/latest/userguide/datafiles.html
2025-12-29T00:58:59.3817300Z 
2025-12-29T00:58:59.3825920Z 
2025-12-29T00:58:59.3828620Z           [^1]: For Python, any directory (with suitable naming) can be imported,
2025-12-29T00:58:59.3831480Z                 even if it does not contain any `.py` files.
2025-12-29T00:58:59.3833120Z                 On the other hand, currently there is no concept of package data
2025-12-29T00:58:59.3835250Z                 directory, all directories are treated like packages.
2025-12-29T00:58:59.3852810Z           ********************************************************************************
2025-12-29T00:58:59.3885330Z 
2025-12-29T00:58:59.3888970Z   !!
2025-12-29T00:58:59.3891590Z     check.warn(importable)
2025-12-29T00:58:59.3894610Z   /private/var/folders/6k/3_2ylbdd4rl8w3kbs55s3kk80000gn/T/pip-build-env-rjq7oimz/overlay/lib/python3.10/site-packages/setuptools/command/build_py.py:212: _Warning: Package 'pychnosz.data.extdata.misc' is absent from the `packages` configuration.
2025-12-29T00:58:59.3896790Z   !!
2025-12-29T00:58:59.3897270Z 
2025-12-29T00:58:59.3897820Z           ********************************************************************************
2025-12-29T00:58:59.3898430Z           ############################
2025-12-29T00:58:59.3898950Z           # Package would be ignored #
2025-12-29T00:58:59.3899530Z           ############################
2025-12-29T00:58:59.3900480Z           Python recognizes 'pychnosz.data.extdata.misc' as an importable package[^1],
2025-12-29T00:58:59.3901720Z           but it is absent from setuptools' `packages` configuration.
2025-12-29T00:58:59.3902350Z 
2025-12-29T00:58:59.3904370Z           This leads to an ambiguous overall configuration. If you want to distribute this
2025-12-29T00:58:59.3905880Z           package, please make sure that 'pychnosz.data.extdata.misc' is explicitly added
2025-12-29T00:58:59.3906980Z           to the `packages` configuration field.
2025-12-29T00:58:59.3907490Z 
2025-12-29T00:58:59.3907980Z           Alternatively, you can also rely on setuptools' discovery methods
2025-12-29T00:58:59.3909170Z           (for example by using `find_namespace_packages(...)`/`find_namespace:`
2025-12-29T00:58:59.3910030Z           instead of `find_packages(...)`/`find:`).
2025-12-29T00:58:59.3910940Z 
2025-12-29T00:58:59.3911430Z           You can read more about "package discovery" on setuptools documentation page:
2025-12-29T00:58:59.3912200Z 
2025-12-29T00:58:59.3912770Z           - https://setuptools.pypa.io/en/latest/userguide/package_discovery.html
2025-12-29T00:58:59.3913790Z 
2025-12-29T00:58:59.3914480Z           If you don't want 'pychnosz.data.extdata.misc' to be distributed and are
2025-12-29T00:58:59.3916060Z           already explicitly excluding 'pychnosz.data.extdata.misc' via
2025-12-29T00:58:59.3917700Z           `find_namespace_packages(...)/find_namespace` or `find_packages(...)/find`,
2025-12-29T00:58:59.3919380Z           you can try to use `exclude_package_data`, or `include-package-data=False` in
2025-12-29T00:58:59.3921040Z           combination with a more fine grained `package-data` configuration.
2025-12-29T00:58:59.3922090Z 
2025-12-29T00:58:59.3922820Z           You can read more about "package data files" on setuptools documentation page:
2025-12-29T00:58:59.3923920Z 
2025-12-29T00:58:59.3924550Z           - https://setuptools.pypa.io/en/latest/userguide/datafiles.html
2025-12-29T00:58:59.3925350Z 
2025-12-29T00:58:59.3925360Z 
2025-12-29T00:58:59.3925880Z           [^1]: For Python, any directory (with suitable naming) can be imported,
2025-12-29T00:58:59.3926840Z                 even if it does not contain any `.py` files.
2025-12-29T00:58:59.3927770Z                 On the other hand, currently there is no concept of package data
2025-12-29T00:58:59.3928760Z                 directory, all directories are treated like packages.
2025-12-29T00:58:59.3929610Z           ********************************************************************************
2025-12-29T00:58:59.3930150Z 
2025-12-29T00:58:59.3930300Z   !!
2025-12-29T00:58:59.3930670Z     check.warn(importable)
2025-12-29T00:58:59.3932920Z   /private/var/folders/6k/3_2ylbdd4rl8w3kbs55s3kk80000gn/T/pip-build-env-rjq7oimz/overlay/lib/python3.10/site-packages/setuptools/command/build_py.py:212: _Warning: Package 'pychnosz.data.extdata.protein' is absent from the `packages` configuration.
2025-12-29T00:58:59.3935030Z   !!
2025-12-29T00:58:59.3935200Z 
2025-12-29T00:58:59.3935400Z           ********************************************************************************
2025-12-29T00:58:59.3935940Z           ############################
2025-12-29T00:58:59.3936360Z           # Package would be ignored #
2025-12-29T00:58:59.3936790Z           ############################
2025-12-29T00:58:59.3937520Z           Python recognizes 'pychnosz.data.extdata.protein' as an importable package[^1],
2025-12-29T00:58:59.3938490Z           but it is absent from setuptools' `packages` configuration.
2025-12-29T00:58:59.3939010Z 
2025-12-29T00:58:59.3939420Z           This leads to an ambiguous overall configuration. If you want to distribute this
2025-12-29T00:58:59.3940480Z           package, please make sure that 'pychnosz.data.extdata.protein' is explicitly added
2025-12-29T00:58:59.3941600Z           to the `packages` configuration field.
2025-12-29T00:58:59.3942150Z 
2025-12-29T00:58:59.3942540Z           Alternatively, you can also rely on setuptools' discovery methods
2025-12-29T00:58:59.3943750Z           (for example by using `find_namespace_packages(...)`/`find_namespace:`
2025-12-29T00:58:59.3944770Z           instead of `find_packages(...)`/`find:`).
2025-12-29T00:58:59.3945320Z 
2025-12-29T00:58:59.3946220Z           You can read more about "package discovery" on setuptools documentation page:
2025-12-29T00:58:59.3946860Z 
2025-12-29T00:58:59.3947420Z           - https://setuptools.pypa.io/en/latest/userguide/package_discovery.html
2025-12-29T00:58:59.3948110Z 
2025-12-29T00:58:59.3948490Z           If you don't want 'pychnosz.data.extdata.protein' to be distributed and are
2025-12-29T00:58:59.3949520Z           already explicitly excluding 'pychnosz.data.extdata.protein' via
2025-12-29T00:58:59.3950500Z           `find_namespace_packages(...)/find_namespace` or `find_packages(...)/find`,
2025-12-29T00:58:59.3951780Z           you can try to use `exclude_package_data`, or `include-package-data=False` in
2025-12-29T00:58:59.3952810Z           combination with a more fine grained `package-data` configuration.
2025-12-29T00:58:59.3953490Z 
2025-12-29T00:58:59.3954040Z           You can read more about "package data files" on setuptools documentation page:
2025-12-29T00:58:59.3954680Z 
2025-12-29T00:58:59.3955040Z           - https://setuptools.pypa.io/en/latest/userguide/datafiles.html
2025-12-29T00:58:59.3955560Z 
2025-12-29T00:58:59.3955560Z 
2025-12-29T00:58:59.3955930Z           [^1]: For Python, any directory (with suitable naming) can be imported,
2025-12-29T00:58:59.3956930Z                 even if it does not contain any `.py` files.
2025-12-29T00:58:59.3957900Z                 On the other hand, currently there is no concept of package data
2025-12-29T00:58:59.3958970Z                 directory, all directories are treated like packages.
2025-12-29T00:58:59.3959900Z           ********************************************************************************
2025-12-29T00:58:59.3960510Z 
2025-12-29T00:58:59.3960680Z   !!
2025-12-29T00:58:59.3961240Z     check.warn(importable)
2025-12-29T00:58:59.3963720Z   /private/var/folders/6k/3_2ylbdd4rl8w3kbs55s3kk80000gn/T/pip-build-env-rjq7oimz/overlay/lib/python3.10/site-packages/setuptools/command/build_py.py:212: _Warning: Package 'pychnosz.data.extdata.protein.Cas' is absent from the `packages` configuration.
2025-12-29T00:58:59.3966000Z   !!
2025-12-29T00:58:59.3966230Z 
2025-12-29T00:58:59.3966510Z           ********************************************************************************
2025-12-29T00:58:59.3967290Z           ############################
2025-12-29T00:58:59.3967900Z           # Package would be ignored #
2025-12-29T00:58:59.3968500Z           ############################
2025-12-29T00:58:59.3969400Z           Python recognizes 'pychnosz.data.extdata.protein.Cas' as an importable package[^1],
2025-12-29T00:58:59.3970380Z           but it is absent from setuptools' `packages` configuration.
2025-12-29T00:58:59.3971020Z 
2025-12-29T00:58:59.3971430Z           This leads to an ambiguous overall configuration. If you want to distribute this
2025-12-29T00:58:59.3972530Z           package, please make sure that 'pychnosz.data.extdata.protein.Cas' is explicitly added
2025-12-29T00:58:59.3973430Z           to the `packages` configuration field.
2025-12-29T00:58:59.3973860Z 
2025-12-29T00:58:59.3974210Z           Alternatively, you can also rely on setuptools' discovery methods
2025-12-29T00:58:59.3975380Z           (for example by using `find_namespace_packages(...)`/`find_namespace:`
2025-12-29T00:58:59.3976500Z           instead of `find_packages(...)`/`find:`).
2025-12-29T00:58:59.3976950Z 
2025-12-29T00:58:59.3977430Z           You can read more about "package discovery" on setuptools documentation page:
2025-12-29T00:58:59.3978150Z 
2025-12-29T00:58:59.3978660Z           - https://setuptools.pypa.io/en/latest/userguide/package_discovery.html
2025-12-29T00:58:59.3979450Z 
2025-12-29T00:58:59.3980010Z           If you don't want 'pychnosz.data.extdata.protein.Cas' to be distributed and are
2025-12-29T00:58:59.3981000Z           already explicitly excluding 'pychnosz.data.extdata.protein.Cas' via
2025-12-29T00:58:59.3982230Z           `find_namespace_packages(...)/find_namespace` or `find_packages(...)/find`,
2025-12-29T00:58:59.3984060Z           you can try to use `exclude_package_data`, or `include-package-data=False` in
2025-12-29T00:58:59.3985380Z           combination with a more fine grained `package-data` configuration.
2025-12-29T00:58:59.3986130Z 
2025-12-29T00:58:59.3986650Z           You can read more about "package data files" on setuptools documentation page:
2025-12-29T00:58:59.3987490Z 
2025-12-29T00:58:59.3987920Z           - https://setuptools.pypa.io/en/latest/userguide/datafiles.html
2025-12-29T00:58:59.3988460Z 
2025-12-29T00:58:59.3988470Z 
2025-12-29T00:58:59.3988790Z           [^1]: For Python, any directory (with suitable naming) can be imported,
2025-12-29T00:58:59.3990160Z                 even if it does not contain any `.py` files.
2025-12-29T00:58:59.3991020Z                 On the other hand, currently there is no concept of package data
2025-12-29T00:58:59.3991940Z                 directory, all directories are treated like packages.
2025-12-29T00:58:59.3992630Z           ********************************************************************************
2025-12-29T00:58:59.3993060Z 
2025-12-29T00:58:59.3993180Z   !!
2025-12-29T00:58:59.3993460Z     check.warn(importable)
2025-12-29T00:58:59.3995350Z   /private/var/folders/6k/3_2ylbdd4rl8w3kbs55s3kk80000gn/T/pip-build-env-rjq7oimz/overlay/lib/python3.10/site-packages/setuptools/command/build_py.py:212: _Warning: Package 'pychnosz.data.extdata.src' is absent from the `packages` configuration.
2025-12-29T00:58:59.3997480Z   !!
2025-12-29T00:58:59.3997650Z 
2025-12-29T00:58:59.3997880Z           ********************************************************************************
2025-12-29T00:58:59.3998420Z           ############################
2025-12-29T00:58:59.3999020Z           # Package would be ignored #
2025-12-29T00:58:59.3999520Z           ############################
2025-12-29T00:58:59.4000330Z           Python recognizes 'pychnosz.data.extdata.src' as an importable package[^1],
2025-12-29T00:58:59.4001440Z           but it is absent from setuptools' `packages` configuration.
2025-12-29T00:58:59.4001920Z 
2025-12-29T00:58:59.4002340Z           This leads to an ambiguous overall configuration. If you want to distribute this
2025-12-29T00:58:59.4003400Z           package, please make sure that 'pychnosz.data.extdata.src' is explicitly added
2025-12-29T00:58:59.4004540Z           to the `packages` configuration field.
2025-12-29T00:58:59.4005030Z 
2025-12-29T00:58:59.4005360Z           Alternatively, you can also rely on setuptools' discovery methods
2025-12-29T00:58:59.4006930Z           (for example by using `find_namespace_packages(...)`/`find_namespace:`
2025-12-29T00:58:59.4008110Z           instead of `find_packages(...)`/`find:`).
2025-12-29T00:58:59.4009020Z 
2025-12-29T00:58:59.4009770Z           You can read more about "package discovery" on setuptools documentation page:
2025-12-29T00:58:59.4010500Z 
2025-12-29T00:58:59.4010930Z           - https://setuptools.pypa.io/en/latest/userguide/package_discovery.html
2025-12-29T00:58:59.4011520Z 
2025-12-29T00:58:59.4011880Z           If you don't want 'pychnosz.data.extdata.src' to be distributed and are
2025-12-29T00:58:59.4012730Z           already explicitly excluding 'pychnosz.data.extdata.src' via
2025-12-29T00:58:59.4013610Z           `find_namespace_packages(...)/find_namespace` or `find_packages(...)/find`,
2025-12-29T00:58:59.4014570Z           you can try to use `exclude_package_data`, or `include-package-data=False` in
2025-12-29T00:58:59.4015510Z           combination with a more fine grained `package-data` configuration.
2025-12-29T00:58:59.4016080Z 
2025-12-29T00:58:59.4016580Z           You can read more about "package data files" on setuptools documentation page:
2025-12-29T00:58:59.4017300Z 
2025-12-29T00:58:59.4017770Z           - https://setuptools.pypa.io/en/latest/userguide/datafiles.html
2025-12-29T00:58:59.4018310Z 
2025-12-29T00:58:59.4018310Z 
2025-12-29T00:58:59.4018750Z           [^1]: For Python, any directory (with suitable naming) can be imported,
2025-12-29T00:58:59.4020040Z                 even if it does not contain any `.py` files.
2025-12-29T00:58:59.4021560Z                 On the other hand, currently there is no concept of package data
2025-12-29T00:58:59.4022500Z                 directory, all directories are treated like packages.
2025-12-29T00:58:59.4023610Z           ********************************************************************************
2025-12-29T00:58:59.4024030Z 
2025-12-29T00:58:59.4024140Z   !!
2025-12-29T00:58:59.4024430Z     check.warn(importable)
2025-12-29T00:58:59.4026370Z   /private/var/folders/6k/3_2ylbdd4rl8w3kbs55s3kk80000gn/T/pip-build-env-rjq7oimz/overlay/lib/python3.10/site-packages/setuptools/command/build_py.py:212: _Warning: Package 'pychnosz.data.extdata.taxonomy' is absent from the `packages` configuration.
2025-12-29T00:58:59.4028700Z   !!
2025-12-29T00:58:59.4028860Z 
2025-12-29T00:58:59.4029060Z           ********************************************************************************
2025-12-29T00:58:59.4029620Z           ############################
2025-12-29T00:58:59.4030070Z           # Package would be ignored #
2025-12-29T00:58:59.4030510Z           ############################
2025-12-29T00:58:59.4031250Z           Python recognizes 'pychnosz.data.extdata.taxonomy' as an importable package[^1],
2025-12-29T00:58:59.4032190Z           but it is absent from setuptools' `packages` configuration.
2025-12-29T00:58:59.4032670Z 
2025-12-29T00:58:59.4033080Z           This leads to an ambiguous overall configuration. If you want to distribute this
2025-12-29T00:58:59.4034160Z           package, please make sure that 'pychnosz.data.extdata.taxonomy' is explicitly added
2025-12-29T00:58:59.4035030Z           to the `packages` configuration field.
2025-12-29T00:58:59.4035400Z 
2025-12-29T00:58:59.4035730Z           Alternatively, you can also rely on setuptools' discovery methods
2025-12-29T00:58:59.4036630Z           (for example by using `find_namespace_packages(...)`/`find_namespace:`
2025-12-29T00:58:59.4037490Z           instead of `find_packages(...)`/`find:`).
2025-12-29T00:58:59.4037860Z 
2025-12-29T00:58:59.4038270Z           You can read more about "package discovery" on setuptools documentation page:
2025-12-29T00:58:59.4038870Z 
2025-12-29T00:58:59.4039280Z           - https://setuptools.pypa.io/en/latest/userguide/package_discovery.html
2025-12-29T00:58:59.4039870Z 
2025-12-29T00:58:59.4040260Z           If you don't want 'pychnosz.data.extdata.taxonomy' to be distributed and are
2025-12-29T00:58:59.4041910Z           already explicitly excluding 'pychnosz.data.extdata.taxonomy' via
2025-12-29T00:58:59.4043020Z           `find_namespace_packages(...)/find_namespace` or `find_packages(...)/find`,
2025-12-29T00:58:59.4044240Z           you can try to use `exclude_package_data`, or `include-package-data=False` in
2025-12-29T00:58:59.4045210Z           combination with a more fine grained `package-data` configuration.
2025-12-29T00:58:59.4045750Z 
2025-12-29T00:58:59.4046130Z           You can read more about "package data files" on setuptools documentation page:
2025-12-29T00:58:59.4046720Z 
2025-12-29T00:58:59.4047080Z           - https://setuptools.pypa.io/en/latest/userguide/datafiles.html
2025-12-29T00:58:59.4047640Z 
2025-12-29T00:58:59.4047640Z 
2025-12-29T00:58:59.4047960Z           [^1]: For Python, any directory (with suitable naming) can be imported,
2025-12-29T00:58:59.4048700Z                 even if it does not contain any `.py` files.
2025-12-29T00:58:59.4049400Z                 On the other hand, currently there is no concept of package data
2025-12-29T00:58:59.4050210Z                 directory, all directories are treated like packages.
2025-12-29T00:58:59.4050870Z           ********************************************************************************
2025-12-29T00:58:59.4051290Z 
2025-12-29T00:58:59.4051400Z   !!
2025-12-29T00:58:59.4051700Z     check.warn(importable)
2025-12-29T00:58:59.4054430Z   /private/var/folders/6k/3_2ylbdd4rl8w3kbs55s3kk80000gn/T/pip-build-env-rjq7oimz/overlay/lib/python3.10/site-packages/setuptools/command/build_py.py:212: _Warning: Package 'pychnosz.data.extdata.thermo' is absent from the `packages` configuration.
2025-12-29T00:58:59.4057050Z   !!
2025-12-29T00:58:59.4057270Z 
2025-12-29T00:58:59.4057590Z           ********************************************************************************
2025-12-29T00:58:59.4058330Z           ############################
2025-12-29T00:58:59.4058930Z           # Package would be ignored #
2025-12-29T00:58:59.4059510Z           ############################
2025-12-29T00:58:59.4060480Z           Python recognizes 'pychnosz.data.extdata.thermo' as an importable package[^1],
2025-12-29T00:58:59.4062150Z           but it is absent from setuptools' `packages` configuration.
2025-12-29T00:58:59.4062780Z 
2025-12-29T00:58:59.4063350Z           This leads to an ambiguous overall configuration. If you want to distribute this
2025-12-29T00:58:59.4064740Z           package, please make sure that 'pychnosz.data.extdata.thermo' is explicitly added
2025-12-29T00:58:59.4065850Z           to the `packages` configuration field.
2025-12-29T00:58:59.4066360Z 
2025-12-29T00:58:59.4066780Z           Alternatively, you can also rely on setuptools' discovery methods
2025-12-29T00:58:59.4067880Z           (for example by using `find_namespace_packages(...)`/`find_namespace:`
2025-12-29T00:58:59.4068860Z           instead of `find_packages(...)`/`find:`).
2025-12-29T00:58:59.4069300Z 
2025-12-29T00:58:59.4069700Z           You can read more about "package discovery" on setuptools documentation page:
2025-12-29T00:58:59.4070290Z 
2025-12-29T00:58:59.4070690Z           - https://setuptools.pypa.io/en/latest/userguide/package_discovery.html
2025-12-29T00:58:59.4071290Z 
2025-12-29T00:58:59.4071710Z           If you don't want 'pychnosz.data.extdata.thermo' to be distributed and are
2025-12-29T00:58:59.4072960Z           already explicitly excluding 'pychnosz.data.extdata.thermo' via
2025-12-29T00:58:59.4074160Z           `find_namespace_packages(...)/find_namespace` or `find_packages(...)/find`,
2025-12-29T00:58:59.4075390Z           you can try to use `exclude_package_data`, or `include-package-data=False` in
2025-12-29T00:58:59.4076620Z           combination with a more fine grained `package-data` configuration.
2025-12-29T00:58:59.4077370Z 
2025-12-29T00:58:59.4077910Z           You can read more about "package data files" on setuptools documentation page:
2025-12-29T00:58:59.4078570Z 
2025-12-29T00:58:59.4078940Z           - https://setuptools.pypa.io/en/latest/userguide/datafiles.html
2025-12-29T00:58:59.4079560Z 
2025-12-29T00:58:59.4079570Z 
2025-12-29T00:58:59.4079900Z           [^1]: For Python, any directory (with suitable naming) can be imported,
2025-12-29T00:58:59.4080790Z                 even if it does not contain any `.py` files.
2025-12-29T00:58:59.4081570Z                 On the other hand, currently there is no concept of package data
2025-12-29T00:58:59.4082400Z                 directory, all directories are treated like packages.
2025-12-29T00:58:59.4083330Z           ********************************************************************************
2025-12-29T00:58:59.4083900Z 
2025-12-29T00:58:59.4084010Z   !!
2025-12-29T00:58:59.4084350Z     check.warn(importable)
2025-12-29T00:58:59.4085180Z   creating build/lib.macosx-10.9-x86_64-cpython-310/pychnosz/data/extdata/Berman
2025-12-29T00:58:59.4086570Z   copying pychnosz/data/extdata/Berman/BDat17_2017.csv -> build/lib.macosx-10.9-x86_64-cpython-310/pychnosz/data/extdata/Berman
2025-12-29T00:58:59.4088220Z   copying pychnosz/data/extdata/Berman/Ber88_1988.csv -> build/lib.macosx-10.9-x86_64-cpython-310/pychnosz/data/extdata/Berman
2025-12-29T00:58:59.4089860Z   copying pychnosz/data/extdata/Berman/Ber90_1990.csv -> build/lib.macosx-10.9-x86_64-cpython-310/pychnosz/data/extdata/Berman
2025-12-29T00:58:59.4091540Z   copying pychnosz/data/extdata/Berman/DS10_2010.csv -> build/lib.macosx-10.9-x86_64-cpython-310/pychnosz/data/extdata/Berman
2025-12-29T00:58:59.4093260Z   copying pychnosz/data/extdata/Berman/FDM+14_2014.csv -> build/lib.macosx-10.9-x86_64-cpython-310/pychnosz/data/extdata/Berman
2025-12-29T00:58:59.4095720Z   copying pychnosz/data/extdata/Berman/Got04_2004.csv -> build/lib.macosx-10.9-x86_64-cpython-310/pychnosz/data/extdata/Berman
2025-12-29T00:58:59.4097670Z   copying pychnosz/data/extdata/Berman/JUN92_1992.csv -> build/lib.macosx-10.9-x86_64-cpython-310/pychnosz/data/extdata/Berman
2025-12-29T00:58:59.4099840Z   copying pychnosz/data/extdata/Berman/SHD91_1991.csv -> build/lib.macosx-10.9-x86_64-cpython-310/pychnosz/data/extdata/Berman
2025-12-29T00:58:59.4101900Z   copying pychnosz/data/extdata/Berman/VGT92_1992.csv -> build/lib.macosx-10.9-x86_64-cpython-310/pychnosz/data/extdata/Berman
2025-12-29T00:58:59.4104430Z   copying pychnosz/data/extdata/Berman/VPT01_2001.csv -> build/lib.macosx-10.9-x86_64-cpython-310/pychnosz/data/extdata/Berman
2025-12-29T00:58:59.4106900Z   copying pychnosz/data/extdata/Berman/VPV05_2005.csv -> build/lib.macosx-10.9-x86_64-cpython-310/pychnosz/data/extdata/Berman
2025-12-29T00:58:59.4108980Z   copying pychnosz/data/extdata/Berman/ZS92_1992.csv -> build/lib.macosx-10.9-x86_64-cpython-310/pychnosz/data/extdata/Berman
2025-12-29T00:58:59.4110720Z   copying pychnosz/data/extdata/Berman/sympy.R -> build/lib.macosx-10.9-x86_64-cpython-310/pychnosz/data/extdata/Berman
2025-12-29T00:58:59.4112360Z   creating build/lib.macosx-10.9-x86_64-cpython-310/pychnosz/data/extdata/Berman/testing
2025-12-29T00:58:59.4113910Z   copying pychnosz/data/extdata/Berman/testing/BA96.bib -> build/lib.macosx-10.9-x86_64-cpython-310/pychnosz/data/extdata/Berman/testing
2025-12-29T00:58:59.4115980Z   copying pychnosz/data/extdata/Berman/testing/BA96_Berman.csv -> build/lib.macosx-10.9-x86_64-cpython-310/pychnosz/data/extdata/Berman/testing
2025-12-29T00:58:59.4118560Z   copying pychnosz/data/extdata/Berman/testing/BA96_OBIGT.csv -> build/lib.macosx-10.9-x86_64-cpython-310/pychnosz/data/extdata/Berman/testing
2025-12-29T00:58:59.4121090Z   copying pychnosz/data/extdata/Berman/testing/BA96_refs.csv -> build/lib.macosx-10.9-x86_64-cpython-310/pychnosz/data/extdata/Berman/testing
2025-12-29T00:58:59.4122950Z   creating build/lib.macosx-10.9-x86_64-cpython-310/pychnosz/data/extdata/OBIGT
2025-12-29T00:58:59.4124240Z   copying pychnosz/data/extdata/OBIGT/AD.csv -> build/lib.macosx-10.9-x86_64-cpython-310/pychnosz/data/extdata/OBIGT
2025-12-29T00:58:59.4125880Z   copying pychnosz/data/extdata/OBIGT/Berman_cr.csv -> build/lib.macosx-10.9-x86_64-cpython-310/pychnosz/data/extdata/OBIGT
2025-12-29T00:58:59.4127790Z   copying pychnosz/data/extdata/OBIGT/DEW.csv -> build/lib.macosx-10.9-x86_64-cpython-310/pychnosz/data/extdata/OBIGT
2025-12-29T00:58:59.4129640Z   copying pychnosz/data/extdata/OBIGT/H2O_aq.csv -> build/lib.macosx-10.9-x86_64-cpython-310/pychnosz/data/extdata/OBIGT
2025-12-29T00:58:59.4131370Z   copying pychnosz/data/extdata/OBIGT/SLOP98.csv -> build/lib.macosx-10.9-x86_64-cpython-310/pychnosz/data/extdata/OBIGT
2025-12-29T00:58:59.4133300Z   copying pychnosz/data/extdata/OBIGT/SUPCRT92.csv -> build/lib.macosx-10.9-x86_64-cpython-310/pychnosz/data/extdata/OBIGT
2025-12-29T00:58:59.4135400Z   copying pychnosz/data/extdata/OBIGT/inorganic_aq.csv -> build/lib.macosx-10.9-x86_64-cpython-310/pychnosz/data/extdata/OBIGT
2025-12-29T00:58:59.4137330Z   copying pychnosz/data/extdata/OBIGT/inorganic_cr.csv -> build/lib.macosx-10.9-x86_64-cpython-310/pychnosz/data/extdata/OBIGT
2025-12-29T00:58:59.4140000Z   copying pychnosz/data/extdata/OBIGT/inorganic_gas.csv -> build/lib.macosx-10.9-x86_64-cpython-310/pychnosz/data/extdata/OBIGT
2025-12-29T00:58:59.4142790Z   copying pychnosz/data/extdata/OBIGT/organic_aq.csv -> build/lib.macosx-10.9-x86_64-cpython-310/pychnosz/data/extdata/OBIGT
2025-12-29T00:58:59.4144890Z   copying pychnosz/data/extdata/OBIGT/organic_cr.csv -> build/lib.macosx-10.9-x86_64-cpython-310/pychnosz/data/extdata/OBIGT
2025-12-29T00:58:59.4146660Z   copying pychnosz/data/extdata/OBIGT/organic_gas.csv -> build/lib.macosx-10.9-x86_64-cpython-310/pychnosz/data/extdata/OBIGT
2025-12-29T00:58:59.4149000Z   copying pychnosz/data/extdata/OBIGT/organic_liq.csv -> build/lib.macosx-10.9-x86_64-cpython-310/pychnosz/data/extdata/OBIGT
2025-12-29T00:58:59.4150780Z   creating build/lib.macosx-10.9-x86_64-cpython-310/pychnosz/data/extdata/OBIGT/testing
2025-12-29T00:58:59.4152690Z   copying pychnosz/data/extdata/OBIGT/testing/GEMSFIT.csv -> build/lib.macosx-10.9-x86_64-cpython-310/pychnosz/data/extdata/OBIGT/testing
2025-12-29T00:58:59.4155160Z   copying pychnosz/data/extdata/OBIGT/testing/IGEM.csv -> build/lib.macosx-10.9-x86_64-cpython-310/pychnosz/data/extdata/OBIGT/testing
2025-12-29T00:58:59.4157600Z   copying pychnosz/data/extdata/OBIGT/testing/Sandia.csv -> build/lib.macosx-10.9-x86_64-cpython-310/pychnosz/data/extdata/OBIGT/testing
2025-12-29T00:58:59.4160540Z   copying pychnosz/data/extdata/OBIGT/testing/SiO2.csv -> build/lib.macosx-10.9-x86_64-cpython-310/pychnosz/data/extdata/OBIGT/testing
2025-12-29T00:58:59.4162160Z   creating build/lib.macosx-10.9-x86_64-cpython-310/pychnosz/data/extdata/misc
2025-12-29T00:58:59.4164450Z   copying pychnosz/data/extdata/misc/AD03_Fig1a.csv -> build/lib.macosx-10.9-x86_64-cpython-310/pychnosz/data/extdata/misc
2025-12-29T00:58:59.4167090Z   copying pychnosz/data/extdata/misc/AD03_Fig1b.csv -> build/lib.macosx-10.9-x86_64-cpython-310/pychnosz/data/extdata/misc
2025-12-29T00:58:59.4168660Z   copying pychnosz/data/extdata/misc/AD03_Fig1c.csv -> build/lib.macosx-10.9-x86_64-cpython-310/pychnosz/data/extdata/misc
2025-12-29T00:58:59.4170360Z   copying pychnosz/data/extdata/misc/AD03_Fig1d.csv -> build/lib.macosx-10.9-x86_64-cpython-310/pychnosz/data/extdata/misc
2025-12-29T00:58:59.4172180Z   copying pychnosz/data/extdata/misc/BZA10.csv -> build/lib.macosx-10.9-x86_64-cpython-310/pychnosz/data/extdata/misc
2025-12-29T00:58:59.4174260Z   copying pychnosz/data/extdata/misc/HW97_Cp.csv -> build/lib.macosx-10.9-x86_64-cpython-310/pychnosz/data/extdata/misc
2025-12-29T00:58:59.4176100Z   copying pychnosz/data/extdata/misc/HWM96_V.csv -> build/lib.macosx-10.9-x86_64-cpython-310/pychnosz/data/extdata/misc
2025-12-29T00:58:59.4177710Z   copying pychnosz/data/extdata/misc/LA19_test.csv -> build/lib.macosx-10.9-x86_64-cpython-310/pychnosz/data/extdata/misc
2025-12-29T00:58:59.4179440Z   copying pychnosz/data/extdata/misc/Mer75_Table4.csv -> build/lib.macosx-10.9-x86_64-cpython-310/pychnosz/data/extdata/misc
2025-12-29T00:58:59.4181600Z   copying pychnosz/data/extdata/misc/OBIGT_check.csv -> build/lib.macosx-10.9-x86_64-cpython-310/pychnosz/data/extdata/misc
2025-12-29T00:58:59.4183840Z   copying pychnosz/data/extdata/misc/PM90.csv -> build/lib.macosx-10.9-x86_64-cpython-310/pychnosz/data/extdata/misc
2025-12-29T00:58:59.4185800Z   copying pychnosz/data/extdata/misc/RH95.csv -> build/lib.macosx-10.9-x86_64-cpython-310/pychnosz/data/extdata/misc
2025-12-29T00:58:59.4188310Z   copying pychnosz/data/extdata/misc/RH98_Table15.csv -> build/lib.macosx-10.9-x86_64-cpython-310/pychnosz/data/extdata/misc
2025-12-29T00:58:59.4190350Z   copying pychnosz/data/extdata/misc/SC10_Rainbow.csv -> build/lib.macosx-10.9-x86_64-cpython-310/pychnosz/data/extdata/misc
2025-12-29T00:58:59.4192200Z   copying pychnosz/data/extdata/misc/SK95.csv -> build/lib.macosx-10.9-x86_64-cpython-310/pychnosz/data/extdata/misc
2025-12-29T00:58:59.4194070Z   copying pychnosz/data/extdata/misc/SOJSH.csv -> build/lib.macosx-10.9-x86_64-cpython-310/pychnosz/data/extdata/misc
2025-12-29T00:58:59.4195830Z   copying pychnosz/data/extdata/misc/SS98_Fig5a.csv -> build/lib.macosx-10.9-x86_64-cpython-310/pychnosz/data/extdata/misc
2025-12-29T00:58:59.4197390Z   copying pychnosz/data/extdata/misc/SS98_Fig5b.csv -> build/lib.macosx-10.9-x86_64-cpython-310/pychnosz/data/extdata/misc
2025-12-29T00:58:59.4199330Z   copying pychnosz/data/extdata/misc/TKSS14_Fig2.csv -> build/lib.macosx-10.9-x86_64-cpython-310/pychnosz/data/extdata/misc
2025-12-29T00:58:59.4201380Z   copying pychnosz/data/extdata/misc/bluered.txt -> build/lib.macosx-10.9-x86_64-cpython-310/pychnosz/data/extdata/misc
2025-12-29T00:58:59.4202760Z   creating build/lib.macosx-10.9-x86_64-cpython-310/pychnosz/data/extdata/protein
2025-12-29T00:58:59.4205030Z   copying pychnosz/data/extdata/protein/POLG.csv -> build/lib.macosx-10.9-x86_64-cpython-310/pychnosz/data/extdata/protein
2025-12-29T00:58:59.4206930Z   copying pychnosz/data/extdata/protein/TBD+05.csv -> build/lib.macosx-10.9-x86_64-cpython-310/pychnosz/data/extdata/protein
2025-12-29T00:58:59.4208720Z   copying pychnosz/data/extdata/protein/TBD+05_aa.csv -> build/lib.macosx-10.9-x86_64-cpython-310/pychnosz/data/extdata/protein
2025-12-29T00:58:59.4210490Z   copying pychnosz/data/extdata/protein/rubisco.csv -> build/lib.macosx-10.9-x86_64-cpython-310/pychnosz/data/extdata/protein
2025-12-29T00:58:59.4223080Z   copying pychnosz/data/extdata/protein/rubisco.fasta -> build/lib.macosx-10.9-x86_64-cpython-310/pychnosz/data/extdata/protein
2025-12-29T00:58:59.4225280Z   copying pychnosz/data/extdata/protein/rubisco_aa.csv -> build/lib.macosx-10.9-x86_64-cpython-310/pychnosz/data/extdata/protein
2025-12-29T00:58:59.4226890Z   creating build/lib.macosx-10.9-x86_64-cpython-310/pychnosz/data/extdata/protein/Cas
2025-12-29T00:58:59.4228460Z   copying pychnosz/data/extdata/protein/Cas/Cas_aa.csv -> build/lib.macosx-10.9-x86_64-cpython-310/pychnosz/data/extdata/protein/Cas
2025-12-29T00:58:59.4230660Z   copying pychnosz/data/extdata/protein/Cas/Cas_uniprot.csv -> build/lib.macosx-10.9-x86_64-cpython-310/pychnosz/data/extdata/protein/Cas
2025-12-29T00:58:59.4232790Z   copying pychnosz/data/extdata/protein/Cas/download.R -> build/lib.macosx-10.9-x86_64-cpython-310/pychnosz/data/extdata/protein/Cas
2025-12-29T00:58:59.4234700Z   copying pychnosz/data/extdata/protein/Cas/mkaa.R -> build/lib.macosx-10.9-x86_64-cpython-310/pychnosz/data/extdata/protein/Cas
2025-12-29T00:58:59.4236240Z   creating build/lib.macosx-10.9-x86_64-cpython-310/pychnosz/data/extdata/src
2025-12-29T00:58:59.4237940Z   copying pychnosz/data/extdata/src/H2O92D.f.orig -> build/lib.macosx-10.9-x86_64-cpython-310/pychnosz/data/extdata/src
2025-12-29T00:58:59.4239760Z   copying pychnosz/data/extdata/src/README.txt -> build/lib.macosx-10.9-x86_64-cpython-310/pychnosz/data/extdata/src
2025-12-29T00:58:59.4241280Z   creating build/lib.macosx-10.9-x86_64-cpython-310/pychnosz/data/extdata/taxonomy
2025-12-29T00:58:59.4242990Z   copying pychnosz/data/extdata/taxonomy/names.dmp -> build/lib.macosx-10.9-x86_64-cpython-310/pychnosz/data/extdata/taxonomy
2025-12-29T00:58:59.4245140Z   copying pychnosz/data/extdata/taxonomy/nodes.dmp -> build/lib.macosx-10.9-x86_64-cpython-310/pychnosz/data/extdata/taxonomy
2025-12-29T00:58:59.4246840Z   creating build/lib.macosx-10.9-x86_64-cpython-310/pychnosz/data/extdata/thermo
2025-12-29T00:58:59.4248540Z   copying pychnosz/data/extdata/thermo/Bdot_acirc.csv -> build/lib.macosx-10.9-x86_64-cpython-310/pychnosz/data/extdata/thermo
2025-12-29T00:58:59.4250750Z   copying pychnosz/data/extdata/thermo/buffer.csv -> build/lib.macosx-10.9-x86_64-cpython-310/pychnosz/data/extdata/thermo
2025-12-29T00:58:59.4252710Z   copying pychnosz/data/extdata/thermo/element.csv -> build/lib.macosx-10.9-x86_64-cpython-310/pychnosz/data/extdata/thermo
2025-12-29T00:58:59.4254930Z   copying pychnosz/data/extdata/thermo/groups.csv -> build/lib.macosx-10.9-x86_64-cpython-310/pychnosz/data/extdata/thermo
2025-12-29T00:58:59.4257070Z   copying pychnosz/data/extdata/thermo/opt.csv -> build/lib.macosx-10.9-x86_64-cpython-310/pychnosz/data/extdata/thermo
2025-12-29T00:58:59.4258830Z   copying pychnosz/data/extdata/thermo/protein.csv -> build/lib.macosx-10.9-x86_64-cpython-310/pychnosz/data/extdata/thermo
2025-12-29T00:58:59.4260810Z   copying pychnosz/data/extdata/thermo/refs.csv -> build/lib.macosx-10.9-x86_64-cpython-310/pychnosz/data/extdata/thermo
2025-12-29T00:58:59.4263040Z   copying pychnosz/data/extdata/thermo/stoich.csv.xz -> build/lib.macosx-10.9-x86_64-cpython-310/pychnosz/data/extdata/thermo
2025-12-29T00:58:59.4265150Z   copying pychnosz/fortran/h2o92.dylib -> build/lib.macosx-10.9-x86_64-cpython-310/pychnosz/fortran
2025-12-29T00:58:59.4266330Z   running build_ext
2025-12-29T00:58:59.4266780Z   installing to build/bdist.macosx-10.9-x86_64/wheel
2025-12-29T00:58:59.4267900Z   running install
2025-12-29T00:58:59.4268270Z   running install_lib
2025-12-29T00:58:59.4268780Z   creating build/bdist.macosx-10.9-x86_64/wheel
2025-12-29T00:58:59.4269580Z   creating build/bdist.macosx-10.9-x86_64/wheel/pychnosz
2025-12-29T00:58:59.4270510Z   creating build/bdist.macosx-10.9-x86_64/wheel/pychnosz/core
2025-12-29T00:58:59.4272150Z   copying build/lib.macosx-10.9-x86_64-cpython-310/pychnosz/core/basis.py -> build/bdist.macosx-10.9-x86_64/wheel/./pychnosz/core
2025-12-29T00:58:59.4274240Z   copying build/lib.macosx-10.9-x86_64-cpython-310/pychnosz/core/equilibrium.py -> build/bdist.macosx-10.9-x86_64/wheel/./pychnosz/core
2025-12-29T00:58:59.4276780Z   copying build/lib.macosx-10.9-x86_64-cpython-310/pychnosz/core/species.py -> build/bdist.macosx-10.9-x86_64/wheel/./pychnosz/core
2025-12-29T00:58:59.4278570Z   copying build/lib.macosx-10.9-x86_64-cpython-310/pychnosz/core/diagram.py -> build/bdist.macosx-10.9-x86_64/wheel/./pychnosz/core
2025-12-29T00:58:59.4281340Z   copying build/lib.macosx-10.9-x86_64-cpython-310/pychnosz/core/equilibrate.py -> build/bdist.macosx-10.9-x86_64/wheel/./pychnosz/core
2025-12-29T00:58:59.4283250Z   copying build/lib.macosx-10.9-x86_64-cpython-310/pychnosz/core/subcrt.py -> build/bdist.macosx-10.9-x86_64/wheel/./pychnosz/core
2025-12-29T00:58:59.4285030Z   copying build/lib.macosx-10.9-x86_64-cpython-310/pychnosz/core/affinity.py -> build/bdist.macosx-10.9-x86_64/wheel/./pychnosz/core
2025-12-29T00:58:59.4286910Z   copying build/lib.macosx-10.9-x86_64-cpython-310/pychnosz/core/__init__.py -> build/bdist.macosx-10.9-x86_64/wheel/./pychnosz/core
2025-12-29T00:58:59.4289000Z   copying build/lib.macosx-10.9-x86_64-cpython-310/pychnosz/core/animation.py -> build/bdist.macosx-10.9-x86_64/wheel/./pychnosz/core
2025-12-29T00:58:59.4291210Z   copying build/lib.macosx-10.9-x86_64-cpython-310/pychnosz/core/thermo.py -> build/bdist.macosx-10.9-x86_64/wheel/./pychnosz/core
2025-12-29T00:58:59.4293760Z   copying build/lib.macosx-10.9-x86_64-cpython-310/pychnosz/core/retrieve.py -> build/bdist.macosx-10.9-x86_64/wheel/./pychnosz/core
2025-12-29T00:58:59.4296000Z   copying build/lib.macosx-10.9-x86_64-cpython-310/pychnosz/core/unicurve.py -> build/bdist.macosx-10.9-x86_64/wheel/./pychnosz/core
2025-12-29T00:58:59.4298010Z   copying build/lib.macosx-10.9-x86_64-cpython-310/pychnosz/core/info.py -> build/bdist.macosx-10.9-x86_64/wheel/./pychnosz/core
2025-12-29T00:58:59.4300110Z   copying build/lib.macosx-10.9-x86_64-cpython-310/pychnosz/core/speciation.py -> build/bdist.macosx-10.9-x86_64/wheel/./pychnosz/core
2025-12-29T00:58:59.4302470Z   copying build/lib.macosx-10.9-x86_64-cpython-310/pychnosz/core/balance.py -> build/bdist.macosx-10.9-x86_64/wheel/./pychnosz/core
2025-12-29T00:58:59.4304760Z   copying build/lib.macosx-10.9-x86_64-cpython-310/pychnosz/__init__.py -> build/bdist.macosx-10.9-x86_64/wheel/./pychnosz
2025-12-29T00:58:59.4306330Z   creating build/bdist.macosx-10.9-x86_64/wheel/pychnosz/utils
2025-12-29T00:58:59.4307990Z   copying build/lib.macosx-10.9-x86_64-cpython-310/pychnosz/utils/units.py -> build/bdist.macosx-10.9-x86_64/wheel/./pychnosz/utils
2025-12-29T00:58:59.4310310Z   copying build/lib.macosx-10.9-x86_64-cpython-310/pychnosz/utils/formula.py -> build/bdist.macosx-10.9-x86_64/wheel/./pychnosz/utils
2025-12-29T00:58:59.4312640Z   copying build/lib.macosx-10.9-x86_64-cpython-310/pychnosz/utils/formula_ox.py -> build/bdist.macosx-10.9-x86_64/wheel/./pychnosz/utils
2025-12-29T00:58:59.4315070Z   copying build/lib.macosx-10.9-x86_64-cpython-310/pychnosz/utils/reset.py -> build/bdist.macosx-10.9-x86_64/wheel/./pychnosz/utils
2025-12-29T00:58:59.4316970Z   copying build/lib.macosx-10.9-x86_64-cpython-310/pychnosz/utils/__init__.py -> build/bdist.macosx-10.9-x86_64/wheel/./pychnosz/utils
2025-12-29T00:58:59.4318800Z   copying build/lib.macosx-10.9-x86_64-cpython-310/pychnosz/utils/expression.py -> build/bdist.macosx-10.9-x86_64/wheel/./pychnosz/utils
2025-12-29T00:58:59.4320090Z   creating build/bdist.macosx-10.9-x86_64/wheel/pychnosz/models
2025-12-29T00:58:59.4322470Z   copying build/lib.macosx-10.9-x86_64-cpython-310/pychnosz/models/archer_wang.py -> build/bdist.macosx-10.9-x86_64/wheel/./pychnosz/models
2025-12-29T00:58:59.4324490Z   copying build/lib.macosx-10.9-x86_64-cpython-310/pychnosz/models/berman.py -> build/bdist.macosx-10.9-x86_64/wheel/./pychnosz/models
2025-12-29T00:58:59.4326720Z   copying build/lib.macosx-10.9-x86_64-cpython-310/pychnosz/models/water.py -> build/bdist.macosx-10.9-x86_64/wheel/./pychnosz/models
2025-12-29T00:58:59.4328590Z   copying build/lib.macosx-10.9-x86_64-cpython-310/pychnosz/models/cgl.py -> build/bdist.macosx-10.9-x86_64/wheel/./pychnosz/models
2025-12-29T00:58:59.4331190Z   copying build/lib.macosx-10.9-x86_64-cpython-310/pychnosz/models/__init__.py -> build/bdist.macosx-10.9-x86_64/wheel/./pychnosz/models
2025-12-29T00:58:59.4333430Z   copying build/lib.macosx-10.9-x86_64-cpython-310/pychnosz/models/hkf_helpers.py -> build/bdist.macosx-10.9-x86_64/wheel/./pychnosz/models
2025-12-29T00:58:59.4335460Z   copying build/lib.macosx-10.9-x86_64-cpython-310/pychnosz/models/hkf.py -> build/bdist.macosx-10.9-x86_64/wheel/./pychnosz/models
2025-12-29T00:58:59.4337240Z   copying build/lib.macosx-10.9-x86_64-cpython-310/pychnosz/models/iapws95.py -> build/bdist.macosx-10.9-x86_64/wheel/./pychnosz/models
2025-12-29T00:58:59.4339220Z   copying build/lib.macosx-10.9-x86_64-cpython-310/pychnosz/models/supcrt92_fortran.py -> build/bdist.macosx-10.9-x86_64/wheel/./pychnosz/models
2025-12-29T00:58:59.4342090Z   copying build/lib.macosx-10.9-x86_64-cpython-310/pychnosz/models/dew.py -> build/bdist.macosx-10.9-x86_64/wheel/./pychnosz/models
2025-12-29T00:58:59.4344310Z   creating build/bdist.macosx-10.9-x86_64/wheel/pychnosz/fortran
2025-12-29T00:58:59.4345620Z   copying build/lib.macosx-10.9-x86_64-cpython-310/pychnosz/fortran/h2o92_interface.py -> build/bdist.macosx-10.9-x86_64/wheel/./pychnosz/fortran
2025-12-29T00:58:59.4347410Z   copying build/lib.macosx-10.9-x86_64-cpython-310/pychnosz/fortran/__init__.py -> build/bdist.macosx-10.9-x86_64/wheel/./pychnosz/fortran
2025-12-29T00:58:59.4349170Z   copying build/lib.macosx-10.9-x86_64-cpython-310/pychnosz/fortran/h2o92.dylib -> build/bdist.macosx-10.9-x86_64/wheel/./pychnosz/fortran
2025-12-29T00:58:59.4350480Z   creating build/bdist.macosx-10.9-x86_64/wheel/pychnosz/biomolecules
2025-12-29T00:58:59.4351940Z   copying build/lib.macosx-10.9-x86_64-cpython-310/pychnosz/biomolecules/proteins.py -> build/bdist.macosx-10.9-x86_64/wheel/./pychnosz/biomolecules
2025-12-29T00:58:59.4354200Z   copying build/lib.macosx-10.9-x86_64-cpython-310/pychnosz/biomolecules/__init__.py -> build/bdist.macosx-10.9-x86_64/wheel/./pychnosz/biomolecules
2025-12-29T00:58:59.4356130Z   copying build/lib.macosx-10.9-x86_64-cpython-310/pychnosz/biomolecules/ionize_aa.py -> build/bdist.macosx-10.9-x86_64/wheel/./pychnosz/biomolecules
2025-12-29T00:58:59.4357480Z   creating build/bdist.macosx-10.9-x86_64/wheel/pychnosz/data
2025-12-29T00:58:59.4358650Z   copying build/lib.macosx-10.9-x86_64-cpython-310/pychnosz/data/obigt.py -> build/bdist.macosx-10.9-x86_64/wheel/./pychnosz/data
2025-12-29T00:58:59.4359890Z   creating build/bdist.macosx-10.9-x86_64/wheel/pychnosz/data/extdata
2025-12-29T00:58:59.4360750Z   creating build/bdist.macosx-10.9-x86_64/wheel/pychnosz/data/extdata/misc
2025-12-29T00:58:59.4362220Z   copying build/lib.macosx-10.9-x86_64-cpython-310/pychnosz/data/extdata/misc/bluered.txt -> build/bdist.macosx-10.9-x86_64/wheel/./pychnosz/data/extdata/misc
2025-12-29T00:58:59.4364370Z   copying build/lib.macosx-10.9-x86_64-cpython-310/pychnosz/data/extdata/misc/Mer75_Table4.csv -> build/bdist.macosx-10.9-x86_64/wheel/./pychnosz/data/extdata/misc
2025-12-29T00:58:59.4366630Z   copying build/lib.macosx-10.9-x86_64-cpython-310/pychnosz/data/extdata/misc/RH95.csv -> build/bdist.macosx-10.9-x86_64/wheel/./pychnosz/data/extdata/misc
2025-12-29T00:58:59.4368690Z   copying build/lib.macosx-10.9-x86_64-cpython-310/pychnosz/data/extdata/misc/SS98_Fig5a.csv -> build/bdist.macosx-10.9-x86_64/wheel/./pychnosz/data/extdata/misc
2025-12-29T00:58:59.4371790Z   copying build/lib.macosx-10.9-x86_64-cpython-310/pychnosz/data/extdata/misc/TKSS14_Fig2.csv -> build/bdist.macosx-10.9-x86_64/wheel/./pychnosz/data/extdata/misc
2025-12-29T00:58:59.4373900Z   copying build/lib.macosx-10.9-x86_64-cpython-310/pychnosz/data/extdata/misc/PM90.csv -> build/bdist.macosx-10.9-x86_64/wheel/./pychnosz/data/extdata/misc
2025-12-29T00:58:59.4376000Z   copying build/lib.macosx-10.9-x86_64-cpython-310/pychnosz/data/extdata/misc/SS98_Fig5b.csv -> build/bdist.macosx-10.9-x86_64/wheel/./pychnosz/data/extdata/misc
2025-12-29T00:58:59.4378640Z   copying build/lib.macosx-10.9-x86_64-cpython-310/pychnosz/data/extdata/misc/AD03_Fig1d.csv -> build/bdist.macosx-10.9-x86_64/wheel/./pychnosz/data/extdata/misc
2025-12-29T00:58:59.4381890Z   copying build/lib.macosx-10.9-x86_64-cpython-310/pychnosz/data/extdata/misc/OBIGT_check.csv -> build/bdist.macosx-10.9-x86_64/wheel/./pychnosz/data/extdata/misc
2025-12-29T00:58:59.4384030Z   copying build/lib.macosx-10.9-x86_64-cpython-310/pychnosz/data/extdata/misc/AD03_Fig1a.csv -> build/bdist.macosx-10.9-x86_64/wheel/./pychnosz/data/extdata/misc
2025-12-29T00:58:59.4386110Z   copying build/lib.macosx-10.9-x86_64-cpython-310/pychnosz/data/extdata/misc/AD03_Fig1b.csv -> build/bdist.macosx-10.9-x86_64/wheel/./pychnosz/data/extdata/misc
2025-12-29T00:58:59.4388260Z   copying build/lib.macosx-10.9-x86_64-cpython-310/pychnosz/data/extdata/misc/AD03_Fig1c.csv -> build/bdist.macosx-10.9-x86_64/wheel/./pychnosz/data/extdata/misc
2025-12-29T00:58:59.4390390Z   copying build/lib.macosx-10.9-x86_64-cpython-310/pychnosz/data/extdata/misc/SC10_Rainbow.csv -> build/bdist.macosx-10.9-x86_64/wheel/./pychnosz/data/extdata/misc
2025-12-29T00:58:59.4392530Z   copying build/lib.macosx-10.9-x86_64-cpython-310/pychnosz/data/extdata/misc/BZA10.csv -> build/bdist.macosx-10.9-x86_64/wheel/./pychnosz/data/extdata/misc
2025-12-29T00:58:59.4395070Z   copying build/lib.macosx-10.9-x86_64-cpython-310/pychnosz/data/extdata/misc/HWM96_V.csv -> build/bdist.macosx-10.9-x86_64/wheel/./pychnosz/data/extdata/misc
2025-12-29T00:58:59.4397560Z   copying build/lib.macosx-10.9-x86_64-cpython-310/pychnosz/data/extdata/misc/LA19_test.csv -> build/bdist.macosx-10.9-x86_64/wheel/./pychnosz/data/extdata/misc
2025-12-29T00:58:59.4399800Z   copying build/lib.macosx-10.9-x86_64-cpython-310/pychnosz/data/extdata/misc/SK95.csv -> build/bdist.macosx-10.9-x86_64/wheel/./pychnosz/data/extdata/misc
2025-12-29T00:58:59.4401830Z   copying build/lib.macosx-10.9-x86_64-cpython-310/pychnosz/data/extdata/misc/SOJSH.csv -> build/bdist.macosx-10.9-x86_64/wheel/./pychnosz/data/extdata/misc
2025-12-29T00:58:59.4403940Z   copying build/lib.macosx-10.9-x86_64-cpython-310/pychnosz/data/extdata/misc/RH98_Table15.csv -> build/bdist.macosx-10.9-x86_64/wheel/./pychnosz/data/extdata/misc
2025-12-29T00:58:59.4406040Z   copying build/lib.macosx-10.9-x86_64-cpython-310/pychnosz/data/extdata/misc/HW97_Cp.csv -> build/bdist.macosx-10.9-x86_64/wheel/./pychnosz/data/extdata/misc
2025-12-29T00:58:59.4407540Z   creating build/bdist.macosx-10.9-x86_64/wheel/pychnosz/data/extdata/OBIGT
2025-12-29T00:58:59.4409100Z   copying build/lib.macosx-10.9-x86_64-cpython-310/pychnosz/data/extdata/OBIGT/organic_aq.csv -> build/bdist.macosx-10.9-x86_64/wheel/./pychnosz/data/extdata/OBIGT
2025-12-29T00:58:59.4411310Z   copying build/lib.macosx-10.9-x86_64-cpython-310/pychnosz/data/extdata/OBIGT/inorganic_cr.csv -> build/bdist.macosx-10.9-x86_64/wheel/./pychnosz/data/extdata/OBIGT
2025-12-29T00:58:59.4413540Z   copying build/lib.macosx-10.9-x86_64-cpython-310/pychnosz/data/extdata/OBIGT/H2O_aq.csv -> build/bdist.macosx-10.9-x86_64/wheel/./pychnosz/data/extdata/OBIGT
2025-12-29T00:58:59.4415710Z   copying build/lib.macosx-10.9-x86_64-cpython-310/pychnosz/data/extdata/OBIGT/SLOP98.csv -> build/bdist.macosx-10.9-x86_64/wheel/./pychnosz/data/extdata/OBIGT
2025-12-29T00:58:59.4417310Z   creating build/bdist.macosx-10.9-x86_64/wheel/pychnosz/data/extdata/OBIGT/testing
2025-12-29T00:58:59.4419600Z   copying build/lib.macosx-10.9-x86_64-cpython-310/pychnosz/data/extdata/OBIGT/testing/IGEM.csv -> build/bdist.macosx-10.9-x86_64/wheel/./pychnosz/data/extdata/OBIGT/testing
2025-12-29T00:58:59.4421970Z   copying build/lib.macosx-10.9-x86_64-cpython-310/pychnosz/data/extdata/OBIGT/testing/GEMSFIT.csv -> build/bdist.macosx-10.9-x86_64/wheel/./pychnosz/data/extdata/OBIGT/testing
2025-12-29T00:58:59.4424290Z   copying build/lib.macosx-10.9-x86_64-cpython-310/pychnosz/data/extdata/OBIGT/testing/Sandia.csv -> build/bdist.macosx-10.9-x86_64/wheel/./pychnosz/data/extdata/OBIGT/testing
2025-12-29T00:58:59.4426610Z   copying build/lib.macosx-10.9-x86_64-cpython-310/pychnosz/data/extdata/OBIGT/testing/SiO2.csv -> build/bdist.macosx-10.9-x86_64/wheel/./pychnosz/data/extdata/OBIGT/testing
2025-12-29T00:58:59.4429340Z   copying build/lib.macosx-10.9-x86_64-cpython-310/pychnosz/data/extdata/OBIGT/inorganic_aq.csv -> build/bdist.macosx-10.9-x86_64/wheel/./pychnosz/data/extdata/OBIGT
2025-12-29T00:58:59.4431570Z   copying build/lib.macosx-10.9-x86_64-cpython-310/pychnosz/data/extdata/OBIGT/organic_liq.csv -> build/bdist.macosx-10.9-x86_64/wheel/./pychnosz/data/extdata/OBIGT
2025-12-29T00:58:59.4434290Z   copying build/lib.macosx-10.9-x86_64-cpython-310/pychnosz/data/extdata/OBIGT/Berman_cr.csv -> build/bdist.macosx-10.9-x86_64/wheel/./pychnosz/data/extdata/OBIGT
2025-12-29T00:58:59.4436500Z   copying build/lib.macosx-10.9-x86_64-cpython-310/pychnosz/data/extdata/OBIGT/DEW.csv -> build/bdist.macosx-10.9-x86_64/wheel/./pychnosz/data/extdata/OBIGT
2025-12-29T00:58:59.4438720Z   copying build/lib.macosx-10.9-x86_64-cpython-310/pychnosz/data/extdata/OBIGT/organic_gas.csv -> build/bdist.macosx-10.9-x86_64/wheel/./pychnosz/data/extdata/OBIGT
2025-12-29T00:58:59.4440880Z   copying build/lib.macosx-10.9-x86_64-cpython-310/pychnosz/data/extdata/OBIGT/AD.csv -> build/bdist.macosx-10.9-x86_64/wheel/./pychnosz/data/extdata/OBIGT
2025-12-29T00:58:59.4442980Z   copying build/lib.macosx-10.9-x86_64-cpython-310/pychnosz/data/extdata/OBIGT/organic_cr.csv -> build/bdist.macosx-10.9-x86_64/wheel/./pychnosz/data/extdata/OBIGT
2025-12-29T00:58:59.4445170Z   copying build/lib.macosx-10.9-x86_64-cpython-310/pychnosz/data/extdata/OBIGT/inorganic_gas.csv -> build/bdist.macosx-10.9-x86_64/wheel/./pychnosz/data/extdata/OBIGT
2025-12-29T00:58:59.4447440Z   copying build/lib.macosx-10.9-x86_64-cpython-310/pychnosz/data/extdata/OBIGT/SUPCRT92.csv -> build/bdist.macosx-10.9-x86_64/wheel/./pychnosz/data/extdata/OBIGT
2025-12-29T00:58:59.4540600Z   creating build/bdist.macosx-10.9-x86_64/wheel/pychnosz/data/extdata/protein
2025-12-29T00:58:59.4559210Z   creating build/bdist.macosx-10.9-x86_64/wheel/pychnosz/data/extdata/protein/Cas
2025-12-29T00:58:59.4566620Z   copying build/lib.macosx-10.9-x86_64-cpython-310/pychnosz/data/extdata/protein/Cas/Cas_aa.csv -> build/bdist.macosx-10.9-x86_64/wheel/./pychnosz/data/extdata/protein/Cas
2025-12-29T00:58:59.4577370Z   copying build/lib.macosx-10.9-x86_64-cpython-310/pychnosz/data/extdata/protein/Cas/mkaa.R -> build/bdist.macosx-10.9-x86_64/wheel/./pychnosz/data/extdata/protein/Cas
2025-12-29T00:58:59.4580610Z   copying build/lib.macosx-10.9-x86_64-cpython-310/pychnosz/data/extdata/protein/Cas/download.R -> build/bdist.macosx-10.9-x86_64/wheel/./pychnosz/data/extdata/protein/Cas
2025-12-29T00:58:59.4599370Z   copying build/lib.macosx-10.9-x86_64-cpython-310/pychnosz/data/extdata/protein/Cas/Cas_uniprot.csv -> build/bdist.macosx-10.9-x86_64/wheel/./pychnosz/data/extdata/protein/Cas
2025-12-29T00:58:59.4611310Z   copying build/lib.macosx-10.9-x86_64-cpython-310/pychnosz/data/extdata/protein/rubisco.fasta -> build/bdist.macosx-10.9-x86_64/wheel/./pychnosz/data/extdata/protein
2025-12-29T00:58:59.4619910Z   copying build/lib.macosx-10.9-x86_64-cpython-310/pychnosz/data/extdata/protein/rubisco_aa.csv -> build/bdist.macosx-10.9-x86_64/wheel/./pychnosz/data/extdata/protein
2025-12-29T00:58:59.4630800Z   copying build/lib.macosx-10.9-x86_64-cpython-310/pychnosz/data/extdata/protein/TBD+05_aa.csv -> build/bdist.macosx-10.9-x86_64/wheel/./pychnosz/data/extdata/protein
2025-12-29T00:58:59.4639100Z   copying build/lib.macosx-10.9-x86_64-cpython-310/pychnosz/data/extdata/protein/rubisco.csv -> build/bdist.macosx-10.9-x86_64/wheel/./pychnosz/data/extdata/protein
2025-12-29T00:58:59.4646250Z   copying build/lib.macosx-10.9-x86_64-cpython-310/pychnosz/data/extdata/protein/POLG.csv -> build/bdist.macosx-10.9-x86_64/wheel/./pychnosz/data/extdata/protein
2025-12-29T00:58:59.4653560Z   copying build/lib.macosx-10.9-x86_64-cpython-310/pychnosz/data/extdata/protein/TBD+05.csv -> build/bdist.macosx-10.9-x86_64/wheel/./pychnosz/data/extdata/protein
2025-12-29T00:58:59.4663480Z   creating build/bdist.macosx-10.9-x86_64/wheel/pychnosz/data/extdata/thermo
2025-12-29T00:58:59.4671580Z   copying build/lib.macosx-10.9-x86_64-cpython-310/pychnosz/data/extdata/thermo/groups.csv -> build/bdist.macosx-10.9-x86_64/wheel/./pychnosz/data/extdata/thermo
2025-12-29T00:58:59.4683550Z   copying build/lib.macosx-10.9-x86_64-cpython-310/pychnosz/data/extdata/thermo/Bdot_acirc.csv -> build/bdist.macosx-10.9-x86_64/wheel/./pychnosz/data/extdata/thermo
2025-12-29T00:58:59.4688290Z   copying build/lib.macosx-10.9-x86_64-cpython-310/pychnosz/data/extdata/thermo/opt.csv -> build/bdist.macosx-10.9-x86_64/wheel/./pychnosz/data/extdata/thermo
2025-12-29T00:58:59.4695220Z   copying build/lib.macosx-10.9-x86_64-cpython-310/pychnosz/data/extdata/thermo/refs.csv -> build/bdist.macosx-10.9-x86_64/wheel/./pychnosz/data/extdata/thermo
2025-12-29T00:58:59.4705260Z   copying build/lib.macosx-10.9-x86_64-cpython-310/pychnosz/data/extdata/thermo/stoich.csv.xz -> build/bdist.macosx-10.9-x86_64/wheel/./pychnosz/data/extdata/thermo
2025-12-29T00:58:59.4717200Z   copying build/lib.macosx-10.9-x86_64-cpython-310/pychnosz/data/extdata/thermo/buffer.csv -> build/bdist.macosx-10.9-x86_64/wheel/./pychnosz/data/extdata/thermo
2025-12-29T00:58:59.4771510Z   copying build/lib.macosx-10.9-x86_64-cpython-310/pychnosz/data/extdata/thermo/protein.csv -> build/bdist.macosx-10.9-x86_64/wheel/./pychnosz/data/extdata/thermo
2025-12-29T00:58:59.4783860Z   copying build/lib.macosx-10.9-x86_64-cpython-310/pychnosz/data/extdata/thermo/element.csv -> build/bdist.macosx-10.9-x86_64/wheel/./pychnosz/data/extdata/thermo
2025-12-29T00:58:59.4786130Z   creating build/bdist.macosx-10.9-x86_64/wheel/pychnosz/data/extdata/taxonomy
2025-12-29T00:58:59.4819560Z   copying build/lib.macosx-10.9-x86_64-cpython-310/pychnosz/data/extdata/taxonomy/names.dmp -> build/bdist.macosx-10.9-x86_64/wheel/./pychnosz/data/extdata/taxonomy
2025-12-29T00:58:59.4821850Z   copying build/lib.macosx-10.9-x86_64-cpython-310/pychnosz/data/extdata/taxonomy/nodes.dmp -> build/bdist.macosx-10.9-x86_64/wheel/./pychnosz/data/extdata/taxonomy
2025-12-29T00:58:59.4872910Z   creating build/bdist.macosx-10.9-x86_64/wheel/pychnosz/data/extdata/Berman
2025-12-29T00:58:59.4878670Z   copying build/lib.macosx-10.9-x86_64-cpython-310/pychnosz/data/extdata/Berman/VGT92_1992.csv -> build/bdist.macosx-10.9-x86_64/wheel/./pychnosz/data/extdata/Berman
2025-12-29T00:58:59.4919140Z   copying build/lib.macosx-10.9-x86_64-cpython-310/pychnosz/data/extdata/Berman/VPT01_2001.csv -> build/bdist.macosx-10.9-x86_64/wheel/./pychnosz/data/extdata/Berman
2025-12-29T00:58:59.4925620Z   copying build/lib.macosx-10.9-x86_64-cpython-310/pychnosz/data/extdata/Berman/sympy.R -> build/bdist.macosx-10.9-x86_64/wheel/./pychnosz/data/extdata/Berman
2025-12-29T00:58:59.4936440Z   copying build/lib.macosx-10.9-x86_64-cpython-310/pychnosz/data/extdata/Berman/Got04_2004.csv -> build/bdist.macosx-10.9-x86_64/wheel/./pychnosz/data/extdata/Berman
2025-12-29T00:58:59.4943620Z   copying build/lib.macosx-10.9-x86_64-cpython-310/pychnosz/data/extdata/Berman/VPV05_2005.csv -> build/bdist.macosx-10.9-x86_64/wheel/./pychnosz/data/extdata/Berman
2025-12-29T00:58:59.4958330Z   creating build/bdist.macosx-10.9-x86_64/wheel/pychnosz/data/extdata/Berman/testing
2025-12-29T00:58:59.4963870Z   copying build/lib.macosx-10.9-x86_64-cpython-310/pychnosz/data/extdata/Berman/testing/BA96_OBIGT.csv -> build/bdist.macosx-10.9-x86_64/wheel/./pychnosz/data/extdata/Berman/testing
2025-12-29T00:58:59.4971440Z   copying build/lib.macosx-10.9-x86_64-cpython-310/pychnosz/data/extdata/Berman/testing/BA96_Berman.csv -> build/bdist.macosx-10.9-x86_64/wheel/./pychnosz/data/extdata/Berman/testing
2025-12-29T00:58:59.5003230Z   copying build/lib.macosx-10.9-x86_64-cpython-310/pychnosz/data/extdata/Berman/testing/BA96_refs.csv -> build/bdist.macosx-10.9-x86_64/wheel/./pychnosz/data/extdata/Berman/testing
2025-12-29T00:58:59.5011810Z   copying build/lib.macosx-10.9-x86_64-cpython-310/pychnosz/data/extdata/Berman/testing/BA96.bib -> build/bdist.macosx-10.9-x86_64/wheel/./pychnosz/data/extdata/Berman/testing
2025-12-29T00:58:59.5024340Z   copying build/lib.macosx-10.9-x86_64-cpython-310/pychnosz/data/extdata/Berman/DS10_2010.csv -> build/bdist.macosx-10.9-x86_64/wheel/./pychnosz/data/extdata/Berman
2025-12-29T00:58:59.5038140Z   copying build/lib.macosx-10.9-x86_64-cpython-310/pychnosz/data/extdata/Berman/JUN92_1992.csv -> build/bdist.macosx-10.9-x86_64/wheel/./pychnosz/data/extdata/Berman
2025-12-29T00:58:59.5059960Z   copying build/lib.macosx-10.9-x86_64-cpython-310/pychnosz/data/extdata/Berman/BDat17_2017.csv -> build/bdist.macosx-10.9-x86_64/wheel/./pychnosz/data/extdata/Berman
2025-12-29T00:58:59.5066520Z   copying build/lib.macosx-10.9-x86_64-cpython-310/pychnosz/data/extdata/Berman/ZS92_1992.csv -> build/bdist.macosx-10.9-x86_64/wheel/./pychnosz/data/extdata/Berman
2025-12-29T00:58:59.5094970Z   copying build/lib.macosx-10.9-x86_64-cpython-310/pychnosz/data/extdata/Berman/Ber90_1990.csv -> build/bdist.macosx-10.9-x86_64/wheel/./pychnosz/data/extdata/Berman
2025-12-29T00:58:59.5116820Z   copying build/lib.macosx-10.9-x86_64-cpython-310/pychnosz/data/extdata/Berman/FDM+14_2014.csv -> build/bdist.macosx-10.9-x86_64/wheel/./pychnosz/data/extdata/Berman
2025-12-29T00:58:59.5122320Z   copying build/lib.macosx-10.9-x86_64-cpython-310/pychnosz/data/extdata/Berman/Ber88_1988.csv -> build/bdist.macosx-10.9-x86_64/wheel/./pychnosz/data/extdata/Berman
2025-12-29T00:58:59.5141200Z   copying build/lib.macosx-10.9-x86_64-cpython-310/pychnosz/data/extdata/Berman/SHD91_1991.csv -> build/bdist.macosx-10.9-x86_64/wheel/./pychnosz/data/extdata/Berman
2025-12-29T00:58:59.5148000Z   creating build/bdist.macosx-10.9-x86_64/wheel/pychnosz/data/extdata/src
2025-12-29T00:58:59.5154930Z   copying build/lib.macosx-10.9-x86_64-cpython-310/pychnosz/data/extdata/src/H2O92D.f.orig -> build/bdist.macosx-10.9-x86_64/wheel/./pychnosz/data/extdata/src
2025-12-29T00:58:59.5165750Z   copying build/lib.macosx-10.9-x86_64-cpython-310/pychnosz/data/extdata/src/README.txt -> build/bdist.macosx-10.9-x86_64/wheel/./pychnosz/data/extdata/src
2025-12-29T00:58:59.5183410Z   copying build/lib.macosx-10.9-x86_64-cpython-310/pychnosz/data/worm.py -> build/bdist.macosx-10.9-x86_64/wheel/./pychnosz/data
2025-12-29T00:58:59.5203210Z   copying build/lib.macosx-10.9-x86_64-cpython-310/pychnosz/data/add_obigt.py -> build/bdist.macosx-10.9-x86_64/wheel/./pychnosz/data
2025-12-29T00:58:59.5226200Z   copying build/lib.macosx-10.9-x86_64-cpython-310/pychnosz/data/__init__.py -> build/bdist.macosx-10.9-x86_64/wheel/./pychnosz/data
2025-12-29T00:58:59.5241150Z   copying build/lib.macosx-10.9-x86_64-cpython-310/pychnosz/data/loader.py -> build/bdist.macosx-10.9-x86_64/wheel/./pychnosz/data
2025-12-29T00:58:59.5263110Z   copying build/lib.macosx-10.9-x86_64-cpython-310/pychnosz/data/mod_obigt.py -> build/bdist.macosx-10.9-x86_64/wheel/./pychnosz/data
2025-12-29T00:58:59.5273240Z   creating build/bdist.macosx-10.9-x86_64/wheel/pychnosz/geochemistry
2025-12-29T00:58:59.5281060Z   copying build/lib.macosx-10.9-x86_64-cpython-310/pychnosz/geochemistry/__init__.py -> build/bdist.macosx-10.9-x86_64/wheel/./pychnosz/geochemistry
2025-12-29T00:58:59.5292530Z   copying build/lib.macosx-10.9-x86_64-cpython-310/pychnosz/geochemistry/minerals.py -> build/bdist.macosx-10.9-x86_64/wheel/./pychnosz/geochemistry
2025-12-29T00:58:59.5304570Z   copying build/lib.macosx-10.9-x86_64-cpython-310/pychnosz/geochemistry/redox.py -> build/bdist.macosx-10.9-x86_64/wheel/./pychnosz/geochemistry
2025-12-29T00:58:59.5311700Z   running install_egg_info
2025-12-29T00:58:59.5376810Z   Copying pychnosz.egg-info to build/bdist.macosx-10.9-x86_64/wheel/./pychnosz-1.1.8-py3.10.egg-info
2025-12-29T00:58:59.5437350Z   running install_scripts
2025-12-29T00:58:59.5735730Z   creating build/bdist.macosx-10.9-x86_64/wheel/pychnosz-1.1.8.dist-info/WHEEL
2025-12-29T00:58:59.5746250Z   creating '/private/var/folders/6k/3_2ylbdd4rl8w3kbs55s3kk80000gn/T/pip-wheel-15ack8xn/.tmp-c67_nppu/pychnosz-1.1.8-cp310-cp310-macosx_15_0_x86_64.whl' and adding 'build/bdist.macosx-10.9-x86_64/wheel' to it
2025-12-29T00:58:59.5755080Z   adding 'pychnosz/__init__.py'
2025-12-29T00:58:59.5759240Z   adding 'pychnosz/biomolecules/__init__.py'
2025-12-29T00:58:59.5764440Z   adding 'pychnosz/biomolecules/ionize_aa.py'
2025-12-29T00:58:59.5783200Z   adding 'pychnosz/biomolecules/proteins.py'
2025-12-29T00:58:59.5788550Z   adding 'pychnosz/core/__init__.py'
2025-12-29T00:58:59.5819400Z   adding 'pychnosz/core/affinity.py'
2025-12-29T00:58:59.5833240Z   adding 'pychnosz/core/animation.py'
2025-12-29T00:58:59.5842120Z   adding 'pychnosz/core/balance.py'
2025-12-29T00:58:59.5852480Z   adding 'pychnosz/core/basis.py'
2025-12-29T00:58:59.5907640Z   adding 'pychnosz/core/diagram.py'
2025-12-29T00:58:59.5936210Z   adding 'pychnosz/core/equilibrate.py'
2025-12-29T00:58:59.5948110Z   adding 'pychnosz/core/equilibrium.py'
2025-12-29T00:58:59.5962790Z   adding 'pychnosz/core/info.py'
2025-12-29T00:58:59.5979770Z   adding 'pychnosz/core/retrieve.py'
2025-12-29T00:58:59.5996640Z   adding 'pychnosz/core/speciation.py'
2025-12-29T00:58:59.5998260Z   adding 'pychnosz/core/species.py'
2025-12-29T00:58:59.6027170Z   adding 'pychnosz/core/subcrt.py'
2025-12-29T00:58:59.6043690Z   adding 'pychnosz/core/thermo.py'
2025-12-29T00:58:59.6060900Z   adding 'pychnosz/core/unicurve.py'
2025-12-29T00:58:59.6066090Z   adding 'pychnosz/data/__init__.py'
2025-12-29T00:58:59.6073570Z   adding 'pychnosz/data/add_obigt.py'
2025-12-29T00:58:59.6080540Z   adding 'pychnosz/data/loader.py'
2025-12-29T00:58:59.6100780Z   adding 'pychnosz/data/mod_obigt.py'
2025-12-29T00:58:59.6107160Z   adding 'pychnosz/data/obigt.py'
2025-12-29T00:58:59.6114700Z   adding 'pychnosz/data/worm.py'
2025-12-29T00:58:59.6121830Z   adding 'pychnosz/data/extdata/Berman/BDat17_2017.csv'
2025-12-29T00:58:59.6129740Z   adding 'pychnosz/data/extdata/Berman/Ber88_1988.csv'
2025-12-29T00:58:59.6134890Z   adding 'pychnosz/data/extdata/Berman/Ber90_1990.csv'
2025-12-29T00:58:59.6138200Z   adding 'pychnosz/data/extdata/Berman/DS10_2010.csv'
2025-12-29T00:58:59.6139710Z   adding 'pychnosz/data/extdata/Berman/FDM+14_2014.csv'
2025-12-29T00:58:59.6140810Z   adding 'pychnosz/data/extdata/Berman/Got04_2004.csv'
2025-12-29T00:58:59.6155470Z   adding 'pychnosz/data/extdata/Berman/JUN92_1992.csv'
2025-12-29T00:58:59.6161030Z   adding 'pychnosz/data/extdata/Berman/SHD91_1991.csv'
2025-12-29T00:58:59.6164580Z   adding 'pychnosz/data/extdata/Berman/VGT92_1992.csv'
2025-12-29T00:58:59.6166250Z   adding 'pychnosz/data/extdata/Berman/VPT01_2001.csv'
2025-12-29T00:58:59.6167800Z   adding 'pychnosz/data/extdata/Berman/VPV05_2005.csv'
2025-12-29T00:58:59.6168460Z   adding 'pychnosz/data/extdata/Berman/ZS92_1992.csv'
2025-12-29T00:58:59.6169140Z   adding 'pychnosz/data/extdata/Berman/sympy.R'
2025-12-29T00:58:59.6172330Z   adding 'pychnosz/data/extdata/Berman/testing/BA96.bib'
2025-12-29T00:58:59.6178600Z   adding 'pychnosz/data/extdata/Berman/testing/BA96_Berman.csv'
2025-12-29T00:58:59.6185850Z   adding 'pychnosz/data/extdata/Berman/testing/BA96_OBIGT.csv'
2025-12-29T00:58:59.6190780Z   adding 'pychnosz/data/extdata/Berman/testing/BA96_refs.csv'
2025-12-29T00:58:59.6196370Z   adding 'pychnosz/data/extdata/OBIGT/AD.csv'
2025-12-29T00:58:59.6199980Z   adding 'pychnosz/data/extdata/OBIGT/Berman_cr.csv'
2025-12-29T00:58:59.6216570Z   adding 'pychnosz/data/extdata/OBIGT/DEW.csv'
2025-12-29T00:58:59.6219960Z   adding 'pychnosz/data/extdata/OBIGT/H2O_aq.csv'
2025-12-29T00:58:59.6255250Z   adding 'pychnosz/data/extdata/OBIGT/SLOP98.csv'
2025-12-29T00:58:59.6269620Z   adding 'pychnosz/data/extdata/OBIGT/SUPCRT92.csv'
2025-12-29T00:58:59.6326190Z   adding 'pychnosz/data/extdata/OBIGT/inorganic_aq.csv'
2025-12-29T00:58:59.6346990Z   adding 'pychnosz/data/extdata/OBIGT/inorganic_cr.csv'
2025-12-29T00:58:59.6348980Z   adding 'pychnosz/data/extdata/OBIGT/inorganic_gas.csv'
2025-12-29T00:58:59.6433240Z   adding 'pychnosz/data/extdata/OBIGT/organic_aq.csv'
2025-12-29T00:58:59.6461260Z   adding 'pychnosz/data/extdata/OBIGT/organic_cr.csv'
2025-12-29T00:58:59.6476020Z   adding 'pychnosz/data/extdata/OBIGT/organic_gas.csv'
2025-12-29T00:58:59.6503400Z   adding 'pychnosz/data/extdata/OBIGT/organic_liq.csv'
2025-12-29T00:58:59.6516440Z   adding 'pychnosz/data/extdata/OBIGT/testing/GEMSFIT.csv'
2025-12-29T00:58:59.6517400Z   adding 'pychnosz/data/extdata/OBIGT/testing/IGEM.csv'
2025-12-29T00:58:59.6526640Z   adding 'pychnosz/data/extdata/OBIGT/testing/Sandia.csv'
2025-12-29T00:58:59.6531480Z   adding 'pychnosz/data/extdata/OBIGT/testing/SiO2.csv'
2025-12-29T00:58:59.6532210Z   adding 'pychnosz/data/extdata/misc/AD03_Fig1a.csv'
2025-12-29T00:58:59.6539570Z   adding 'pychnosz/data/extdata/misc/AD03_Fig1b.csv'
2025-12-29T00:58:59.6540250Z   adding 'pychnosz/data/extdata/misc/AD03_Fig1c.csv'
2025-12-29T00:58:59.6544170Z   adding 'pychnosz/data/extdata/misc/AD03_Fig1d.csv'
2025-12-29T00:58:59.6553430Z   adding 'pychnosz/data/extdata/misc/BZA10.csv'
2025-12-29T00:58:59.6558060Z   adding 'pychnosz/data/extdata/misc/HW97_Cp.csv'
2025-12-29T00:58:59.6563820Z   adding 'pychnosz/data/extdata/misc/HWM96_V.csv'
2025-12-29T00:58:59.6566340Z   adding 'pychnosz/data/extdata/misc/LA19_test.csv'
2025-12-29T00:58:59.6567830Z   adding 'pychnosz/data/extdata/misc/Mer75_Table4.csv'
2025-12-29T00:58:59.6573570Z   adding 'pychnosz/data/extdata/misc/OBIGT_check.csv'
2025-12-29T00:58:59.6578770Z   adding 'pychnosz/data/extdata/misc/PM90.csv'
2025-12-29T00:58:59.6583410Z   adding 'pychnosz/data/extdata/misc/RH95.csv'
2025-12-29T00:58:59.6590750Z   adding 'pychnosz/data/extdata/misc/RH98_Table15.csv'
2025-12-29T00:58:59.6592470Z   adding 'pychnosz/data/extdata/misc/SC10_Rainbow.csv'
2025-12-29T00:58:59.6599270Z   adding 'pychnosz/data/extdata/misc/SK95.csv'
2025-12-29T00:58:59.6605550Z   adding 'pychnosz/data/extdata/misc/SOJSH.csv'
2025-12-29T00:58:59.6610490Z   adding 'pychnosz/data/extdata/misc/SS98_Fig5a.csv'
2025-12-29T00:58:59.6615230Z   adding 'pychnosz/data/extdata/misc/SS98_Fig5b.csv'
2025-12-29T00:58:59.6618700Z   adding 'pychnosz/data/extdata/misc/TKSS14_Fig2.csv'
2025-12-29T00:58:59.6625740Z   adding 'pychnosz/data/extdata/misc/bluered.txt'
2025-12-29T00:58:59.6630770Z   adding 'pychnosz/data/extdata/protein/POLG.csv'
2025-12-29T00:58:59.6636010Z   adding 'pychnosz/data/extdata/protein/TBD+05.csv'
2025-12-29T00:58:59.6677400Z   adding 'pychnosz/data/extdata/protein/TBD+05_aa.csv'
2025-12-29T00:58:59.6681330Z   adding 'pychnosz/data/extdata/protein/rubisco.csv'
2025-12-29T00:58:59.6689970Z   adding 'pychnosz/data/extdata/protein/rubisco.fasta'
2025-12-29T00:58:59.6696280Z   adding 'pychnosz/data/extdata/protein/rubisco_aa.csv'
2025-12-29T00:58:59.6711090Z   adding 'pychnosz/data/extdata/protein/Cas/Cas_aa.csv'
2025-12-29T00:58:59.6719000Z   adding 'pychnosz/data/extdata/protein/Cas/Cas_uniprot.csv'
2025-12-29T00:58:59.6726190Z   adding 'pychnosz/data/extdata/protein/Cas/download.R'
2025-12-29T00:58:59.6729140Z   adding 'pychnosz/data/extdata/protein/Cas/mkaa.R'
2025-12-29T00:58:59.6764000Z   adding 'pychnosz/data/extdata/src/H2O92D.f.orig'
2025-12-29T00:58:59.6816760Z   adding 'pychnosz/data/extdata/src/README.txt'
2025-12-29T00:58:59.6829210Z   adding 'pychnosz/data/extdata/taxonomy/names.dmp'
2025-12-29T00:58:59.6830340Z   adding 'pychnosz/data/extdata/taxonomy/nodes.dmp'
2025-12-29T00:58:59.6831300Z   adding 'pychnosz/data/extdata/thermo/Bdot_acirc.csv'
2025-12-29T00:58:59.6831940Z   adding 'pychnosz/data/extdata/thermo/buffer.csv'
2025-12-29T00:58:59.6832630Z   adding 'pychnosz/data/extdata/thermo/element.csv'
2025-12-29T00:58:59.6833250Z   adding 'pychnosz/data/extdata/thermo/groups.csv'
2025-12-29T00:58:59.6835820Z   adding 'pychnosz/data/extdata/thermo/opt.csv'
2025-12-29T00:58:59.6843060Z   adding 'pychnosz/data/extdata/thermo/protein.csv'
2025-12-29T00:58:59.6866190Z   adding 'pychnosz/data/extdata/thermo/refs.csv'
2025-12-29T00:58:59.6874630Z   adding 'pychnosz/data/extdata/thermo/stoich.csv.xz'
2025-12-29T00:58:59.6878810Z   adding 'pychnosz/fortran/__init__.py'
2025-12-29T00:58:59.6923030Z   adding 'pychnosz/fortran/h2o92.dylib'
2025-12-29T00:58:59.6932020Z   adding 'pychnosz/fortran/h2o92_interface.py'
2025-12-29T00:58:59.6935720Z   adding 'pychnosz/geochemistry/__init__.py'
2025-12-29T00:58:59.6942820Z   adding 'pychnosz/geochemistry/minerals.py'
2025-12-29T00:58:59.6949970Z   adding 'pychnosz/geochemistry/redox.py'
2025-12-29T00:58:59.6954080Z   adding 'pychnosz/models/__init__.py'
2025-12-29T00:58:59.6958460Z   adding 'pychnosz/models/archer_wang.py'
2025-12-29T00:58:59.6966480Z   adding 'pychnosz/models/berman.py'
2025-12-29T00:58:59.6973450Z   adding 'pychnosz/models/cgl.py'
2025-12-29T00:58:59.6985790Z   adding 'pychnosz/models/dew.py'
2025-12-29T00:58:59.6997290Z   adding 'pychnosz/models/hkf.py'
2025-12-29T00:58:59.7011770Z   adding 'pychnosz/models/hkf_helpers.py'
2025-12-29T00:58:59.7018230Z   adding 'pychnosz/models/iapws95.py'
2025-12-29T00:58:59.7024330Z   adding 'pychnosz/models/supcrt92_fortran.py'
2025-12-29T00:58:59.7031910Z   adding 'pychnosz/models/water.py'
2025-12-29T00:58:59.7035560Z   adding 'pychnosz/utils/__init__.py'
2025-12-29T00:58:59.7046690Z   adding 'pychnosz/utils/expression.py'
2025-12-29T00:58:59.7065440Z   adding 'pychnosz/utils/formula.py'
2025-12-29T00:58:59.7072650Z   adding 'pychnosz/utils/formula_ox.py'
2025-12-29T00:58:59.7078280Z   adding 'pychnosz/utils/reset.py'
2025-12-29T00:58:59.7083820Z   adding 'pychnosz/utils/units.py'
2025-12-29T00:58:59.7093000Z   adding 'pychnosz-1.1.8.dist-info/licenses/LICENSE.txt'
2025-12-29T00:58:59.7097000Z   adding 'pychnosz-1.1.8.dist-info/METADATA'
2025-12-29T00:58:59.7098930Z   adding 'pychnosz-1.1.8.dist-info/WHEEL'
2025-12-29T00:58:59.7100240Z   adding 'pychnosz-1.1.8.dist-info/top_level.txt'
2025-12-29T00:58:59.7109990Z   adding 'pychnosz-1.1.8.dist-info/RECORD'
2025-12-29T00:58:59.7126950Z   removing build/bdist.macosx-10.9-x86_64/wheel
2025-12-29T00:58:59.7598340Z   Building wheel for pychnosz (pyproject.toml): finished with status 'done'
2025-12-29T00:58:59.7631540Z   Created wheel for pychnosz: filename=pychnosz-1.1.8-cp310-cp310-macosx_15_0_x86_64.whl size=628403 sha256=42b4bf63d99b99da42d294da2967fcfe803cbd5ae6d7669326991f55d3fe01a9
2025-12-29T00:58:59.7633920Z   Stored in directory: /private/var/folders/6k/3_2ylbdd4rl8w3kbs55s3kk80000gn/T/pip-ephem-wheel-cache-pz24y92g/wheels/67/18/f0/ddbf3a471dc273fd64fd9cc74383d6172a757d20a7f9d96c37
2025-12-29T00:58:59.7683920Z Successfully built pychnosz
2025-12-29T00:59:00.0054670Z ##[endgroup]
2025-12-29T00:59:00.0689460Z                                                               [32m✓ [0m5.30s
2025-12-29T00:59:00.0774490Z ##[group]Repairing wheel...
2025-12-29T00:59:00.0906140Z 
2025-12-29T00:59:00.0948300Z + delocate-wheel --require-archs x86_64 -w /private/var/folders/6k/3_2ylbdd4rl8w3kbs55s3kk80000gn/T/cibw-run-1oxoukq_/cp310-macosx_x86_64/repaired_wheel -v /private/var/folders/6k/3_2ylbdd4rl8w3kbs55s3kk80000gn/T/cibw-run-1oxoukq_/cp310-macosx_x86_64/built_wheel/pychnosz-1.1.8-cp310-cp310-macosx_15_0_x86_64.whl
2025-12-29T00:59:01.1918370Z INFO:delocate.delocating:Copying library /usr/local/Cellar/gcc/15.2.0/lib/gcc/current/libgfortran.5.dylib to pychnosz/.dylibs/libgfortran.5.dylib
2025-12-29T00:59:01.2085550Z INFO:delocate.delocating:Copying library /usr/local/Cellar/gcc/15.2.0/lib/gcc/current/libgcc_s.1.1.dylib to pychnosz/.dylibs/libgcc_s.1.1.dylib
2025-12-29T00:59:01.2123590Z INFO:delocate.delocating:Copying library /usr/local/Cellar/gcc/15.2.0/lib/gcc/current/libquadmath.0.dylib to pychnosz/.dylibs/libquadmath.0.dylib
2025-12-29T00:59:01.2143740Z INFO:delocate.delocating:Modifying install name in pychnosz/fortran/h2o92.dylib from /usr/local/opt/gcc/lib/gcc/current/libgcc_s.1.1.dylib to @loader_path/../.dylibs/libgcc_s.1.1.dylib
2025-12-29T00:59:02.3178010Z INFO:delocate.delocating:Modifying install name in pychnosz/.dylibs/libgfortran.5.dylib from @rpath/libgcc_s.1.1.dylib to @loader_path/libgcc_s.1.1.dylib
2025-12-29T00:59:02.4490900Z INFO:delocate.delocating:Modifying install name in pychnosz/fortran/h2o92.dylib from /usr/local/opt/gcc/lib/gcc/current/libgfortran.5.dylib to @loader_path/../.dylibs/libgfortran.5.dylib
2025-12-29T00:59:02.5491920Z INFO:delocate.delocating:Modifying install name in pychnosz/fortran/h2o92.dylib from /usr/local/opt/gcc/lib/gcc/current/libquadmath.0.dylib to @loader_path/../.dylibs/libquadmath.0.dylib
2025-12-29T00:59:02.6383700Z INFO:delocate.delocating:Modifying install name in pychnosz/.dylibs/libgfortran.5.dylib from @rpath/libquadmath.0.dylib to @loader_path/libquadmath.0.dylib
2025-12-29T00:59:02.7832460Z INFO:delocate.tools:Sanitize: Deleting rpath '@loader_path' from '/private/var/folders/6k/3_2ylbdd4rl8w3kbs55s3kk80000gn/T/tmp0_0z46l3/wheel/pychnosz/fortran/h2o92.dylib'
2025-12-29T00:59:02.8032260Z INFO:delocate.tools:Sanitize: Deleting rpath '/usr/local/Cellar/gcc/15.2.0/lib/gcc/current/gcc/x86_64-apple-darwin24/15' from '/private/var/folders/6k/3_2ylbdd4rl8w3kbs55s3kk80000gn/T/tmp0_0z46l3/wheel/pychnosz/fortran/h2o92.dylib'
2025-12-29T00:59:02.8244860Z INFO:delocate.tools:Sanitize: Deleting rpath '/usr/local/Cellar/gcc/15.2.0/lib/gcc/current/gcc' from '/private/var/folders/6k/3_2ylbdd4rl8w3kbs55s3kk80000gn/T/tmp0_0z46l3/wheel/pychnosz/fortran/h2o92.dylib'
2025-12-29T00:59:02.8478600Z INFO:delocate.tools:Sanitize: Deleting rpath '/usr/local/Cellar/gcc/15.2.0/lib/gcc/current' from '/private/var/folders/6k/3_2ylbdd4rl8w3kbs55s3kk80000gn/T/tmp0_0z46l3/wheel/pychnosz/fortran/h2o92.dylib'
2025-12-29T00:59:02.9215440Z INFO:delocate.tools:Sanitize: Deleting rpath '@loader_path' from '/private/var/folders/6k/3_2ylbdd4rl8w3kbs55s3kk80000gn/T/tmp0_0z46l3/wheel/pychnosz/.dylibs/libgfortran.5.dylib'
2025-12-29T00:59:04.0142250Z INFO:delocate.delocating:Output:/private/var/folders/6k/3_2ylbdd4rl8w3kbs55s3kk80000gn/T/cibw-run-1oxoukq_/cp310-macosx_x86_64/repaired_wheel/pychnosz-1.1.8-cp310-cp310-macosx_15_0_x86_64.whl
2025-12-29T00:59:04.0144700Z Fixing: /private/var/folders/6k/3_2ylbdd4rl8w3kbs55s3kk80000gn/T/cibw-run-1oxoukq_/cp310-macosx_x86_64/built_wheel/pychnosz-1.1.8-cp310-cp310-macosx_15_0_x86_64.whl
2025-12-29T00:59:04.0157690Z Copied to package .dylibs directory:
2025-12-29T00:59:04.0158960Z   /usr/local/Cellar/gcc/15.2.0/lib/gcc/current/libgcc_s.1.1.dylib
2025-12-29T00:59:04.0160270Z   /usr/local/Cellar/gcc/15.2.0/lib/gcc/current/libgfortran.5.dylib
2025-12-29T00:59:04.0161590Z   /usr/local/Cellar/gcc/15.2.0/lib/gcc/current/libquadmath.0.dylib
2025-12-29T00:59:04.0259740Z ##[endgroup]
2025-12-29T00:59:04.0260420Z                                                               [32m✓ [0m4.03s
2025-12-29T00:59:04.0261060Z + python -sSc 'import platform; print(platform.machine())'
2025-12-29T00:59:04.0717090Z ##[group]Testing wheel...
2025-12-29T00:59:04.0717500Z 
2025-12-29T00:59:04.0718840Z + pip install virtualenv -c /Library/Frameworks/Python.framework/Versions/3.11/lib/python3.11/site-packages/cibuildwheel/resources/constraints-python310.txt
2025-12-29T00:59:04.8721670Z Collecting virtualenv
2025-12-29T00:59:04.9127790Z   Downloading virtualenv-20.27.1-py3-none-any.whl.metadata (4.5 kB)
2025-12-29T00:59:04.9343910Z Collecting distlib<1,>=0.3.7 (from virtualenv)
2025-12-29T00:59:04.9409490Z   Downloading distlib-0.3.9-py2.py3-none-any.whl.metadata (5.2 kB)
2025-12-29T00:59:04.9863470Z Collecting filelock<4,>=3.12.2 (from virtualenv)
2025-12-29T00:59:04.9923970Z   Downloading filelock-3.16.1-py3-none-any.whl.metadata (2.9 kB)
2025-12-29T00:59:05.0382160Z Collecting platformdirs<5,>=3.9.1 (from virtualenv)
2025-12-29T00:59:05.0453390Z   Downloading platformdirs-4.3.6-py3-none-any.whl.metadata (11 kB)
2025-12-29T00:59:05.0662240Z Downloading virtualenv-20.27.1-py3-none-any.whl (3.1 MB)
2025-12-29T00:59:05.1080640Z    ━━━━━━━━━━━━━━━━━━━━━━━━━━━━━━━━━━━━━━━━ 3.1/3.1 MB 81.6 MB/s eta 0:00:00
2025-12-29T00:59:05.1168260Z Downloading distlib-0.3.9-py2.py3-none-any.whl (468 kB)
2025-12-29T00:59:05.1454330Z Downloading filelock-3.16.1-py3-none-any.whl (16 kB)
2025-12-29T00:59:05.1657450Z Downloading platformdirs-4.3.6-py3-none-any.whl (18 kB)
2025-12-29T00:59:05.2094900Z Installing collected packages: distlib, platformdirs, filelock, virtualenv
2025-12-29T00:59:05.4632710Z Successfully installed distlib-0.3.9 filelock-3.16.1 platformdirs-4.3.6 virtualenv-20.27.1
2025-12-29T00:59:05.5466250Z + python -m virtualenv --no-periodic-update --pip=24.3.1 --setuptools=embed --wheel=embed /private/var/folders/6k/3_2ylbdd4rl8w3kbs55s3kk80000gn/T/cibw-run-1oxoukq_/cp310-macosx_x86_64/venv-test-x86_64
2025-12-29T00:59:06.8855840Z created virtual environment CPython3.10.11.final.0-64 in 1173ms
2025-12-29T00:59:06.8857540Z   creator CPython3Posix(dest=/private/var/folders/6k/3_2ylbdd4rl8w3kbs55s3kk80000gn/T/cibw-run-1oxoukq_/cp310-macosx_x86_64/venv-test-x86_64, clear=False, no_vcs_ignore=False, global=False)
2025-12-29T00:59:06.8859740Z   seeder FromAppData(download=False, pip=24.3.1, setuptools=embed, wheel=embed, via=copy, app_data_dir=/Users/runner/Library/Application Support/virtualenv)
2025-12-29T00:59:06.8861090Z     added seed packages: pip==24.3.1, setuptools==75.2.0, wheel==0.44.0
2025-12-29T00:59:06.8862280Z   activators BashActivator,CShellActivator,FishActivator,NushellActivator,PowerShellActivator,PythonActivator
2025-12-29T00:59:06.9174550Z + which python
2025-12-29T00:59:06.9230900Z /private/var/folders/6k/3_2ylbdd4rl8w3kbs55s3kk80000gn/T/cibw-run-1oxoukq_/cp310-macosx_x86_64/venv-test-x86_64/bin/python
2025-12-29T00:59:06.9234260Z + pip install /private/var/folders/6k/3_2ylbdd4rl8w3kbs55s3kk80000gn/T/cibw-run-1oxoukq_/cp310-macosx_x86_64/repaired_wheel/pychnosz-1.1.8-cp310-cp310-macosx_15_0_x86_64.whl
2025-12-29T00:59:08.0085760Z Processing /private/var/folders/6k/3_2ylbdd4rl8w3kbs55s3kk80000gn/T/cibw-run-1oxoukq_/cp310-macosx_x86_64/repaired_wheel/pychnosz-1.1.8-cp310-cp310-macosx_15_0_x86_64.whl
2025-12-29T00:59:08.5034530Z Collecting numpy>=1.20.0 (from pychnosz==1.1.8)
2025-12-29T00:59:08.5912100Z   Downloading numpy-2.2.6-cp310-cp310-macosx_14_0_x86_64.whl.metadata (62 kB)
2025-12-29T00:59:08.7694380Z Collecting pandas>=1.3.0 (from pychnosz==1.1.8)
2025-12-29T00:59:08.7812650Z   Downloading pandas-2.3.3-cp310-cp310-macosx_10_9_x86_64.whl.metadata (91 kB)
2025-12-29T00:59:09.2366710Z Collecting scipy>=1.7.0 (from pychnosz==1.1.8)
2025-12-29T00:59:09.3224560Z   Downloading scipy-1.15.3-cp310-cp310-macosx_14_0_x86_64.whl.metadata (61 kB)
2025-12-29T00:59:09.8135150Z Collecting matplotlib>=3.3.0 (from pychnosz==1.1.8)
2025-12-29T00:59:09.8609100Z   Downloading matplotlib-3.10.8-cp310-cp310-macosx_10_12_x86_64.whl.metadata (52 kB)
2025-12-29T00:59:10.1829200Z Collecting contourpy>=1.0.1 (from matplotlib>=3.3.0->pychnosz==1.1.8)
2025-12-29T00:59:10.2149010Z   Downloading contourpy-1.3.2-cp310-cp310-macosx_10_9_x86_64.whl.metadata (5.5 kB)
2025-12-29T00:59:10.3066250Z Collecting cycler>=0.10 (from matplotlib>=3.3.0->pychnosz==1.1.8)
2025-12-29T00:59:10.3406540Z   Downloading cycler-0.12.1-py3-none-any.whl.metadata (3.8 kB)
2025-12-29T00:59:11.2339480Z Collecting fonttools>=4.22.0 (from matplotlib>=3.3.0->pychnosz==1.1.8)
2025-12-29T00:59:11.2742990Z   Downloading fonttools-4.61.1-cp310-cp310-macosx_10_9_x86_64.whl.metadata (114 kB)
2025-12-29T00:59:11.5255860Z Collecting kiwisolver>=1.3.1 (from matplotlib>=3.3.0->pychnosz==1.1.8)
2025-12-29T00:59:11.5663060Z   Downloading kiwisolver-1.4.9-cp310-cp310-macosx_10_9_x86_64.whl.metadata (6.3 kB)
2025-12-29T00:59:11.6364210Z Collecting packaging>=20.0 (from matplotlib>=3.3.0->pychnosz==1.1.8)
2025-12-29T00:59:11.6408320Z   Using cached packaging-25.0-py3-none-any.whl.metadata (3.3 kB)
2025-12-29T00:59:12.0432630Z Collecting pillow>=8 (from matplotlib>=3.3.0->pychnosz==1.1.8)
2025-12-29T00:59:12.0538560Z   Downloading pillow-12.0.0-cp310-cp310-macosx_10_10_x86_64.whl.metadata (8.8 kB)
2025-12-29T00:59:12.2102580Z Collecting pyparsing>=3 (from matplotlib>=3.3.0->pychnosz==1.1.8)
2025-12-29T00:59:12.2865040Z   Downloading pyparsing-3.3.1-py3-none-any.whl.metadata (5.6 kB)
2025-12-29T00:59:12.3922110Z Collecting python-dateutil>=2.7 (from matplotlib>=3.3.0->pychnosz==1.1.8)
2025-12-29T00:59:12.4662060Z   Downloading python_dateutil-2.9.0.post0-py2.py3-none-any.whl.metadata (8.4 kB)
2025-12-29T00:59:12.4966350Z Collecting pytz>=2020.1 (from pandas>=1.3.0->pychnosz==1.1.8)
2025-12-29T00:59:12.5082030Z   Downloading pytz-2025.2-py2.py3-none-any.whl.metadata (22 kB)
2025-12-29T00:59:12.5481000Z Collecting tzdata>=2022.7 (from pandas>=1.3.0->pychnosz==1.1.8)
2025-12-29T00:59:12.5551670Z   Downloading tzdata-2025.3-py2.py3-none-any.whl.metadata (1.4 kB)
2025-12-29T00:59:12.6182750Z Collecting six>=1.5 (from python-dateutil>=2.7->matplotlib>=3.3.0->pychnosz==1.1.8)
2025-12-29T00:59:12.6249470Z   Downloading six-1.17.0-py2.py3-none-any.whl.metadata (1.7 kB)
2025-12-29T00:59:12.6678900Z Downloading matplotlib-3.10.8-cp310-cp310-macosx_10_12_x86_64.whl (8.2 MB)
2025-12-29T00:59:12.7872890Z    ━━━━━━━━━━━━━━━━━━━━━━━━━━━━━━━━━━━━━━━━ 8.2/8.2 MB 82.9 MB/s eta 0:00:00
2025-12-29T00:59:12.7970840Z Downloading numpy-2.2.6-cp310-cp310-macosx_14_0_x86_64.whl (6.9 MB)
2025-12-29T00:59:12.8832340Z    ━━━━━━━━━━━━━━━━━━━━━━━━━━━━━━━━━━━━━━━━ 6.9/6.9 MB 80.0 MB/s eta 0:00:00
2025-12-29T00:59:12.8934560Z Downloading pandas-2.3.3-cp310-cp310-macosx_10_9_x86_64.whl (11.6 MB)
2025-12-29T00:59:13.0229630Z    ━━━━━━━━━━━━━━━━━━━━━━━━━━━━━━━━━━━━━━━━ 11.6/11.6 MB 89.7 MB/s eta 0:00:00
2025-12-29T00:59:13.0335580Z Downloading scipy-1.15.3-cp310-cp310-macosx_14_0_x86_64.whl (25.1 MB)
2025-12-29T00:59:13.5146800Z    ━━━━━━━━━━━━━━━━━━━━━━━━━━━━━━━━━━━━━━━━ 25.1/25.1 MB 52.0 MB/s eta 0:00:00
2025-12-29T00:59:13.5263720Z Downloading contourpy-1.3.2-cp310-cp310-macosx_10_9_x86_64.whl (268 kB)
2025-12-29T00:59:13.7089480Z Downloading cycler-0.12.1-py3-none-any.whl (8.3 kB)
2025-12-29T00:59:13.7271190Z Downloading fonttools-4.61.1-cp310-cp310-macosx_10_9_x86_64.whl (2.4 MB)
2025-12-29T00:59:13.7751530Z    ━━━━━━━━━━━━━━━━━━━━━━━━━━━━━━━━━━━━━━━━ 2.4/2.4 MB 49.0 MB/s eta 0:00:00
2025-12-29T00:59:13.7930750Z Downloading kiwisolver-1.4.9-cp310-cp310-macosx_10_9_x86_64.whl (66 kB)
2025-12-29T00:59:13.8135220Z Using cached packaging-25.0-py3-none-any.whl (66 kB)
2025-12-29T00:59:13.8228610Z Downloading pillow-12.0.0-cp310-cp310-macosx_10_10_x86_64.whl (5.3 MB)
2025-12-29T00:59:13.9561410Z    ━━━━━━━━━━━━━━━━━━━━━━━━━━━━━━━━━━━━━━━━ 5.3/5.3 MB 39.1 MB/s eta 0:00:00
2025-12-29T00:59:13.9644200Z Downloading pyparsing-3.3.1-py3-none-any.whl (121 kB)
2025-12-29T00:59:14.0001270Z Downloading python_dateutil-2.9.0.post0-py2.py3-none-any.whl (229 kB)
2025-12-29T00:59:14.0176860Z Downloading pytz-2025.2-py2.py3-none-any.whl (509 kB)
2025-12-29T00:59:14.0354780Z Downloading tzdata-2025.3-py2.py3-none-any.whl (348 kB)
2025-12-29T00:59:14.0550810Z Downloading six-1.17.0-py2.py3-none-any.whl (11 kB)
2025-12-29T00:59:14.4400130Z Installing collected packages: pytz, tzdata, six, pyparsing, pillow, packaging, numpy, kiwisolver, fonttools, cycler, scipy, python-dateutil, contourpy, pandas, matplotlib, pychnosz
2025-12-29T00:59:18.2679670Z ##[error]The operation was canceled.
2025-12-29T00:59:18.2858350Z Post job cleanup.
2025-12-29T00:59:18.4316740Z [command]/usr/local/bin/git version
2025-12-29T00:59:18.4421350Z git version 2.50.1
2025-12-29T00:59:18.4466740Z Copying '/Users/runner/.gitconfig' to '/Users/runner/work/_temp/16769dd2-30e4-45af-a809-ee59c2d4cc44/.gitconfig'
2025-12-29T00:59:18.4492100Z Temporarily overriding HOME='/Users/runner/work/_temp/16769dd2-30e4-45af-a809-ee59c2d4cc44' before making global git config changes
2025-12-29T00:59:18.4493670Z Adding repository directory to the temporary git global config as a safe directory
2025-12-29T00:59:18.4497550Z [command]/usr/local/bin/git config --global --add safe.directory /Users/runner/work/pychnosz/pychnosz
2025-12-29T00:59:18.4613220Z [command]/usr/local/bin/git config --local --name-only --get-regexp core\.sshCommand
2025-12-29T00:59:18.4724480Z [command]/usr/local/bin/git submodule foreach --recursive sh -c "git config --local --name-only --get-regexp 'core\.sshCommand' && git config --local --unset-all 'core.sshCommand' || :"
2025-12-29T00:59:18.6296860Z [command]/usr/local/bin/git config --local --name-only --get-regexp http\.https\:\/\/github\.com\/\.extraheader
2025-12-29T00:59:18.6411090Z http.https://github.com/.extraheader
2025-12-29T00:59:18.6431030Z [command]/usr/local/bin/git config --local --unset-all http.https://github.com/.extraheader
2025-12-29T00:59:18.6654010Z [command]/usr/local/bin/git submodule foreach --recursive sh -c "git config --local --name-only --get-regexp 'http\.https\:\/\/github\.com\/\.extraheader' && git config --local --unset-all 'http.https://github.com/.extraheader' || :"
2025-12-29T00:59:18.8096100Z [command]/usr/local/bin/git config --local --name-only --get-regexp ^includeIf\.gitdir:
2025-12-29T00:59:18.8195730Z [command]/usr/local/bin/git submodule foreach --recursive git config --local --show-origin --name-only --get-regexp remote.origin.url
2025-12-29T00:59:18.9818460Z Cleaning up orphan processes
2025-12-29T00:59:19.1346560Z Terminate orphan process: pid (42444) (Python)
2025-12-29T00:59:19.3171860Z Terminate orphan process: pid (40938) (Python)
